Archive member included to satisfy reference by file (symbol)

app/libapp.a(Axis.cpp.obj)    (--whole-archive)
app/libapp.a(main.cpp.obj)    (--whole-archive)
zephyr/libzephyr.a(heap.c.obj)
                              (--whole-archive)
zephyr/libzephyr.a(cbprintf_packaged.c.obj)
                              (--whole-archive)
zephyr/libzephyr.a(printk.c.obj)
                              (--whole-archive)
zephyr/libzephyr.a(sem.c.obj)
                              (--whole-archive)
zephyr/libzephyr.a(thread_entry.c.obj)
                              (--whole-archive)
zephyr/libzephyr.a(cbprintf_complete.c.obj)
                              (--whole-archive)
zephyr/libzephyr.a(cbprintf.c.obj)
                              (--whole-archive)
zephyr/libzephyr.a(assert.c.obj)
                              (--whole-archive)
zephyr/libzephyr.a(mpsc_pbuf.c.obj)
                              (--whole-archive)
zephyr/libzephyr.a(dec.c.obj)
                              (--whole-archive)
zephyr/libzephyr.a(hex.c.obj)
                              (--whole-archive)
zephyr/libzephyr.a(rb.c.obj)  (--whole-archive)
zephyr/libzephyr.a(timeutil.c.obj)
                              (--whole-archive)
zephyr/libzephyr.a(bitarray.c.obj)
                              (--whole-archive)
zephyr/libzephyr.a(ring_buffer.c.obj)
                              (--whole-archive)
zephyr/libzephyr.a(configs.c.obj)
                              (--whole-archive)
zephyr/libzephyr.a(soc.c.obj)
                              (--whole-archive)
zephyr/libzephyr.a(mpu_regions.c.obj)
                              (--whole-archive)
zephyr/libzephyr.a(log_core.c.obj)
                              (--whole-archive)
zephyr/libzephyr.a(log_mgmt.c.obj)
                              (--whole-archive)
zephyr/libzephyr.a(log_cache.c.obj)
                              (--whole-archive)
zephyr/libzephyr.a(log_msg.c.obj)
                              (--whole-archive)
zephyr/libzephyr.a(log_output.c.obj)
                              (--whole-archive)
zephyr/libzephyr.a(log_backend_uart.c.obj)
                              (--whole-archive)
zephyr/libzephyr.a(mem_attr.c.obj)
                              (--whole-archive)
zephyr/libzephyr.a(tracing_none.c.obj)
                              (--whole-archive)
zephyr/libzephyr.a(usb_device.c.obj)
                              (--whole-archive)
zephyr/libzephyr.a(usb_descriptor.c.obj)
                              (--whole-archive)
zephyr/libzephyr.a(usb_transfer.c.obj)
                              (--whole-archive)
zephyr/libzephyr.a(cdc_acm.c.obj)
                              (--whole-archive)
zephyr/libzephyr.a(usb_work_q.c.obj)
                              (--whole-archive)
zephyr/arch/common/libarch__common.a(sw_isr_common.c.obj)
                              (--whole-archive)
zephyr/arch/arch/arm/core/libarch__arm__core.a(fatal.c.obj)
                              (--whole-archive)
zephyr/arch/arch/arm/core/libarch__arm__core.a(nmi.c.obj)
                              (--whole-archive)
zephyr/arch/arch/arm/core/libarch__arm__core.a(nmi_on_reset.S.obj)
                              (--whole-archive)
zephyr/arch/arch/arm/core/cortex_m/libarch__arm__core__cortex_m.a(exc_exit.c.obj)
                              (--whole-archive)
zephyr/arch/arch/arm/core/cortex_m/libarch__arm__core__cortex_m.a(fault.c.obj)
                              (--whole-archive)
zephyr/arch/arch/arm/core/cortex_m/libarch__arm__core__cortex_m.a(fault_s.S.obj)
                              (--whole-archive)
zephyr/arch/arch/arm/core/cortex_m/libarch__arm__core__cortex_m.a(fpu.c.obj)
                              (--whole-archive)
zephyr/arch/arch/arm/core/cortex_m/libarch__arm__core__cortex_m.a(reset.S.obj)
                              (--whole-archive)
zephyr/arch/arch/arm/core/cortex_m/libarch__arm__core__cortex_m.a(scb.c.obj)
                              (--whole-archive)
zephyr/arch/arch/arm/core/cortex_m/libarch__arm__core__cortex_m.a(thread_abort.c.obj)
                              (--whole-archive)
zephyr/arch/arch/arm/core/cortex_m/libarch__arm__core__cortex_m.a(vector_table.S.obj)
                              (--whole-archive)
zephyr/arch/arch/arm/core/cortex_m/libarch__arm__core__cortex_m.a(swap.c.obj)
                              (--whole-archive)
zephyr/arch/arch/arm/core/cortex_m/libarch__arm__core__cortex_m.a(swap_helper.S.obj)
                              (--whole-archive)
zephyr/arch/arch/arm/core/cortex_m/libarch__arm__core__cortex_m.a(irq_manage.c.obj)
                              (--whole-archive)
zephyr/arch/arch/arm/core/cortex_m/libarch__arm__core__cortex_m.a(prep_c.c.obj)
                              (--whole-archive)
zephyr/arch/arch/arm/core/cortex_m/libarch__arm__core__cortex_m.a(thread.c.obj)
                              (--whole-archive)
zephyr/arch/arch/arm/core/cortex_m/libarch__arm__core__cortex_m.a(cpu_idle.c.obj)
                              (--whole-archive)
[...]
Memory Configuration

Name             Origin             Length             Attributes
FLASH            0x0000000060000000 0x0000000000800000 xr
RAM              0x0000000020280000 0x0000000000040000 xw
ITCM             0x0000000000000000 0x0000000000020000
DTCM             0x0000000020000000 0x0000000000020000
OCRAM            0x0000000020280000 0x0000000000040000
OCRAM2           0x0000000020200000 0x0000000000080000
IDT_LIST         0x00000000ffff7fff 0x0000000000008000 xw
*default*        0x0000000000000000 0xffffffffffffffff

Linker script and memory map

LOAD zephyr/CMakeFiles/zephyr_final.dir/misc/empty_file.c.obj
LOAD zephyr/CMakeFiles/zephyr_final.dir/isr_tables.c.obj
LOAD zephyr/CMakeFiles/offsets.dir/./arch/arm/core/offsets/offsets.c.obj
LOAD app/libapp.a
LOAD zephyr/libzephyr.a
LOAD zephyr/arch/common/libarch__common.a
LOAD zephyr/arch/arch/arm/core/libarch__arm__core.a
LOAD zephyr/arch/arch/arm/core/cortex_m/libarch__arm__core__cortex_m.a
LOAD zephyr/arch/arch/arm/core/mpu/libarch__arm__core__mpu.a
LOAD zephyr/lib/libc/newlib/liblib__libc__newlib.a
LOAD zephyr/lib/libc/common/liblib__libc__common.a
LOAD zephyr/boards/pjrc/teensy4/libboards__pjrc__teensy4.a
LOAD zephyr/drivers/usb/device/libdrivers__usb__device.a
LOAD zephyr/drivers/clock_control/libdrivers__clock_control.a
LOAD zephyr/drivers/console/libdrivers__console.a
LOAD zephyr/drivers/gpio/libdrivers__gpio.a
LOAD zephyr/drivers/hwinfo/libdrivers__hwinfo.a
LOAD zephyr/drivers/memc/libdrivers__memc.a
LOAD zephyr/drivers/pinctrl/libdrivers__pinctrl.a
LOAD zephyr/drivers/serial/libdrivers__serial.a
LOAD zephyr/drivers/timer/libdrivers__timer.a
LOAD modules/hal_nxp/hal_nxp/lib..__modules__hal__nxp.a
LOAD zephyr/kernel/libkernel.a
LOAD zephyr/arch/common/libisr_tables.a
LOAD /home/rowan/zephyr-sdk-0.17.0/arm-zephyr-eabi/arm-zephyr-eabi/lib/thumb/v7e-m/nofp/libm.a
LOAD /home/rowan/zephyr-sdk-0.17.0/arm-zephyr-eabi/arm-zephyr-eabi/lib/thumb/v7e-m/nofp/libc.a
LOAD /home/rowan/zephyr-sdk-0.17.0/arm-zephyr-eabi/bin/../lib/gcc/arm-zephyr-eabi/12.2.0/thumb/v7e-m/nofp/libgcc.a
LOAD /home/rowan/zephyr-sdk-0.17.0/arm-zephyr-eabi/arm-zephyr-eabi/lib/thumb/v7e-m/nofp/libc.a
                0x0000000000000020                _region_min_align = 0x20

.rel.plt        0x0000000060000000        0x0
 *(SORT_BY_ALIGNMENT(.rel.plt))
                [!provide]                        PROVIDE (__rel_iplt_start = .)
 *(SORT_BY_ALIGNMENT(.rel.iplt))
 .rel.iplt      0x0000000060000000        0x0 zephyr/CMakeFiles/zephyr_final.dir/isr_tables.c.obj
                [!provide]                        PROVIDE (__rel_iplt_end = .)

.rela.plt       0x0000000000000000        0x0
 *(SORT_BY_ALIGNMENT(.rela.plt))
                [!provide]                        PROVIDE (__rela_iplt_start = .)
 *(SORT_BY_ALIGNMENT(.rela.iplt))
                [!provide]                        PROVIDE (__rela_iplt_end = .)

.rel.dyn
 *(SORT_BY_ALIGNMENT(.rel.*))

.rela.dyn
 *(SORT_BY_ALIGNMENT(.rela.*))

/DISCARD/
 *(SORT_BY_ALIGNMENT(.plt))

/DISCARD/
 *(SORT_BY_ALIGNMENT(.iplt))
                0x0000000060000000                __rom_region_start = 0x60000000

rom_start       0x0000000060000000     0x22c0
                0x0000000060000000                __rom_start_address = .
 FILL mask 0x00
                0x0000000000000000                . = 0x0
 *(SORT_BY_ALIGNMENT(.boot_hdr.conf))
 .boot_hdr.conf
                0x0000000060000000      0x200 zephyr/boards/pjrc/teensy4/libboards__pjrc__teensy4.a(flexspi_nor_config.c.obj)
                0x0000000060000000                Qspiflash_config
                0x0000000000001000                . = 0x1000
 *fill*         0x0000000060000200      0xe00 00
 *(SORT_BY_ALIGNMENT(.boot_hdr.ivt))
 .boot_hdr.ivt  0x0000000060001000       0x20 zephyr/libzephyr.a(soc.c.obj)
                0x0000000060001000                image_vector_table
 *(SORT_BY_ALIGNMENT(.boot_hdr.data))
 .boot_hdr.data
                0x0000000060001020       0x10 zephyr/libzephyr.a(soc.c.obj)
                0x0000000060001020                boot_data
                0x0000000060002000                . = (. + (0x2000 - (. - __rom_start_address)))
 *fill*         0x0000000060001030      0xfd0 00
                0x0000000060002000                . = ALIGN (0x4)
                0x0000000060002000                . = ALIGN (0x80)
                0x0000000060002000                . = ALIGN (0x400)
                0x0000000060002000                _vector_start = .
 *(SORT_BY_ALIGNMENT(.exc_vector_table))
 *(SORT_BY_ALIGNMENT(.exc_vector_table.*))
 .exc_vector_table._vector_table_section
                0x0000000060002000       0x40 zephyr/arch/arch/arm/core/cortex_m/libarch__arm__core__cortex_m.a(vector_table.S.obj)
                0x0000000060002000                _vector_table
 *(SORT_BY_ALIGNMENT(.vectors))
                0x00000000600022c0                _vector_end = .
                0x0000000060002040                . = ALIGN (0x4)
 *(SORT_BY_ALIGNMENT(.gnu.linkonce.irq_vector_table*))
 .gnu.linkonce.irq_vector_table
                0x0000000060002040      0x280 zephyr/CMakeFiles/zephyr_final.dir/isr_tables.c.obj
                0x0000000060002040                _irq_vector_table
                0x00000000600022c0                _vector_end = .

text            0x00000000600022c0    0x13dbc
                0x00000000600022c0                __text_region_start = .
 *(SORT_BY_ALIGNMENT(.text))
 .text          0x00000000600022c0       0xdc /home/rowan/zephyr-sdk-0.17.0/arm-zephyr-eabi/arm-zephyr-eabi/lib/thumb/v7e-m/nofp/libc.a(lib_a-strlen.o)
                0x00000000600022c0                strlen
 *fill*         0x000000006000239c        0x4 
 .text          0x00000000600023a0       0xa0 /home/rowan/zephyr-sdk-0.17.0/arm-zephyr-eabi/arm-zephyr-eabi/lib/thumb/v7e-m/nofp/libc.a(lib_a-memchr.o)
                0x00000000600023a0                memchr
 .text          0x0000000060002440      0x134 /home/rowan/zephyr-sdk-0.17.0/arm-zephyr-eabi/arm-zephyr-eabi/lib/thumb/v7e-m/nofp/libc.a(lib_a-memcpy.o)
                0x0000000060002440                memcpy
 .text          0x0000000060002574      0x378 /home/rowan/zephyr-sdk-0.17.0/arm-zephyr-eabi/bin/../lib/gcc/arm-zephyr-eabi/12.2.0/thumb/v7e-m/nofp/libgcc.a(_arm_addsubdf3.o)
                0x0000000060002574                __aeabi_drsub
                0x000000006000257c                __aeabi_dsub
                0x000000006000257c                __subdf3
                0x0000000060002580                __adddf3
                0x0000000060002580                __aeabi_dadd
                0x00000000600027f8                __aeabi_ui2d
                0x00000000600027f8                __floatunsidf
                0x0000000060002818                __floatsidf
                0x0000000060002818                __aeabi_i2d
                0x000000006000283c                __extendsfdf2
                0x000000006000283c                __aeabi_f2d
                0x0000000060002880                __aeabi_ul2d
                0x0000000060002880                __floatundidf
                0x0000000060002890                __floatdidf
                0x0000000060002890                __aeabi_l2d
 .text          0x00000000600028ec      0x424 /home/rowan/zephyr-sdk-0.17.0/arm-zephyr-eabi/bin/../lib/gcc/arm-zephyr-eabi/12.2.0/thumb/v7e-m/nofp/libgcc.a(_arm_muldivdf3.o)
                0x00000000600028ec                __aeabi_dmul
                0x00000000600028ec                __muldf3
                0x0000000060002b40                __aeabi_ddiv
                0x0000000060002b40                __divdf3
 .text          0x0000000060002d10      0x110 /home/rowan/zephyr-sdk-0.17.0/arm-zephyr-eabi/bin/../lib/gcc/arm-zephyr-eabi/12.2.0/thumb/v7e-m/nofp/libgcc.a(_arm_cmpdf2.o)
                0x0000000060002d10                __gtdf2
                0x0000000060002d10                __gedf2
                0x0000000060002d18                __ltdf2
                0x0000000060002d18                __ledf2
                0x0000000060002d20                __cmpdf2
                0x0000000060002d20                __eqdf2
                0x0000000060002d20                __nedf2
                0x0000000060002d9c                __aeabi_cdrcmple
                0x0000000060002dac                __aeabi_cdcmple
                0x0000000060002dac                __aeabi_cdcmpeq
                0x0000000060002dbc                __aeabi_dcmpeq
                0x0000000060002dd0                __aeabi_dcmplt
                0x0000000060002de4                __aeabi_dcmple
                0x0000000060002df8                __aeabi_dcmpge
                0x0000000060002e0c                __aeabi_dcmpgt
 .text          0x0000000060002e20       0x2c /home/rowan/zephyr-sdk-0.17.0/arm-zephyr-eabi/bin/../lib/gcc/arm-zephyr-eabi/12.2.0/thumb/v7e-m/nofp/libgcc.a(_arm_unorddf2.o)
                0x0000000060002e20                __aeabi_dcmpun
                0x0000000060002e20                __unorddf2
 .text          0x0000000060002e4c       0x50 /home/rowan/zephyr-sdk-0.17.0/arm-zephyr-eabi/bin/../lib/gcc/arm-zephyr-eabi/12.2.0/thumb/v7e-m/nofp/libgcc.a(_arm_fixdfsi.o)
                0x0000000060002e4c                __fixdfsi
                0x0000000060002e4c                __aeabi_d2iz
 .text          0x0000000060002e9c       0x40 /home/rowan/zephyr-sdk-0.17.0/arm-zephyr-eabi/bin/../lib/gcc/arm-zephyr-eabi/12.2.0/thumb/v7e-m/nofp/libgcc.a(_arm_fixunsdfsi.o)
                0x0000000060002e9c                __fixunsdfsi
                0x0000000060002e9c                __aeabi_d2uiz
 .text          0x0000000060002edc       0xa0 /home/rowan/zephyr-sdk-0.17.0/arm-zephyr-eabi/bin/../lib/gcc/arm-zephyr-eabi/12.2.0/thumb/v7e-m/nofp/libgcc.a(_arm_truncdfsf2.o)
                0x0000000060002edc                __aeabi_d2f
                0x0000000060002edc                __truncdfsf2
 .text          0x0000000060002f7c      0x21c /home/rowan/zephyr-sdk-0.17.0/arm-zephyr-eabi/bin/../lib/gcc/arm-zephyr-eabi/12.2.0/thumb/v7e-m/nofp/libgcc.a(_arm_addsubsf3.o)
                0x0000000060002f7c                __aeabi_frsub
                0x0000000060002f84                __subsf3
                0x0000000060002f84                __aeabi_fsub
                0x0000000060002f88                __aeabi_fadd
                0x0000000060002f88                __addsf3
                0x00000000600030e8                __aeabi_ui2f
                0x00000000600030e8                __floatunsisf
                0x00000000600030f0                __aeabi_i2f
                0x00000000600030f0                __floatsisf
                0x000000006000310c                __floatundisf
                0x000000006000310c                __aeabi_ul2f
                0x000000006000311c                __floatdisf
                0x000000006000311c                __aeabi_l2f
 .text          0x0000000060003198      0x2a0 /home/rowan/zephyr-sdk-0.17.0/arm-zephyr-eabi/bin/../lib/gcc/arm-zephyr-eabi/12.2.0/thumb/v7e-m/nofp/libgcc.a(_arm_muldivsf3.o)
                0x0000000060003198                __mulsf3
                0x0000000060003198                __aeabi_fmul
                0x0000000060003300                __divsf3
                0x0000000060003300                __aeabi_fdiv
 .text          0x0000000060003438       0xec /home/rowan/zephyr-sdk-0.17.0/arm-zephyr-eabi/bin/../lib/gcc/arm-zephyr-eabi/12.2.0/thumb/v7e-m/nofp/libgcc.a(_arm_cmpsf2.o)
                0x0000000060003438                __gtsf2
                0x0000000060003438                __gesf2
                0x0000000060003440                __lesf2
                0x0000000060003440                __ltsf2
                0x0000000060003448                __nesf2
                0x0000000060003448                __eqsf2
                0x0000000060003448                __cmpsf2
                0x00000000600034a8                __aeabi_cfrcmple
                0x00000000600034b0                __aeabi_cfcmple
                0x00000000600034b0                __aeabi_cfcmpeq
                0x00000000600034c0                __aeabi_fcmpeq
                0x00000000600034d4                __aeabi_fcmplt
                0x00000000600034e8                __aeabi_fcmple
                0x00000000600034fc                __aeabi_fcmpge
                0x0000000060003510                __aeabi_fcmpgt
 .text          0x0000000060003524       0x4c /home/rowan/zephyr-sdk-0.17.0/arm-zephyr-eabi/bin/../lib/gcc/arm-zephyr-eabi/12.2.0/thumb/v7e-m/nofp/libgcc.a(_arm_fixsfsi.o)
                0x0000000060003524                __fixsfsi
                0x0000000060003524                __aeabi_f2iz
 .text          0x0000000060003570       0x30 /home/rowan/zephyr-sdk-0.17.0/arm-zephyr-eabi/bin/../lib/gcc/arm-zephyr-eabi/12.2.0/thumb/v7e-m/nofp/libgcc.a(_aeabi_uldivmod.o)
                0x0000000060003570                __aeabi_uldivmod
 .text          0x00000000600035a0       0x3c /home/rowan/zephyr-sdk-0.17.0/arm-zephyr-eabi/bin/../lib/gcc/arm-zephyr-eabi/12.2.0/thumb/v7e-m/nofp/libgcc.a(_fixunsdfdi.o)
                0x00000000600035a0                __aeabi_d2ulz
                0x00000000600035a0                __fixunsdfdi
 .text          0x00000000600035dc        0x4 /home/rowan/zephyr-sdk-0.17.0/arm-zephyr-eabi/bin/../lib/gcc/arm-zephyr-eabi/12.2.0/thumb/v7e-m/nofp/libgcc.a(_dvmd_tls.o)
                0x00000000600035dc                __aeabi_ldiv0
                0x00000000600035dc                __aeabi_idiv0
 .text          0x00000000600035e0       0x2e /home/rowan/zephyr-sdk-0.17.0/arm-zephyr-eabi/bin/../lib/gcc/arm-zephyr-eabi/12.2.0/thumb/v7e-m/nofp/libgcc.a(_fixdfdi.o)
                0x00000000600035e0                __aeabi_d2lz
                0x00000000600035e0                __fixdfdi
 .text          0x000000006000360e      0x2a0 /home/rowan/zephyr-sdk-0.17.0/arm-zephyr-eabi/bin/../lib/gcc/arm-zephyr-eabi/12.2.0/thumb/v7e-m/nofp/libgcc.a(_udivmoddi4.o)
                0x000000006000360e                __udivmoddi4
 *(SORT_BY_ALIGNMENT(.text.*))
 *fill*         0x00000000600038ae        0x2 
 .text._Z22degPerSecToUsecPerStepfi
                0x00000000600038b0       0x6c app/libapp.a(main.cpp.obj)
                0x00000000600038b0                degPerSecToUsecPerStep(float, int)
 *fill*         0x000000006000391c        0x4 
 .text._Z19accelTimer_callbackP7k_timer
                0x0000000060003920      0x21c app/libapp.a(main.cpp.obj)
                0x0000000060003920                accelTimer_callback(k_timer*)
 *fill*         0x0000000060003b3c        0x4 
 .text._strtod_l
                0x0000000060003b40      0xfb0 /home/rowan/zephyr-sdk-0.17.0/arm-zephyr-eabi/arm-zephyr-eabi/lib/thumb/v7e-m/nofp/libc.a(lib_a-strtod.o)
                0x0000000060003b40                _strtod_l
 .text._dtoa_r  0x0000000060004af0      0xe48 /home/rowan/zephyr-sdk-0.17.0/arm-zephyr-eabi/arm-zephyr-eabi/lib/thumb/v7e-m/nofp/libc.a(lib_a-dtoa.o)
                0x0000000060004af0                _dtoa_r
 .text._ZN4Axis6attachEv
                0x0000000060005938       0x9c app/libapp.a(Axis.cpp.obj)
                0x0000000060005938                Axis::attach()
 .text._Z31pingStepPosition_timer_callbackP7k_timer
                0x00000000600059d4       0x5c app/libapp.a(main.cpp.obj)
                0x00000000600059d4                pingStepPosition_timer_callback(k_timer*)
 .text._Z24pingSpeed_timer_callbackP7k_timer
                0x0000000060005a30       0x80 app/libapp.a(main.cpp.obj)
                0x0000000060005a30                pingSpeed_timer_callback(k_timer*)
 .text._Z7sendMsgPKc
                0x0000000060005ab0       0x28 app/libapp.a(main.cpp.obj)
                0x0000000060005ab0                sendMsg(char const*)
 .text._Z10testLimitsv
                0x0000000060005ad8       0x20 app/libapp.a(main.cpp.obj)
                0x0000000060005ad8                testLimits()
 .text._Z30parseAbsoluteTargetVelocityCmdPh
                0x0000000060005af8      0x144 app/libapp.a(main.cpp.obj)
                0x0000000060005af8                parseAbsoluteTargetVelocityCmd(unsigned char*)
 .text._Z12angleToStepsfi
                0x0000000060005c3c       0x40 app/libapp.a(main.cpp.obj)
                0x0000000060005c3c                angleToSteps(float, int)
 .text._Z30parseAbsoluteTargetPositionCmdPh
                0x0000000060005c7c      0x168 app/libapp.a(main.cpp.obj)
                0x0000000060005c7c                parseAbsoluteTargetPositionCmd(unsigned char*)
 .text._Z15parseSettingCmdPh
                0x0000000060005de4      0x21c app/libapp.a(main.cpp.obj)
                0x0000000060005de4                parseSettingCmd(unsigned char*)
 .text._Z12stepsToAngleii
                0x0000000060006000       0x4c app/libapp.a(main.cpp.obj)
                0x0000000060006000                stepsToAngle(int, int)
 .text._Z12updateAnglesv
                0x000000006000604c       0x28 app/libapp.a(main.cpp.obj)
                0x000000006000604c                updateAngles()
 .text._Z32pingAnglePosition_timer_callbackP7k_timer
                0x0000000060006074       0x98 app/libapp.a(main.cpp.obj)
                0x0000000060006074                pingAnglePosition_timer_callback(k_timer*)
 .text._Z33parseIncrementalTargetPositionCmdPh
                0x000000006000610c      0x124 app/libapp.a(main.cpp.obj)
                0x000000006000610c                parseIncrementalTargetPositionCmd(unsigned char*)
 .text._Z8set_gpioiii
                0x0000000060006230       0x54 app/libapp.a(main.cpp.obj)
                0x0000000060006230                set_gpio(int, int, int)
 .text._Z8stepAxisi
                0x0000000060006284       0xd8 app/libapp.a(main.cpp.obj)
                0x0000000060006284                stepAxis(int)
 .text._Z22stepper_timer_callbackP7k_timer
                0x000000006000635c       0xd0 app/libapp.a(main.cpp.obj)
                0x000000006000635c                stepper_timer_callback(k_timer*)
 .text._Z8get_gpioii
                0x000000006000642c       0x5c app/libapp.a(main.cpp.obj)
                0x000000006000642c                get_gpio(int, int)
 .text._Z19comm_timer_callbackP7k_timer
                0x0000000060006488       0x68 app/libapp.a(main.cpp.obj)
                0x0000000060006488                comm_timer_callback(k_timer*)
 .text._Z19home_timer_callbackP7k_timer
                0x00000000600064f0      0x160 app/libapp.a(main.cpp.obj)
                0x00000000600064f0                home_timer_callback(k_timer*)
 .text._Z12parseHomeCmdPh
                0x0000000060006650      0x134 app/libapp.a(main.cpp.obj)
                0x0000000060006650                parseHomeCmd(unsigned char*)
 .text._Z8parseCmdPh
                0x0000000060006784       0xa4 app/libapp.a(main.cpp.obj)
                0x0000000060006784                parseCmd(unsigned char*)
 .text._ZL17interrupt_handlerPK6devicePv
                0x0000000060006828      0x104 app/libapp.a(main.cpp.obj)
 .text.main     0x000000006000692c      0x68c app/libapp.a(main.cpp.obj)
                0x000000006000692c                main
 .text._GLOBAL__sub_I_log_const_cdc_acm_echo
                0x0000000060006fb8       0x50 app/libapp.a(main.cpp.obj)
 .text.cbvprintf_package
                0x0000000060007008      0x3a4 zephyr/libzephyr.a(cbprintf_packaged.c.obj)
                0x0000000060007008                cbvprintf_package
 .text.cbprintf_package_convert
                0x00000000600073ac      0x3cc zephyr/libzephyr.a(cbprintf_packaged.c.obj)
                0x00000000600073ac                cbprintf_package_convert
 .text.__printk_hook_install
                0x0000000060007778        0xc zephyr/libzephyr.a(printk.c.obj)
                0x0000000060007778                __printk_hook_install
 .text.vsnprintk
                0x0000000060007784       0x2c zephyr/libzephyr.a(printk.c.obj)
                0x0000000060007784                vsnprintk
 .text.extract_decimal
                0x00000000600077b0       0x2c zephyr/libzephyr.a(cbprintf_complete.c.obj)
 .text.encode_uint
                0x00000000600077dc       0x9c zephyr/libzephyr.a(cbprintf_complete.c.obj)
 .text.z_cbvprintf_impl
                0x0000000060007878      0x76c zephyr/libzephyr.a(cbprintf_complete.c.obj)
                0x0000000060007878                z_cbvprintf_impl
 .text.soc_early_init_hook
                0x0000000060007fe4       0xe8 zephyr/libzephyr.a(soc.c.obj)
                0x0000000060007fe4                soc_early_init_hook
 .text.soc_reset_hook
                0x00000000600080cc       0x20 zephyr/libzephyr.a(soc.c.obj)
                0x00000000600080cc                soc_reset_hook
 .text.activate_foreach_backend
                0x00000000600080ec       0x64 zephyr/libzephyr.a(log_core.c.obj)
 .text.enable_logger
                0x0000000060008150       0x5c zephyr/libzephyr.a(log_core.c.obj)
 .text.log_process_thread_timer_expiry_fn
                0x00000000600081ac        0xc zephyr/libzephyr.a(log_core.c.obj)
 .text.z_log_init
                0x00000000600081b8       0x8c zephyr/libzephyr.a(log_core.c.obj)
 .text.log_format_func_t_get
                0x0000000060008244        0xc zephyr/libzephyr.a(log_core.c.obj)
                0x0000000060008244                log_format_func_t_get
 .text.log_set_timestamp_func
                0x0000000060008250       0x20 zephyr/libzephyr.a(log_core.c.obj)
                0x0000000060008250                log_set_timestamp_func
 .text.z_log_notify_backend_enabled
                0x0000000060008270       0x1c zephyr/libzephyr.a(log_core.c.obj)
                0x0000000060008270                z_log_notify_backend_enabled
 .text.z_log_dropped
                0x000000006000828c       0x44 zephyr/libzephyr.a(log_core.c.obj)
                0x000000006000828c                z_log_dropped
 .text.z_log_dropped_read_and_clear
                0x00000000600082d0       0x20 zephyr/libzephyr.a(log_core.c.obj)
                0x00000000600082d0                z_log_dropped_read_and_clear
 .text.dropped_notify
                0x00000000600082f0       0x30 zephyr/libzephyr.a(log_core.c.obj)
                0x00000000600082f0                dropped_notify
 .text.z_log_msg_init
                0x0000000060008320       0x20 zephyr/libzephyr.a(log_core.c.obj)
                0x0000000060008320                z_log_msg_init
 .text.log_core_init
                0x0000000060008340       0x34 zephyr/libzephyr.a(log_core.c.obj)
                0x0000000060008340                log_core_init
 .text.z_log_msg_alloc
                0x0000000060008374       0x10 zephyr/libzephyr.a(log_core.c.obj)
                0x0000000060008374                z_log_msg_alloc
 .text.z_log_msg_local_claim
                0x0000000060008384        0xc zephyr/libzephyr.a(log_core.c.obj)
                0x0000000060008384                z_log_msg_local_claim
 .text.z_log_msg_free
                0x0000000060008390       0x10 zephyr/libzephyr.a(log_core.c.obj)
                0x0000000060008390                z_log_msg_free
 .text.z_log_msg_pending
                0x00000000600083a0        0xc zephyr/libzephyr.a(log_core.c.obj)
                0x00000000600083a0                z_log_msg_pending
 .text.z_impl_log_process
                0x00000000600083ac       0xb0 zephyr/libzephyr.a(log_core.c.obj)
                0x00000000600083ac                z_impl_log_process
 .text.z_impl_log_panic
                0x000000006000845c       0x44 zephyr/libzephyr.a(log_core.c.obj)
                0x000000006000845c                z_impl_log_panic
 .text.log_process_thread_func
                0x00000000600084a0       0x9c zephyr/libzephyr.a(log_core.c.obj)
 .text.z_log_msg_post_finalize
                0x000000006000853c       0x78 zephyr/libzephyr.a(log_core.c.obj)
 .text.z_log_msg_commit
                0x00000000600085b4       0x24 zephyr/libzephyr.a(log_core.c.obj)
                0x00000000600085b4                z_log_msg_commit
 .text.log_source_name_get
                0x00000000600085d8       0x1c zephyr/libzephyr.a(log_mgmt.c.obj)
                0x00000000600085d8                log_source_name_get
 .text.log_backend_enable
                0x00000000600085f4       0x28 zephyr/libzephyr.a(log_mgmt.c.obj)
                0x00000000600085f4                log_backend_enable
 .text.z_impl_z_log_msg_static_create
                0x000000006000861c      0x108 zephyr/libzephyr.a(log_msg.c.obj)
                0x000000006000861c                z_impl_z_log_msg_static_create
 .text.z_log_msg_runtime_vcreate
                0x0000000060008724       0xa0 zephyr/libzephyr.a(log_msg.c.obj)
                0x0000000060008724                z_log_msg_runtime_vcreate
 .text.log_msg_get_source_id
                0x00000000600087c4       0x18 zephyr/libzephyr.a(log_msg.c.obj)
                0x00000000600087c4                log_msg_get_source_id
 .text.print_formatted
                0x00000000600087dc       0x24 zephyr/libzephyr.a(log_output.c.obj)
 .text.newline_print
                0x0000000060008800       0x1c zephyr/libzephyr.a(log_output.c.obj)
 .text.log_output_process
                0x000000006000881c      0x2dc zephyr/libzephyr.a(log_output.c.obj)
                0x000000006000881c                log_output_process
 .text.log_output_dropped_process
                0x0000000060008af8       0x58 zephyr/libzephyr.a(log_output.c.obj)
                0x0000000060008af8                log_output_dropped_process
 .text.log_output_timestamp_freq_set
                0x0000000060008b50       0x2c zephyr/libzephyr.a(log_output.c.obj)
                0x0000000060008b50                log_output_timestamp_freq_set
 .text.char_out
                0x0000000060008b7c       0x24 zephyr/libzephyr.a(log_backend_uart.c.obj)
 .text.mem_attr_get_regions
                0x0000000060008ba0        0xc zephyr/libzephyr.a(mem_attr.c.obj)
                0x0000000060008ba0                mem_attr_get_regions
 .text.class_handler
                0x0000000060008bac       0x40 zephyr/libzephyr.a(usb_device.c.obj)
 .text.custom_handler
                0x0000000060008bec       0x60 zephyr/libzephyr.a(usb_device.c.obj)
 .text.vendor_handler
                0x0000000060008c4c       0x3c zephyr/libzephyr.a(usb_device.c.obj)
 .text.usb_reset_alt_setting
                0x0000000060008c88       0x10 zephyr/libzephyr.a(usb_device.c.obj)
 .text.is_ep_valid.part.0
                0x0000000060008c98       0x38 zephyr/libzephyr.a(usb_device.c.obj)
 .text.usb_handle_request.constprop.0
                0x0000000060008cd0       0x2c zephyr/libzephyr.a(usb_device.c.obj)
 .text.usb_halt_endpoint_req.isra.0
                0x0000000060008cfc       0x50 zephyr/libzephyr.a(usb_device.c.obj)
 .text.get_ep_bm_from_addr.part.0
                0x0000000060008d4c       0x1c zephyr/libzephyr.a(usb_device.c.obj)
 .text.forward_status_cb
                0x0000000060008d68       0xb0 zephyr/libzephyr.a(usb_device.c.obj)
 .text.disable_endpoint
                0x0000000060008e18       0x48 zephyr/libzephyr.a(usb_device.c.obj)
 .text.set_endpoint
                0x0000000060008e60       0xa4 zephyr/libzephyr.a(usb_device.c.obj)
 .text.usb_handle_standard_request
                0x0000000060008f04      0x29c zephyr/libzephyr.a(usb_device.c.obj)
 .text.usb_data_to_host
                0x00000000600091a0       0x60 zephyr/libzephyr.a(usb_device.c.obj)
 .text.usb_handle_control_transfer
                0x0000000060009200       0xf4 zephyr/libzephyr.a(usb_device.c.obj)
 .text.usb_set_config
                0x00000000600092f4       0x2c zephyr/libzephyr.a(usb_device.c.obj)
                0x00000000600092f4                usb_set_config
 .text.usb_enable
                0x0000000060009320      0x158 zephyr/libzephyr.a(usb_device.c.obj)
                0x0000000060009320                usb_enable
 .text.usb_update_sn_string_descriptor
                0x0000000060009478       0x8c zephyr/libzephyr.a(usb_descriptor.c.obj)
                0x0000000060009478                usb_update_sn_string_descriptor
 .text.usb_get_device_descriptor
                0x0000000060009504      0x23c zephyr/libzephyr.a(usb_descriptor.c.obj)
                0x0000000060009504                usb_get_device_descriptor
 .text.usb_ep_get_transfer
                0x0000000060009740       0x28 zephyr/libzephyr.a(usb_transfer.c.obj)
 .text.usb_transfer_work
                0x0000000060009768      0x118 zephyr/libzephyr.a(usb_transfer.c.obj)
 .text.usb_transfer_ep_callback
                0x0000000060009880       0x6c zephyr/libzephyr.a(usb_transfer.c.obj)
                0x0000000060009880                usb_transfer_ep_callback
 .text.usb_transfer
                0x00000000600098ec      0x118 zephyr/libzephyr.a(usb_transfer.c.obj)
                0x00000000600098ec                usb_transfer
 .text.usb_cancel_transfer
                0x0000000060009a04       0x3c zephyr/libzephyr.a(usb_transfer.c.obj)
                0x0000000060009a04                usb_cancel_transfer
 .text.usb_cancel_transfers
                0x0000000060009a40       0x44 zephyr/libzephyr.a(usb_transfer.c.obj)
                0x0000000060009a40                usb_cancel_transfers
 .text.usb_transfer_init
                0x0000000060009a84       0x30 zephyr/libzephyr.a(usb_transfer.c.obj)
                0x0000000060009a84                usb_transfer_init
 .text.cdc_acm_class_handle_req
                0x0000000060009ab4       0x78 zephyr/libzephyr.a(cdc_acm.c.obj)
                0x0000000060009ab4                cdc_acm_class_handle_req
 .text.cdc_acm_irq_rx_enable
                0x0000000060009b2c       0x20 zephyr/libzephyr.a(cdc_acm.c.obj)
 .text.cdc_acm_irq_tx_enable
                0x0000000060009b4c       0x20 zephyr/libzephyr.a(cdc_acm.c.obj)
 .text.cdc_acm_write_cb
                0x0000000060009b6c       0x54 zephyr/libzephyr.a(cdc_acm.c.obj)
 .text.cdc_acm_fifo_fill
                0x0000000060009bc0       0x3c zephyr/libzephyr.a(cdc_acm.c.obj)
 .text.cdc_acm_reset_port
                0x0000000060009bfc       0x3c zephyr/libzephyr.a(cdc_acm.c.obj)
 .text.tx_work_handler
                0x0000000060009c38       0x68 zephyr/libzephyr.a(cdc_acm.c.obj)
 .text.cdc_acm_dev_status_cb.part.0
                0x0000000060009ca0       0x2c zephyr/libzephyr.a(cdc_acm.c.obj)
 .text.cdc_acm_init
                0x0000000060009ccc       0x48 zephyr/libzephyr.a(cdc_acm.c.obj)
 .text.cdc_acm_send_notification.isra.0
                0x0000000060009d14       0x44 zephyr/libzephyr.a(cdc_acm.c.obj)
 .text.cdc_acm_poll_out
                0x0000000060009d58       0x84 zephyr/libzephyr.a(cdc_acm.c.obj)
 .text.cdc_acm_int_in.part.0
                0x0000000060009ddc       0x14 zephyr/libzephyr.a(cdc_acm.c.obj)
 .text.cdc_acm_int_in
                0x0000000060009df0       0x24 zephyr/libzephyr.a(cdc_acm.c.obj)
 .text.cdc_acm_read_cb
                0x0000000060009e14       0x90 zephyr/libzephyr.a(cdc_acm.c.obj)
 .text.cdc_acm_dev_status_cb
                0x0000000060009ea4       0xd8 zephyr/libzephyr.a(cdc_acm.c.obj)
 .text.z_usb_work_q_init
                0x0000000060009f7c       0x34 zephyr/libzephyr.a(usb_work_q.c.obj)
 .text.z_arm_fatal_error
                0x0000000060009fb0       0xb8 zephyr/arch/arch/arm/core/libarch__arm__core.a(fatal.c.obj)
                0x0000000060009fb0                z_arm_fatal_error
 .text.z_SysNmiOnReset
                0x000000006000a068        0x8 zephyr/arch/arch/arm/core/libarch__arm__core.a(nmi_on_reset.S.obj)
                0x000000006000a068                z_SysNmiOnReset
 .text._HandlerModeExit
                0x000000006000a070       0x28 zephyr/arch/arch/arm/core/cortex_m/libarch__arm__core__cortex_m.a(exc_exit.c.obj)
                0x000000006000a070                z_arm_exc_exit
                0x000000006000a070                z_arm_int_exit
 .text.bus_fault.constprop.0
                0x000000006000a098       0xd0 zephyr/arch/arch/arm/core/cortex_m/libarch__arm__core__cortex_m.a(fault.c.obj)
 .text.usage_fault.constprop.0
                0x000000006000a168       0xa8 zephyr/arch/arch/arm/core/cortex_m/libarch__arm__core__cortex_m.a(fault.c.obj)
 .text.mem_manage_fault
                0x000000006000a210      0x104 zephyr/arch/arch/arm/core/cortex_m/libarch__arm__core__cortex_m.a(fault.c.obj)
 .text.z_arm_fault
                0x000000006000a314      0x1d4 zephyr/arch/arch/arm/core/cortex_m/libarch__arm__core__cortex_m.a(fault.c.obj)
                0x000000006000a314                z_arm_fault
 .text.z_arm_fault_init
                0x000000006000a4e8       0x18 zephyr/arch/arch/arm/core/cortex_m/libarch__arm__core__cortex_m.a(fault.c.obj)
                0x000000006000a4e8                z_arm_fault_init
 .text.__fault  0x000000006000a500       0x14 zephyr/arch/arch/arm/core/cortex_m/libarch__arm__core__cortex_m.a(fault_s.S.obj)
                0x000000006000a500                z_arm_bus_fault
                0x000000006000a500                z_arm_usage_fault
                0x000000006000a500                z_arm_mpu_fault
                0x000000006000a500                z_arm_exc_spurious
                0x000000006000a500                z_arm_debug_monitor
                0x000000006000a500                z_arm_hard_fault
 .text._reset_section
                0x000000006000a514       0x30 zephyr/arch/arch/arm/core/cortex_m/libarch__arm__core__cortex_m.a(reset.S.obj)
                0x000000006000a514                z_arm_reset
                0x000000006000a514                __start
 .text.z_impl_k_thread_abort
                0x000000006000a544       0x2c zephyr/arch/arch/arm/core/cortex_m/libarch__arm__core__cortex_m.a(thread_abort.c.obj)
                0x000000006000a544                z_impl_k_thread_abort
 .text.arch_swap
                0x000000006000a570       0x30 zephyr/arch/arch/arm/core/cortex_m/libarch__arm__core__cortex_m.a(swap.c.obj)
                0x000000006000a570                arch_swap
 .text.z_arm_pendsv
                0x000000006000a5a0       0x54 zephyr/arch/arch/arm/core/cortex_m/libarch__arm__core__cortex_m.a(swap_helper.S.obj)
                0x000000006000a5a0                z_arm_pendsv
 .text.z_arm_svc
                0x000000006000a5f4       0x24 zephyr/arch/arch/arm/core/cortex_m/libarch__arm__core__cortex_m.a(swap_helper.S.obj)
                0x000000006000a5f4                z_arm_svc
 .text.arch_irq_enable
                0x000000006000a618       0x1c zephyr/arch/arch/arm/core/cortex_m/libarch__arm__core__cortex_m.a(irq_manage.c.obj)
                0x000000006000a618                arch_irq_enable
 .text.z_arm_irq_priority_set
                0x000000006000a634       0x2c zephyr/arch/arch/arm/core/cortex_m/libarch__arm__core__cortex_m.a(irq_manage.c.obj)
                0x000000006000a634                z_arm_irq_priority_set
 .text.z_prep_c
                0x000000006000a660       0x4c zephyr/arch/arch/arm/core/cortex_m/libarch__arm__core__cortex_m.a(prep_c.c.obj)
                0x000000006000a660                z_prep_c
 .text.arch_new_thread
                0x000000006000a6ac       0x2c zephyr/arch/arch/arm/core/cortex_m/libarch__arm__core__cortex_m.a(thread.c.obj)
                0x000000006000a6ac                arch_new_thread
 .text.z_check_thread_stack_fail
                0x000000006000a6d8       0x2c zephyr/arch/arch/arm/core/cortex_m/libarch__arm__core__cortex_m.a(thread.c.obj)
                0x000000006000a6d8                z_check_thread_stack_fail
 .text.arch_switch_to_main_thread
                0x000000006000a704       0x3c zephyr/arch/arch/arm/core/cortex_m/libarch__arm__core__cortex_m.a(thread.c.obj)
                0x000000006000a704                arch_switch_to_main_thread
 .text.z_arm_cpu_idle_init
                0x000000006000a740        0xc zephyr/arch/arch/arm/core/cortex_m/libarch__arm__core__cortex_m.a(cpu_idle.c.obj)
                0x000000006000a740                z_arm_cpu_idle_init
 .text.z_arm_interrupt_init
                0x000000006000a74c       0x18 zephyr/arch/arch/arm/core/cortex_m/libarch__arm__core__cortex_m.a(irq_init.c.obj)
                0x000000006000a74c                z_arm_interrupt_init
 .text._isr_wrapper
                0x000000006000a764       0x24 zephyr/arch/arch/arm/core/cortex_m/libarch__arm__core__cortex_m.a(isr_wrapper.c.obj)
                0x000000006000a764                _isr_wrapper
 .text.arch_dcache_enable
                0x000000006000a788       0x5c zephyr/arch/arch/arm/core/cortex_m/libarch__arm__core__cortex_m.a(cache.c.obj)
                0x000000006000a788                arch_dcache_enable
 .text.arch_icache_enable
                0x000000006000a7e4       0x34 zephyr/arch/arch/arm/core/cortex_m/libarch__arm__core__cortex_m.a(cache.c.obj)
                0x000000006000a7e4                arch_icache_enable
 .text.z_arm_configure_static_mpu_regions
                0x000000006000a818       0x18 zephyr/arch/arch/arm/core/mpu/libarch__arm__core__mpu.a(arm_core_mpu.c.obj)
                0x000000006000a818                z_arm_configure_static_mpu_regions
 .text.z_arm_configure_dynamic_mpu_regions
                0x000000006000a830       0x20 zephyr/arch/arch/arm/core/mpu/libarch__arm__core__mpu.a(arm_core_mpu.c.obj)
                0x000000006000a830                z_arm_configure_dynamic_mpu_regions
 .text.region_allocate_and_init
                0x000000006000a850       0x54 zephyr/arch/arch/arm/core/mpu/libarch__arm__core__mpu.a(arm_mpu.c.obj)
 .text.mpu_configure_regions
                0x000000006000a8a4       0x68 zephyr/arch/arch/arm/core/mpu/libarch__arm__core__mpu.a(arm_mpu.c.obj)
 .text.arm_core_mpu_enable
                0x000000006000a90c       0x18 zephyr/arch/arch/arm/core/mpu/libarch__arm__core__mpu.a(arm_mpu.c.obj)
                0x000000006000a90c                arm_core_mpu_enable
 .text.arm_core_mpu_disable
                0x000000006000a924       0x14 zephyr/arch/arch/arm/core/mpu/libarch__arm__core__mpu.a(arm_mpu.c.obj)
                0x000000006000a924                arm_core_mpu_disable
 .text.arm_core_mpu_configure_static_mpu_regions
                0x000000006000a938       0x14 zephyr/arch/arch/arm/core/mpu/libarch__arm__core__mpu.a(arm_mpu.c.obj)
                0x000000006000a938                arm_core_mpu_configure_static_mpu_regions
 .text.arm_core_mpu_configure_dynamic_mpu_regions
                0x000000006000a94c       0x38 zephyr/arch/arch/arm/core/mpu/libarch__arm__core__mpu.a(arm_mpu.c.obj)
                0x000000006000a94c                arm_core_mpu_configure_dynamic_mpu_regions
 .text.z_arm_mpu_init
                0x000000006000a984      0x1c4 zephyr/arch/arch/arm/core/mpu/libarch__arm__core__mpu.a(arm_mpu.c.obj)
                0x000000006000a984                z_arm_mpu_init
 .text.__stdout_hook_install
                0x000000006000ab48        0xc zephyr/lib/libc/newlib/liblib__libc__newlib.a(libc-hooks.c.obj)
                0x000000006000ab48                __stdout_hook_install
 .text.z_impl_zephyr_read_stdin
                0x000000006000ab54       0x28 zephyr/lib/libc/newlib/liblib__libc__newlib.a(libc-hooks.c.obj)
                0x000000006000ab54                z_impl_zephyr_read_stdin
 .text.z_impl_zephyr_write_stdout
                0x000000006000ab7c       0x30 zephyr/lib/libc/newlib/liblib__libc__newlib.a(libc-hooks.c.obj)
                0x000000006000ab7c                z_impl_zephyr_write_stdout
 .text._sbrk    0x000000006000abac       0x28 zephyr/lib/libc/newlib/liblib__libc__newlib.a(libc-hooks.c.obj)
                0x000000006000abac                _sbrk
                0x000000006000abac                sbrk
 .text.abort    0x000000006000abd4       0x1c zephyr/lib/libc/common/liblib__libc__common.a(abort.c.obj)
                0x000000006000abd4                abort
 .text.usb_isr_handler
                0x000000006000abf0        0xc zephyr/drivers/usb/device/libdrivers__usb__device.a(usb_dc_mcux.c.obj)
 .text.usb_mcux_init
                0x000000006000abfc       0x68 zephyr/drivers/usb/device/libdrivers__usb__device.a(usb_dc_mcux.c.obj)
 .text.usb_mcux_thread_main
                0x000000006000ac64      0x200 zephyr/drivers/usb/device/libdrivers__usb__device.a(usb_dc_mcux.c.obj)
 .text.usb_dc_attach
                0x000000006000ae64       0x5c zephyr/drivers/usb/device/libdrivers__usb__device.a(usb_dc_mcux.c.obj)
                0x000000006000ae64                usb_dc_attach
 .text.usb_dc_set_address
                0x000000006000aec0       0x34 zephyr/drivers/usb/device/libdrivers__usb__device.a(usb_dc_mcux.c.obj)
                0x000000006000aec0                usb_dc_set_address
 .text.usb_dc_ep_check_cap
                0x000000006000aef4       0x3c zephyr/drivers/usb/device/libdrivers__usb__device.a(usb_dc_mcux.c.obj)
                0x000000006000aef4                usb_dc_ep_check_cap
 .text.usb_dc_ep_configure
                0x000000006000af30      0x10c zephyr/drivers/usb/device/libdrivers__usb__device.a(usb_dc_mcux.c.obj)
                0x000000006000af30                usb_dc_ep_configure
 .text.usb_dc_ep_set_stall
                0x000000006000b03c       0x58 zephyr/drivers/usb/device/libdrivers__usb__device.a(usb_dc_mcux.c.obj)
                0x000000006000b03c                usb_dc_ep_set_stall
 .text.usb_dc_ep_clear_stall
                0x000000006000b094       0xa4 zephyr/drivers/usb/device/libdrivers__usb__device.a(usb_dc_mcux.c.obj)
                0x000000006000b094                usb_dc_ep_clear_stall
 .text.usb_dc_ep_is_stalled
                0x000000006000b138       0x68 zephyr/drivers/usb/device/libdrivers__usb__device.a(usb_dc_mcux.c.obj)
                0x000000006000b138                usb_dc_ep_is_stalled
 .text.usb_dc_ep_enable
                0x000000006000b1a0       0x94 zephyr/drivers/usb/device/libdrivers__usb__device.a(usb_dc_mcux.c.obj)
                0x000000006000b1a0                usb_dc_ep_enable
 .text.usb_dc_ep_disable
                0x000000006000b234       0x7c zephyr/drivers/usb/device/libdrivers__usb__device.a(usb_dc_mcux.c.obj)
                0x000000006000b234                usb_dc_ep_disable
 .text.usb_dc_ep_write
                0x000000006000b2b0       0x98 zephyr/drivers/usb/device/libdrivers__usb__device.a(usb_dc_mcux.c.obj)
                0x000000006000b2b0                usb_dc_ep_write
 .text.usb_dc_ep_read_wait
                0x000000006000b348       0xe8 zephyr/drivers/usb/device/libdrivers__usb__device.a(usb_dc_mcux.c.obj)
                0x000000006000b348                usb_dc_ep_read_wait
 .text.usb_dc_ep_read_continue
                0x000000006000b430       0x94 zephyr/drivers/usb/device/libdrivers__usb__device.a(usb_dc_mcux.c.obj)
                0x000000006000b430                usb_dc_ep_read_continue
 .text.usb_dc_ep_set_callback
                0x000000006000b4c4       0x48 zephyr/drivers/usb/device/libdrivers__usb__device.a(usb_dc_mcux.c.obj)
                0x000000006000b4c4                usb_dc_ep_set_callback
 .text.usb_dc_set_status_callback
                0x000000006000b50c        0xc zephyr/drivers/usb/device/libdrivers__usb__device.a(usb_dc_mcux.c.obj)
                0x000000006000b50c                usb_dc_set_status_callback
 .text.usb_dc_ep_mps
                0x000000006000b518       0x3c zephyr/drivers/usb/device/libdrivers__usb__device.a(usb_dc_mcux.c.obj)
                0x000000006000b518                usb_dc_ep_mps
 .text.USB_DeviceNotificationTrigger
                0x000000006000b554       0x14 zephyr/drivers/usb/device/libdrivers__usb__device.a(usb_dc_mcux.c.obj)
                0x000000006000b554                USB_DeviceNotificationTrigger
 .text.mcux_ccm_get_subsys_rate
                0x000000006000b568       0x78 zephyr/drivers/clock_control/libdrivers__clock_control.a(clock_control_mcux_ccm.c.obj)
 .text.uart_console_init
                0x000000006000b5e0       0x28 zephyr/drivers/console/libdrivers__console.a(uart_console.c.obj)
 .text.console_out
                0x000000006000b608       0x28 zephyr/drivers/console/libdrivers__console.a(uart_console.c.obj)
 .text.z_impl_hwinfo_get_device_id
                0x000000006000b630       0x70 zephyr/drivers/hwinfo/libdrivers__hwinfo.a(hwinfo_imxrt.c.obj)
                0x000000006000b630                z_impl_hwinfo_get_device_id
 .text.imx_pinctrl_init
                0x000000006000b6a0       0x50 zephyr/drivers/pinctrl/libdrivers__pinctrl.a(pinctrl_imx.c.obj)
 .text.elapsed  0x000000006000b6f0       0x4c zephyr/drivers/timer/libdrivers__timer.a(cortex_m_systick.c.obj)
 .text.sys_clock_driver_init
                0x000000006000b73c       0x38 zephyr/drivers/timer/libdrivers__timer.a(cortex_m_systick.c.obj)
 .text.sys_clock_isr
                0x000000006000b774       0x60 zephyr/drivers/timer/libdrivers__timer.a(cortex_m_systick.c.obj)
                0x000000006000b774                sys_clock_isr
 .text.sys_clock_set_timeout
                0x000000006000b7d4       0xfc zephyr/drivers/timer/libdrivers__timer.a(cortex_m_systick.c.obj)
                0x000000006000b7d4                sys_clock_set_timeout
 .text.sys_clock_elapsed
                0x000000006000b8d0       0x3c zephyr/drivers/timer/libdrivers__timer.a(cortex_m_systick.c.obj)
                0x000000006000b8d0                sys_clock_elapsed
 .text.sys_clock_cycle_get_32
                0x000000006000b90c       0x28 zephyr/drivers/timer/libdrivers__timer.a(cortex_m_systick.c.obj)
                0x000000006000b90c                sys_clock_cycle_get_32
 .text.CLOCK_GetOscFreq
                0x000000006000b934       0x20 modules/hal_nxp/hal_nxp/lib..__modules__hal__nxp.a(fsl_clock.c.obj)
 .text.CLOCK_EnableUsbhs0Clock
                0x000000006000b954       0x50 modules/hal_nxp/hal_nxp/lib..__modules__hal__nxp.a(fsl_clock.c.obj)
                0x000000006000b954                CLOCK_EnableUsbhs0Clock
 .text.CLOCK_InitArmPll
                0x000000006000b9a4       0x44 modules/hal_nxp/hal_nxp/lib..__modules__hal__nxp.a(fsl_clock.c.obj)
                0x000000006000b9a4                CLOCK_InitArmPll
 .text.CLOCK_InitUsb1Pll
                0x000000006000b9e8       0x44 modules/hal_nxp/hal_nxp/lib..__modules__hal__nxp.a(fsl_clock.c.obj)
                0x000000006000b9e8                CLOCK_InitUsb1Pll
 .text.CLOCK_EnableUsbhs0PhyPllClock
                0x000000006000ba2c       0x48 modules/hal_nxp/hal_nxp/lib..__modules__hal__nxp.a(fsl_clock.c.obj)
                0x000000006000ba2c                CLOCK_EnableUsbhs0PhyPllClock
 .text.CLOCK_GetPllFreq
                0x000000006000ba74      0x1a8 modules/hal_nxp/hal_nxp/lib..__modules__hal__nxp.a(fsl_clock.c.obj)
                0x000000006000ba74                CLOCK_GetPllFreq
 .text.CLOCK_GetPllUsb1SWFreq
                0x000000006000bc1c       0x20 modules/hal_nxp/hal_nxp/lib..__modules__hal__nxp.a(fsl_clock.c.obj)
 .text.CLOCK_GetSysPfdFreq
                0x000000006000bc3c       0x60 modules/hal_nxp/hal_nxp/lib..__modules__hal__nxp.a(fsl_clock.c.obj)
                0x000000006000bc3c                CLOCK_GetSysPfdFreq
 .text.CLOCK_GetPeriphClkFreq
                0x000000006000bc9c       0x90 modules/hal_nxp/hal_nxp/lib..__modules__hal__nxp.a(fsl_clock.c.obj)
 .text.CLOCK_GetAhbFreq
                0x000000006000bd2c       0x1c modules/hal_nxp/hal_nxp/lib..__modules__hal__nxp.a(fsl_clock.c.obj)
                0x000000006000bd2c                CLOCK_GetAhbFreq
 .text.CLOCK_GetIpgFreq
                0x000000006000bd48       0x1c modules/hal_nxp/hal_nxp/lib..__modules__hal__nxp.a(fsl_clock.c.obj)
                0x000000006000bd48                CLOCK_GetIpgFreq
 .text.CLOCK_GetPerClkFreq
                0x000000006000bd64       0x28 modules/hal_nxp/hal_nxp/lib..__modules__hal__nxp.a(fsl_clock.c.obj)
                0x000000006000bd64                CLOCK_GetPerClkFreq
 .text.CLOCK_GetUsb1PfdFreq
                0x000000006000bd8c       0x60 modules/hal_nxp/hal_nxp/lib..__modules__hal__nxp.a(fsl_clock.c.obj)
                0x000000006000bd8c                CLOCK_GetUsb1PfdFreq
 .text.CLOCK_GetSemcFreq
                0x000000006000bdec       0x38 modules/hal_nxp/hal_nxp/lib..__modules__hal__nxp.a(fsl_clock.c.obj)
                0x000000006000bdec                CLOCK_GetSemcFreq
 .text.CLOCK_GetFreq
                0x000000006000be24       0xf4 modules/hal_nxp/hal_nxp/lib..__modules__hal__nxp.a(fsl_clock.c.obj)
                0x000000006000be24                CLOCK_GetFreq
 .text.CLOCK_GetClockRootFreq
                0x000000006000bf18       0x8c modules/hal_nxp/hal_nxp/lib..__modules__hal__nxp.a(fsl_clock.c.obj)
                0x000000006000bf18                CLOCK_GetClockRootFreq
 .text.SystemInit
                0x000000006000bfa4       0xcc modules/hal_nxp/hal_nxp/lib..__modules__hal__nxp.a(system_MIMXRT1062.c.obj)
                0x000000006000bfa4                SystemInit
 .text.CLOCK_ControlGate
                0x000000006000c070       0x2c modules/hal_nxp/hal_nxp/lib..__modules__hal__nxp.a(fsl_lpuart.c.obj)
 .text.LPUART_GetInstance
                0x000000006000c09c       0x1c modules/hal_nxp/hal_nxp/lib..__modules__hal__nxp.a(fsl_lpuart.c.obj)
                0x000000006000c09c                LPUART_GetInstance
 .text.LPUART_Init
                0x000000006000c0b8      0x19c modules/hal_nxp/hal_nxp/lib..__modules__hal__nxp.a(fsl_lpuart.c.obj)
                0x000000006000c0b8                LPUART_Init
 .text.LPUART_Deinit
                0x000000006000c254       0x38 modules/hal_nxp/hal_nxp/lib..__modules__hal__nxp.a(fsl_lpuart.c.obj)
                0x000000006000c254                LPUART_Deinit
 .text.LPUART_GetEnabledInterrupts
                0x000000006000c28c       0x2c modules/hal_nxp/hal_nxp/lib..__modules__hal__nxp.a(fsl_lpuart.c.obj)
                0x000000006000c28c                LPUART_GetEnabledInterrupts
 .text.LPUART_GetStatusFlags
                0x000000006000c2b8       0x18 modules/hal_nxp/hal_nxp/lib..__modules__hal__nxp.a(fsl_lpuart.c.obj)
                0x000000006000c2b8                LPUART_GetStatusFlags
 .text.LPUART_ClearStatusFlags
                0x000000006000c2d0       0x3c modules/hal_nxp/hal_nxp/lib..__modules__hal__nxp.a(fsl_lpuart.c.obj)
                0x000000006000c2d0                LPUART_ClearStatusFlags
 .text.USB_EhciPhyGetBase
                0x000000006000c30c       0x40 modules/hal_nxp/hal_nxp/lib..__modules__hal__nxp.a(usb_phy.c.obj)
                0x000000006000c30c                USB_EhciPhyGetBase
 .text.USB_DeviceEhciTransfer
                0x000000006000c34c      0x210 modules/hal_nxp/hal_nxp/lib..__modules__hal__nxp.a(usb_device_ehci.c.obj)
 .text.USB_DeviceEhciCancelControlPipe
                0x000000006000c55c      0x110 modules/hal_nxp/hal_nxp/lib..__modules__hal__nxp.a(usb_device_ehci.c.obj)
 .text.USB_DeviceEhciInit
                0x000000006000c66c       0xac modules/hal_nxp/hal_nxp/lib..__modules__hal__nxp.a(usb_device_ehci.c.obj)
                0x000000006000c66c                USB_DeviceEhciInit
 .text.USB_DeviceEhciDeinit
                0x000000006000c718       0x44 modules/hal_nxp/hal_nxp/lib..__modules__hal__nxp.a(usb_device_ehci.c.obj)
                0x000000006000c718                USB_DeviceEhciDeinit
 .text.USB_DeviceEhciCancel
                0x000000006000c75c      0x138 modules/hal_nxp/hal_nxp/lib..__modules__hal__nxp.a(usb_device_ehci.c.obj)
                0x000000006000c75c                USB_DeviceEhciCancel
 .text.k_sys_fatal_error_handler
                0x000000006000c894       0x20 zephyr/kernel/libkernel.a(fatal.c.obj)
                0x000000006000c894                k_sys_fatal_error_handler
 .text.z_fatal_error
                0x000000006000c8b4       0xe8 zephyr/kernel/libkernel.a(fatal.c.obj)
                0x000000006000c8b4                z_fatal_error
 .text.z_sys_init_run_level
                0x000000006000c99c       0x2c zephyr/kernel/libkernel.a(init.c.obj)
 .text.bg_thread_main
                0x000000006000c9c8       0xc4 zephyr/kernel/libkernel.a(init.c.obj)
 .text.z_bss_zero
                0x000000006000ca8c       0x2c zephyr/kernel/libkernel.a(init.c.obj)
                0x000000006000ca8c                z_bss_zero
 .text.z_init_cpu
                0x000000006000cab8       0x70 zephyr/kernel/libkernel.a(init.c.obj)
                0x000000006000cab8                z_init_cpu
 .text.z_cstart
                0x000000006000cb28       0xd8 zephyr/kernel/libkernel.a(init.c.obj)
                0x000000006000cb28                z_cstart
 .text.__do_global_ctors_aux
                0x000000006000cc00       0x1c zephyr/kernel/libkernel.a(init_static.c.obj)
                0x000000006000cc00                __do_global_ctors_aux
 .text.__do_init_array_aux
                0x000000006000cc1c       0x1c zephyr/kernel/libkernel.a(init_static.c.obj)
                0x000000006000cc1c                __do_init_array_aux
 .text.statics_init
                0x000000006000cc38       0x24 zephyr/kernel/libkernel.a(kheap.c.obj)
 .text.z_impl_k_msgq_put
                0x000000006000cc5c       0xb0 zephyr/kernel/libkernel.a(msg_q.c.obj)
                0x000000006000cc5c                z_impl_k_msgq_put
 .text.z_impl_k_msgq_get
                0x000000006000cd0c       0xc4 zephyr/kernel/libkernel.a(msg_q.c.obj)
                0x000000006000cd0c                z_impl_k_msgq_get
 .text.z_impl_k_mutex_lock
                0x000000006000cdd0       0xf0 zephyr/kernel/libkernel.a(mutex.c.obj)
                0x000000006000cdd0                z_impl_k_mutex_lock
 .text.z_impl_k_mutex_unlock
                0x000000006000cec0       0xa0 zephyr/kernel/libkernel.a(mutex.c.obj)
                0x000000006000cec0                z_impl_k_mutex_unlock
 .text.z_impl_k_sem_give
                0x000000006000cf60       0x68 zephyr/kernel/libkernel.a(sem.c.obj)
                0x000000006000cf60                z_impl_k_sem_give
 .text.z_impl_k_sem_take
                0x000000006000cfc8       0x4c zephyr/kernel/libkernel.a(sem.c.obj)
                0x000000006000cfc8                z_impl_k_sem_take
 .text.work_queue_main
                0x000000006000d014      0x144 zephyr/kernel/libkernel.a(work.c.obj)
 .text.submit_to_queue_locked
                0x000000006000d158       0xb0 zephyr/kernel/libkernel.a(work.c.obj)
 .text.k_work_queue_start
                0x000000006000d208       0x7c zephyr/kernel/libkernel.a(work.c.obj)
                0x000000006000d208                k_work_queue_start
 .text.k_work_schedule_for_queue
                0x000000006000d284       0x54 zephyr/kernel/libkernel.a(work.c.obj)
                0x000000006000d284                k_work_schedule_for_queue
 .text.z_setup_new_thread
                0x000000006000d2d8       0x80 zephyr/kernel/libkernel.a(thread.c.obj)
                0x000000006000d2d8                z_setup_new_thread
 .text.z_impl_k_thread_create
                0x000000006000d358       0x58 zephyr/kernel/libkernel.a(thread.c.obj)
                0x000000006000d358                z_impl_k_thread_create
 .text.unready_thread
                0x000000006000d3b0       0x54 zephyr/kernel/libkernel.a(sched.c.obj)
 .text.ready_thread
                0x000000006000d404       0x8c zephyr/kernel/libkernel.a(sched.c.obj)
 .text.z_thread_halt
                0x000000006000d490      0x10c zephyr/kernel/libkernel.a(sched.c.obj)
 .text.move_thread_to_end_of_prio_q
                0x000000006000d59c       0x94 zephyr/kernel/libkernel.a(sched.c.obj)
                0x000000006000d59c                move_thread_to_end_of_prio_q
 .text.z_pend_curr
                0x000000006000d630       0x58 zephyr/kernel/libkernel.a(sched.c.obj)
                0x000000006000d630                z_pend_curr
 .text.z_thread_prio_set
                0x000000006000d688       0x9c zephyr/kernel/libkernel.a(sched.c.obj)
                0x000000006000d688                z_thread_prio_set
 .text.z_reschedule
                0x000000006000d724       0x24 zephyr/kernel/libkernel.a(sched.c.obj)
                0x000000006000d724                z_reschedule
 .text.z_sched_start
                0x000000006000d748       0x3c zephyr/kernel/libkernel.a(sched.c.obj)
                0x000000006000d748                z_sched_start
 .text.z_reschedule_irqlock
                0x000000006000d784       0x28 zephyr/kernel/libkernel.a(sched.c.obj)
                0x000000006000d784                z_reschedule_irqlock
 .text.k_sched_lock
                0x000000006000d7ac       0x28 zephyr/kernel/libkernel.a(sched.c.obj)
                0x000000006000d7ac                k_sched_lock
 .text.k_sched_unlock
                0x000000006000d7d4       0x68 zephyr/kernel/libkernel.a(sched.c.obj)
                0x000000006000d7d4                k_sched_unlock
 .text.z_sched_init
                0x000000006000d83c       0x10 zephyr/kernel/libkernel.a(sched.c.obj)
                0x000000006000d83c                z_sched_init
 .text.z_impl_k_yield
                0x000000006000d84c       0x8c zephyr/kernel/libkernel.a(sched.c.obj)
                0x000000006000d84c                z_impl_k_yield
 .text.z_tick_sleep
                0x000000006000d8d8       0x88 zephyr/kernel/libkernel.a(sched.c.obj)
 .text.z_impl_k_sleep
                0x000000006000d960       0x38 zephyr/kernel/libkernel.a(sched.c.obj)
                0x000000006000d960                z_impl_k_sleep
 .text.z_impl_k_sched_current_thread_query
                0x000000006000d998        0xc zephyr/kernel/libkernel.a(sched.c.obj)
                0x000000006000d998                z_impl_k_sched_current_thread_query
 .text.z_sched_wait
                0x000000006000d9a4       0x24 zephyr/kernel/libkernel.a(sched.c.obj)
                0x000000006000d9a4                z_sched_wait
 .text.slice_timeout
                0x000000006000d9c8       0x20 zephyr/kernel/libkernel.a(timeslicing.c.obj)
 .text.thread_is_sliceable
                0x000000006000d9e8       0x3c zephyr/kernel/libkernel.a(timeslicing.c.obj)
                0x000000006000d9e8                thread_is_sliceable
 .text.z_reset_time_slice
                0x000000006000da24       0x50 zephyr/kernel/libkernel.a(timeslicing.c.obj)
                0x000000006000da24                z_reset_time_slice
 .text.z_time_slice
                0x000000006000da74       0x60 zephyr/kernel/libkernel.a(timeslicing.c.obj)
                0x000000006000da74                z_time_slice
 .text.z_data_copy
                0x000000006000dad4       0x64 zephyr/kernel/libkernel.a(xip.c.obj)
                0x000000006000dad4                z_data_copy
 .text.elapsed  0x000000006000db38       0x14 zephyr/kernel/libkernel.a(timeout.c.obj)
 .text.remove_timeout
                0x000000006000db4c       0x38 zephyr/kernel/libkernel.a(timeout.c.obj)
 .text.next_timeout
                0x000000006000db84       0x40 zephyr/kernel/libkernel.a(timeout.c.obj)
 .text.z_add_timeout
                0x000000006000dbc4       0xf4 zephyr/kernel/libkernel.a(timeout.c.obj)
                0x000000006000dbc4                z_add_timeout
 .text.sys_clock_announce
                0x000000006000dcb8       0xd4 zephyr/kernel/libkernel.a(timeout.c.obj)
                0x000000006000dcb8                sys_clock_announce
 .text.sys_clock_tick_get
                0x000000006000dd8c       0x30 zephyr/kernel/libkernel.a(timeout.c.obj)
                0x000000006000dd8c                sys_clock_tick_get
 .text.z_timer_expiration_handler
                0x000000006000ddbc       0xe0 zephyr/kernel/libkernel.a(timer.c.obj)
                0x000000006000ddbc                z_timer_expiration_handler
 .text.z_impl_k_timer_start
                0x000000006000de9c       0x74 zephyr/kernel/libkernel.a(timer.c.obj)
                0x000000006000de9c                z_impl_k_timer_start
 .text.boot_banner
                0x000000006000df10        0xc zephyr/kernel/libkernel.a(banner.c.obj)
                0x000000006000df10                boot_banner
 .text.k_sys_work_q_init
                0x000000006000df1c       0x34 zephyr/kernel/libkernel.a(system_work_q.c.obj)
 .text.atof     0x000000006000df50        0x8 /home/rowan/zephyr-sdk-0.17.0/arm-zephyr-eabi/arm-zephyr-eabi/lib/thumb/v7e-m/nofp/libc.a(lib_a-atof.o)
                0x000000006000df50                atof
 .text.malloc   0x000000006000df58       0x10 /home/rowan/zephyr-sdk-0.17.0/arm-zephyr-eabi/arm-zephyr-eabi/lib/thumb/v7e-m/nofp/libc.a(lib_a-malloc.o)
                0x000000006000df58                malloc
 .text.free     0x000000006000df68       0x10 /home/rowan/zephyr-sdk-0.17.0/arm-zephyr-eabi/arm-zephyr-eabi/lib/thumb/v7e-m/nofp/libc.a(lib_a-malloc.o)
                0x000000006000df68                free
 .text._malloc_r
                0x000000006000df78      0x578 /home/rowan/zephyr-sdk-0.17.0/arm-zephyr-eabi/arm-zephyr-eabi/lib/thumb/v7e-m/nofp/libc.a(lib_a-mallocr.o)
                0x000000006000df78                _malloc_r
 .text.memset   0x000000006000e4f0       0xa4 /home/rowan/zephyr-sdk-0.17.0/arm-zephyr-eabi/arm-zephyr-eabi/lib/thumb/v7e-m/nofp/libc.a(lib_a-memset.o)
                0x000000006000e4f0                memset
 .text.__malloc_lock
                0x000000006000e594        0xc /home/rowan/zephyr-sdk-0.17.0/arm-zephyr-eabi/arm-zephyr-eabi/lib/thumb/v7e-m/nofp/libc.a(lib_a-mlock.o)
                0x000000006000e594                __malloc_lock
 .text.__malloc_unlock
                0x000000006000e5a0        0xc /home/rowan/zephyr-sdk-0.17.0/arm-zephyr-eabi/arm-zephyr-eabi/lib/thumb/v7e-m/nofp/libc.a(lib_a-mlock.o)
                0x000000006000e5a0                __malloc_unlock
 .text._sbrk_r  0x000000006000e5ac       0x24 /home/rowan/zephyr-sdk-0.17.0/arm-zephyr-eabi/arm-zephyr-eabi/lib/thumb/v7e-m/nofp/libc.a(lib_a-sbrkr.o)
                0x000000006000e5ac                _sbrk_r
 .text.sprintf  0x000000006000e5d0       0x40 /home/rowan/zephyr-sdk-0.17.0/arm-zephyr-eabi/arm-zephyr-eabi/lib/thumb/v7e-m/nofp/libc.a(lib_a-sprintf.o)
                0x000000006000e5d0                sprintf
 .text.strchr   0x000000006000e610       0xd0 /home/rowan/zephyr-sdk-0.17.0/arm-zephyr-eabi/arm-zephyr-eabi/lib/thumb/v7e-m/nofp/libc.a(lib_a-strchr.o)
                0x000000006000e610                strchr
 .text.strcpy   0x000000006000e6e0       0xbc /home/rowan/zephyr-sdk-0.17.0/arm-zephyr-eabi/arm-zephyr-eabi/lib/thumb/v7e-m/nofp/libc.a(lib_a-strcpy.o)
                0x000000006000e6e0                strcpy
 .text.strncpy  0x000000006000e79c       0x68 /home/rowan/zephyr-sdk-0.17.0/arm-zephyr-eabi/arm-zephyr-eabi/lib/thumb/v7e-m/nofp/libc.a(lib_a-strncpy.o)
                0x000000006000e79c                strncpy
 .text.strnlen  0x000000006000e804       0x24 /home/rowan/zephyr-sdk-0.17.0/arm-zephyr-eabi/arm-zephyr-eabi/lib/thumb/v7e-m/nofp/libc.a(lib_a-strnlen.o)
                0x000000006000e804                strnlen
 .text.strtod   0x000000006000e828       0x1c /home/rowan/zephyr-sdk-0.17.0/arm-zephyr-eabi/arm-zephyr-eabi/lib/thumb/v7e-m/nofp/libc.a(lib_a-strtod.o)
                0x000000006000e828                strtod
 .text._svfprintf_r
                0x000000006000e844     0x1a14 /home/rowan/zephyr-sdk-0.17.0/arm-zephyr-eabi/arm-zephyr-eabi/lib/thumb/v7e-m/nofp/libc.a(lib_a-svfprintf.o)
                0x000000006000e844                _svfprintf_r
 .text.quorem   0x0000000060010258      0x12c /home/rowan/zephyr-sdk-0.17.0/arm-zephyr-eabi/arm-zephyr-eabi/lib/thumb/v7e-m/nofp/libc.a(lib_a-dtoa.o)
 .text._malloc_trim_r
                0x0000000060010384       0x9c /home/rowan/zephyr-sdk-0.17.0/arm-zephyr-eabi/arm-zephyr-eabi/lib/thumb/v7e-m/nofp/libc.a(lib_a-freer.o)
                0x0000000060010384                _malloc_trim_r
 .text._free_r  0x0000000060010420      0x1fc /home/rowan/zephyr-sdk-0.17.0/arm-zephyr-eabi/arm-zephyr-eabi/lib/thumb/v7e-m/nofp/libc.a(lib_a-freer.o)
                0x0000000060010420                _free_r
 .text.rshift   0x000000006001061c       0xa4 /home/rowan/zephyr-sdk-0.17.0/arm-zephyr-eabi/arm-zephyr-eabi/lib/thumb/v7e-m/nofp/libc.a(lib_a-gdtoa-gethex.o)
 .text.__gethex
                0x00000000600106c0      0x5e0 /home/rowan/zephyr-sdk-0.17.0/arm-zephyr-eabi/arm-zephyr-eabi/lib/thumb/v7e-m/nofp/libc.a(lib_a-gdtoa-gethex.o)
                0x00000000600106c0                __gethex
 .text.__match  0x0000000060010ca0       0x34 /home/rowan/zephyr-sdk-0.17.0/arm-zephyr-eabi/arm-zephyr-eabi/lib/thumb/v7e-m/nofp/libc.a(lib_a-gdtoa-hexnan.o)
                0x0000000060010ca0                __match
 .text.__hexnan
                0x0000000060010cd4      0x1cc /home/rowan/zephyr-sdk-0.17.0/arm-zephyr-eabi/arm-zephyr-eabi/lib/thumb/v7e-m/nofp/libc.a(lib_a-gdtoa-hexnan.o)
                0x0000000060010cd4                __hexnan
 .text._localeconv_r
                0x0000000060010ea0        0x8 /home/rowan/zephyr-sdk-0.17.0/arm-zephyr-eabi/arm-zephyr-eabi/lib/thumb/v7e-m/nofp/libc.a(lib_a-localeconv.o)
                0x0000000060010ea0                _localeconv_r
 .text.__ascii_mbtowc
                0x0000000060010ea8       0x2c /home/rowan/zephyr-sdk-0.17.0/arm-zephyr-eabi/arm-zephyr-eabi/lib/thumb/v7e-m/nofp/libc.a(lib_a-mbtowc_r.o)
                0x0000000060010ea8                __ascii_mbtowc
 .text._Balloc  0x0000000060010ed4       0x4c /home/rowan/zephyr-sdk-0.17.0/arm-zephyr-eabi/arm-zephyr-eabi/lib/thumb/v7e-m/nofp/libc.a(lib_a-mprec.o)
                0x0000000060010ed4                _Balloc
 .text._Bfree   0x0000000060010f20       0x14 /home/rowan/zephyr-sdk-0.17.0/arm-zephyr-eabi/arm-zephyr-eabi/lib/thumb/v7e-m/nofp/libc.a(lib_a-mprec.o)
                0x0000000060010f20                _Bfree
 .text.__multadd
                0x0000000060010f34       0xa0 /home/rowan/zephyr-sdk-0.17.0/arm-zephyr-eabi/arm-zephyr-eabi/lib/thumb/v7e-m/nofp/libc.a(lib_a-mprec.o)
                0x0000000060010f34                __multadd
 .text.__s2b    0x0000000060010fd4       0xb0 /home/rowan/zephyr-sdk-0.17.0/arm-zephyr-eabi/arm-zephyr-eabi/lib/thumb/v7e-m/nofp/libc.a(lib_a-mprec.o)
                0x0000000060010fd4                __s2b
 .text.__hi0bits
                0x0000000060011084       0x44 /home/rowan/zephyr-sdk-0.17.0/arm-zephyr-eabi/arm-zephyr-eabi/lib/thumb/v7e-m/nofp/libc.a(lib_a-mprec.o)
                0x0000000060011084                __hi0bits
 .text.__lo0bits
                0x00000000600110c8       0x60 /home/rowan/zephyr-sdk-0.17.0/arm-zephyr-eabi/arm-zephyr-eabi/lib/thumb/v7e-m/nofp/libc.a(lib_a-mprec.o)
                0x00000000600110c8                __lo0bits
 .text.__i2b    0x0000000060011128       0x5c /home/rowan/zephyr-sdk-0.17.0/arm-zephyr-eabi/arm-zephyr-eabi/lib/thumb/v7e-m/nofp/libc.a(lib_a-mprec.o)
                0x0000000060011128                __i2b
 .text.__multiply
                0x0000000060011184      0x16c /home/rowan/zephyr-sdk-0.17.0/arm-zephyr-eabi/arm-zephyr-eabi/lib/thumb/v7e-m/nofp/libc.a(lib_a-mprec.o)
                0x0000000060011184                __multiply
 .text.__pow5mult
                0x00000000600112f0       0xb4 /home/rowan/zephyr-sdk-0.17.0/arm-zephyr-eabi/arm-zephyr-eabi/lib/thumb/v7e-m/nofp/libc.a(lib_a-mprec.o)
                0x00000000600112f0                __pow5mult
 .text.__lshift
                0x00000000600113a4       0xf0 /home/rowan/zephyr-sdk-0.17.0/arm-zephyr-eabi/arm-zephyr-eabi/lib/thumb/v7e-m/nofp/libc.a(lib_a-mprec.o)
                0x00000000600113a4                __lshift
 .text.__mcmp   0x0000000060011494       0x40 /home/rowan/zephyr-sdk-0.17.0/arm-zephyr-eabi/arm-zephyr-eabi/lib/thumb/v7e-m/nofp/libc.a(lib_a-mprec.o)
                0x0000000060011494                __mcmp
 .text.__mdiff  0x00000000600114d4      0x164 /home/rowan/zephyr-sdk-0.17.0/arm-zephyr-eabi/arm-zephyr-eabi/lib/thumb/v7e-m/nofp/libc.a(lib_a-mprec.o)
                0x00000000600114d4                __mdiff
 .text.__ulp    0x0000000060011638       0x4c /home/rowan/zephyr-sdk-0.17.0/arm-zephyr-eabi/arm-zephyr-eabi/lib/thumb/v7e-m/nofp/libc.a(lib_a-mprec.o)
                0x0000000060011638                __ulp
 .text.__b2d    0x0000000060011684       0xc0 /home/rowan/zephyr-sdk-0.17.0/arm-zephyr-eabi/arm-zephyr-eabi/lib/thumb/v7e-m/nofp/libc.a(lib_a-mprec.o)
                0x0000000060011684                __b2d
 .text.__d2b    0x0000000060011744       0xbc /home/rowan/zephyr-sdk-0.17.0/arm-zephyr-eabi/arm-zephyr-eabi/lib/thumb/v7e-m/nofp/libc.a(lib_a-mprec.o)
                0x0000000060011744                __d2b
 .text.__ratio  0x0000000060011800       0x54 /home/rowan/zephyr-sdk-0.17.0/arm-zephyr-eabi/arm-zephyr-eabi/lib/thumb/v7e-m/nofp/libc.a(lib_a-mprec.o)
                0x0000000060011800                __ratio
 .text.__copybits
                0x0000000060011854       0x5c /home/rowan/zephyr-sdk-0.17.0/arm-zephyr-eabi/arm-zephyr-eabi/lib/thumb/v7e-m/nofp/libc.a(lib_a-mprec.o)
                0x0000000060011854                __copybits
 .text.__any_on
                0x00000000600118b0       0x58 /home/rowan/zephyr-sdk-0.17.0/arm-zephyr-eabi/arm-zephyr-eabi/lib/thumb/v7e-m/nofp/libc.a(lib_a-mprec.o)
                0x00000000600118b0                __any_on
 .text.frexp    0x0000000060011908       0x70 /home/rowan/zephyr-sdk-0.17.0/arm-zephyr-eabi/arm-zephyr-eabi/lib/thumb/v7e-m/nofp/libc.a(lib_a-s_frexp.o)
                0x0000000060011908                frexp
 .text.nan      0x0000000060011978        0xc /home/rowan/zephyr-sdk-0.17.0/arm-zephyr-eabi/arm-zephyr-eabi/lib/thumb/v7e-m/nofp/libc.a(lib_a-s_nan.o)
                0x0000000060011978                nan
 .text.strncmp  0x0000000060011984       0x84 /home/rowan/zephyr-sdk-0.17.0/arm-zephyr-eabi/arm-zephyr-eabi/lib/thumb/v7e-m/nofp/libc.a(lib_a-strncmp.o)
                0x0000000060011984                strncmp
 .text.__ssprint_r
                0x0000000060011a08      0x108 /home/rowan/zephyr-sdk-0.17.0/arm-zephyr-eabi/arm-zephyr-eabi/lib/thumb/v7e-m/nofp/libc.a(lib_a-svfiprintf.o)
                0x0000000060011a08                __ssprint_r
 .text.__ascii_wctomb
                0x0000000060011b10       0x1c /home/rowan/zephyr-sdk-0.17.0/arm-zephyr-eabi/arm-zephyr-eabi/lib/thumb/v7e-m/nofp/libc.a(lib_a-wctomb_r.o)
                0x0000000060011b10                __ascii_wctomb
 .text.__assert_func
                0x0000000060011b2c       0x40 /home/rowan/zephyr-sdk-0.17.0/arm-zephyr-eabi/arm-zephyr-eabi/lib/thumb/v7e-m/nofp/libc.a(lib_a-assert.o)
                0x0000000060011b2c                __assert_func
 .text._calloc_r
                0x0000000060011b6c       0x60 /home/rowan/zephyr-sdk-0.17.0/arm-zephyr-eabi/arm-zephyr-eabi/lib/thumb/v7e-m/nofp/libc.a(lib_a-callocr.o)
                0x0000000060011b6c                _calloc_r
 .text.fiprintf
                0x0000000060011bcc       0x28 /home/rowan/zephyr-sdk-0.17.0/arm-zephyr-eabi/arm-zephyr-eabi/lib/thumb/v7e-m/nofp/libc.a(lib_a-fiprintf.o)
                0x0000000060011bcc                fiprintf
 .text.memmove  0x0000000060011bf4      0x100 /home/rowan/zephyr-sdk-0.17.0/arm-zephyr-eabi/arm-zephyr-eabi/lib/thumb/v7e-m/nofp/libc.a(lib_a-memmove.o)
                0x0000000060011bf4                memmove
 .text._realloc_r
                0x0000000060011cf4      0x344 /home/rowan/zephyr-sdk-0.17.0/arm-zephyr-eabi/arm-zephyr-eabi/lib/thumb/v7e-m/nofp/libc.a(lib_a-reallocr.o)
                0x0000000060011cf4                _realloc_r
 .text._vfiprintf_r
                0x0000000060012038      0xd98 /home/rowan/zephyr-sdk-0.17.0/arm-zephyr-eabi/arm-zephyr-eabi/lib/thumb/v7e-m/nofp/libc.a(lib_a-vfiprintf.o)
                0x0000000060012038                _vfiprintf_r
 .text.__sbprintf
                0x0000000060012dd0       0x80 /home/rowan/zephyr-sdk-0.17.0/arm-zephyr-eabi/arm-zephyr-eabi/lib/thumb/v7e-m/nofp/libc.a(lib_a-vfiprintf.o)
 .text.__swsetup_r
                0x0000000060012e50       0xc4 /home/rowan/zephyr-sdk-0.17.0/arm-zephyr-eabi/arm-zephyr-eabi/lib/thumb/v7e-m/nofp/libc.a(lib_a-wsetup.o)
                0x0000000060012e50                __swsetup_r
 .text.__sflush_r
                0x0000000060012f14      0x110 /home/rowan/zephyr-sdk-0.17.0/arm-zephyr-eabi/arm-zephyr-eabi/lib/thumb/v7e-m/nofp/libc.a(lib_a-fflush.o)
                0x0000000060012f14                __sflush_r
 .text._fflush_r
                0x0000000060013024       0x5c /home/rowan/zephyr-sdk-0.17.0/arm-zephyr-eabi/arm-zephyr-eabi/lib/thumb/v7e-m/nofp/libc.a(lib_a-fflush.o)
                0x0000000060013024                _fflush_r
 .text._cleanup_r
                0x0000000060013080        0xc /home/rowan/zephyr-sdk-0.17.0/arm-zephyr-eabi/arm-zephyr-eabi/lib/thumb/v7e-m/nofp/libc.a(lib_a-findfp.o)
                0x0000000060013080                _cleanup_r
 .text.__sinit  0x000000006001308c      0x10c /home/rowan/zephyr-sdk-0.17.0/arm-zephyr-eabi/arm-zephyr-eabi/lib/thumb/v7e-m/nofp/libc.a(lib_a-findfp.o)
                0x000000006001308c                __sinit
 .text.__sfvwrite_r
                0x0000000060013198      0x2f8 /home/rowan/zephyr-sdk-0.17.0/arm-zephyr-eabi/arm-zephyr-eabi/lib/thumb/v7e-m/nofp/libc.a(lib_a-fvwrite.o)
                0x0000000060013198                __sfvwrite_r
 .text._fwalk_reent
                0x0000000060013490       0x48 /home/rowan/zephyr-sdk-0.17.0/arm-zephyr-eabi/arm-zephyr-eabi/lib/thumb/v7e-m/nofp/libc.a(lib_a-fwalk.o)
                0x0000000060013490                _fwalk_reent
 .text.__smakebuf_r
                0x00000000600134d8       0xc4 /home/rowan/zephyr-sdk-0.17.0/arm-zephyr-eabi/arm-zephyr-eabi/lib/thumb/v7e-m/nofp/libc.a(lib_a-makebuf.o)
                0x00000000600134d8                __smakebuf_r
 .text.__sread  0x000000006001359c       0x24 /home/rowan/zephyr-sdk-0.17.0/arm-zephyr-eabi/arm-zephyr-eabi/lib/thumb/v7e-m/nofp/libc.a(lib_a-stdio.o)
                0x000000006001359c                __sread
 .text.__swrite
                0x00000000600135c0       0x40 /home/rowan/zephyr-sdk-0.17.0/arm-zephyr-eabi/arm-zephyr-eabi/lib/thumb/v7e-m/nofp/libc.a(lib_a-stdio.o)
                0x00000000600135c0                __swrite
 .text.__sseek  0x0000000060013600       0x24 /home/rowan/zephyr-sdk-0.17.0/arm-zephyr-eabi/arm-zephyr-eabi/lib/thumb/v7e-m/nofp/libc.a(lib_a-stdio.o)
                0x0000000060013600                __sseek
 .text.__sclose
                0x0000000060013624        0x8 /home/rowan/zephyr-sdk-0.17.0/arm-zephyr-eabi/arm-zephyr-eabi/lib/thumb/v7e-m/nofp/libc.a(lib_a-stdio.o)
                0x0000000060013624                __sclose
 .text._write_r
                0x000000006001362c       0x2c /home/rowan/zephyr-sdk-0.17.0/arm-zephyr-eabi/arm-zephyr-eabi/lib/thumb/v7e-m/nofp/libc.a(lib_a-writer.o)
                0x000000006001362c                _write_r
 .text._close_r
                0x0000000060013658       0x24 /home/rowan/zephyr-sdk-0.17.0/arm-zephyr-eabi/arm-zephyr-eabi/lib/thumb/v7e-m/nofp/libc.a(lib_a-closer.o)
                0x0000000060013658                _close_r
 .text._fstat_r
                0x000000006001367c       0x2c /home/rowan/zephyr-sdk-0.17.0/arm-zephyr-eabi/arm-zephyr-eabi/lib/thumb/v7e-m/nofp/libc.a(lib_a-fstatr.o)
                0x000000006001367c                _fstat_r
 .text._isatty_r
                0x00000000600136a8       0x24 /home/rowan/zephyr-sdk-0.17.0/arm-zephyr-eabi/arm-zephyr-eabi/lib/thumb/v7e-m/nofp/libc.a(lib_a-isattyr.o)
                0x00000000600136a8                _isatty_r
 .text._lseek_r
                0x00000000600136cc       0x2c /home/rowan/zephyr-sdk-0.17.0/arm-zephyr-eabi/arm-zephyr-eabi/lib/thumb/v7e-m/nofp/libc.a(lib_a-lseekr.o)
                0x00000000600136cc                _lseek_r
 .text._read_r  0x00000000600136f8       0x2c /home/rowan/zephyr-sdk-0.17.0/arm-zephyr-eabi/arm-zephyr-eabi/lib/thumb/v7e-m/nofp/libc.a(lib_a-readr.o)
                0x00000000600136f8                _read_r
 .text._OffsetAbsSyms
                0x0000000060013724        0x2 zephyr/CMakeFiles/offsets.dir/./arch/arm/core/offsets/offsets.c.obj
                0x0000000060013724                _OffsetAbsSyms
 .text.gpio_pin_configure
                0x0000000060013726       0x18 app/libapp.a(Axis.cpp.obj)
 .text.uart_irq_tx_enable
                0x000000006001373e        0xa app/libapp.a(main.cpp.obj)
 .text.k_timer_start
                0x0000000060013748       0x10 app/libapp.a(main.cpp.obj)
 .text.uart_line_ctrl_get.isra.0
                0x0000000060013758        0xa app/libapp.a(main.cpp.obj)
 .text.k_sleep.isra.0
                0x0000000060013762        0x4 app/libapp.a(main.cpp.obj)
 .text._Z21pos_or_negative_floatf
                0x0000000060013766       0x22 app/libapp.a(main.cpp.obj)
                0x0000000060013766                pos_or_negative_float(float)
 .text._Z22stepAll_timer_callbackP7k_timer
                0x0000000060013788       0x12 app/libapp.a(main.cpp.obj)
                0x0000000060013788                stepAll_timer_callback(k_timer*)
 .text.chunk_size
                0x000000006001379a        0xa zephyr/libzephyr.a(heap.c.obj)
 .text.free_list_add
                0x00000000600137a4       0x4e zephyr/libzephyr.a(heap.c.obj)
 .text.free_list_remove_bidx
                0x00000000600137f2       0x3a zephyr/libzephyr.a(heap.c.obj)
 .text.free_list_remove
                0x000000006001382c       0x1a zephyr/libzephyr.a(heap.c.obj)
 .text.alloc_chunk
                0x0000000060013846       0x6e zephyr/libzephyr.a(heap.c.obj)
 .text.merge_chunks
                0x00000000600138b4       0x2c zephyr/libzephyr.a(heap.c.obj)
 .text.split_chunks
                0x00000000600138e0       0x34 zephyr/libzephyr.a(heap.c.obj)
 .text.free_chunk
                0x0000000060013914       0x62 zephyr/libzephyr.a(heap.c.obj)
 .text.sys_heap_free
                0x0000000060013976       0x1e zephyr/libzephyr.a(heap.c.obj)
                0x0000000060013976                sys_heap_free
 .text.sys_heap_alloc
                0x0000000060013994       0x52 zephyr/libzephyr.a(heap.c.obj)
                0x0000000060013994                sys_heap_alloc
 .text.sys_heap_aligned_alloc
                0x00000000600139e6       0xd2 zephyr/libzephyr.a(heap.c.obj)
                0x00000000600139e6                sys_heap_aligned_alloc
 .text.sys_heap_init
                0x0000000060013ab8       0x7a zephyr/libzephyr.a(heap.c.obj)
                0x0000000060013ab8                sys_heap_init
 .text.cbpprintf_external
                0x0000000060013b32       0x62 zephyr/libzephyr.a(cbprintf_packaged.c.obj)
                0x0000000060013b32                cbpprintf_external
 .text.is_ptr   0x0000000060013b94       0x4a zephyr/libzephyr.a(cbprintf_packaged.c.obj)
                0x0000000060013b94                is_ptr
 .text.arch_printk_char_out
                0x0000000060013bde        0x4 zephyr/libzephyr.a(printk.c.obj)
                0x0000000060013bde                arch_printk_char_out
 .text.str_out  0x0000000060013be2       0x24 zephyr/libzephyr.a(printk.c.obj)
 .text.printk   0x0000000060013c06       0x1a zephyr/libzephyr.a(printk.c.obj)
                0x0000000060013c06                printk
 .text.snprintk
                0x0000000060013c20       0x1a zephyr/libzephyr.a(printk.c.obj)
                0x0000000060013c20                snprintk
 .text.z_thread_entry
                0x0000000060013c3a       0x14 zephyr/libzephyr.a(thread_entry.c.obj)
                0x0000000060013c3a                z_thread_entry
 .text.outs     0x0000000060013c4e       0x2e zephyr/libzephyr.a(cbprintf_complete.c.obj)
 .text.free_space
                0x0000000060013c7c       0x26 zephyr/libzephyr.a(mpsc_pbuf.c.obj)
 .text.get_usage
                0x0000000060013ca2       0x22 zephyr/libzephyr.a(mpsc_pbuf.c.obj)
 .text.idx_inc  0x0000000060013cc4       0x1c zephyr/libzephyr.a(mpsc_pbuf.c.obj)
 .text.rd_idx_inc
                0x0000000060013ce0       0x18 zephyr/libzephyr.a(mpsc_pbuf.c.obj)
 .text.add_skip_item
                0x0000000060013cf8       0x3a zephyr/libzephyr.a(mpsc_pbuf.c.obj)
 .text.drop_item_locked
                0x0000000060013d32       0xee zephyr/libzephyr.a(mpsc_pbuf.c.obj)
 .text.post_drop_action
                0x0000000060013e20       0x36 zephyr/libzephyr.a(mpsc_pbuf.c.obj)
 .text.max_utilization_update
                0x0000000060013e56       0x1a zephyr/libzephyr.a(mpsc_pbuf.c.obj)
 .text.mpsc_pbuf_init
                0x0000000060013e70       0x42 zephyr/libzephyr.a(mpsc_pbuf.c.obj)
                0x0000000060013e70                mpsc_pbuf_init
 .text.mpsc_pbuf_alloc
                0x0000000060013eb2       0xf8 zephyr/libzephyr.a(mpsc_pbuf.c.obj)
                0x0000000060013eb2                mpsc_pbuf_alloc
 .text.mpsc_pbuf_commit
                0x0000000060013faa       0x3e zephyr/libzephyr.a(mpsc_pbuf.c.obj)
                0x0000000060013faa                mpsc_pbuf_commit
 .text.mpsc_pbuf_claim
                0x0000000060013fe8       0xa8 zephyr/libzephyr.a(mpsc_pbuf.c.obj)
                0x0000000060013fe8                mpsc_pbuf_claim
 .text.mpsc_pbuf_free
                0x0000000060014090       0x76 zephyr/libzephyr.a(mpsc_pbuf.c.obj)
                0x0000000060014090                mpsc_pbuf_free
 .text.mpsc_pbuf_is_pending
                0x0000000060014106       0x32 zephyr/libzephyr.a(mpsc_pbuf.c.obj)
                0x0000000060014106                mpsc_pbuf_is_pending
 .text.ring_buf_put_claim
                0x0000000060014138       0x40 zephyr/libzephyr.a(ring_buffer.c.obj)
                0x0000000060014138                ring_buf_put_claim
 .text.ring_buf_put_finish
                0x0000000060014178       0x2a zephyr/libzephyr.a(ring_buffer.c.obj)
                0x0000000060014178                ring_buf_put_finish
 .text.ring_buf_put
                0x00000000600141a2       0x3e zephyr/libzephyr.a(ring_buffer.c.obj)
                0x00000000600141a2                ring_buf_put
 .text.ring_buf_get_claim
                0x00000000600141e0       0x3e zephyr/libzephyr.a(ring_buffer.c.obj)
                0x00000000600141e0                ring_buf_get_claim
 .text.ring_buf_get_finish
                0x000000006001421e       0x2a zephyr/libzephyr.a(ring_buffer.c.obj)
                0x000000006001421e                ring_buf_get_finish
 .text.ring_buf_get
                0x0000000060014248       0x40 zephyr/libzephyr.a(ring_buffer.c.obj)
                0x0000000060014248                ring_buf_get
 .text._ConfigAbsSyms
                0x0000000060014288        0x2 zephyr/libzephyr.a(configs.c.obj)
                0x0000000060014288                _ConfigAbsSyms
 .text.log_msg_generic_get_wlen
                0x000000006001428a       0x20 zephyr/libzephyr.a(log_core.c.obj)
 .text.dummy_timestamp
                0x00000000600142aa        0x4 zephyr/libzephyr.a(log_core.c.obj)
 .text.atomic_inc
                0x00000000600142ae       0x1a zephyr/libzephyr.a(log_core.c.obj)
 .text.default_lf_get_timestamp
                0x00000000600142c8       0x10 zephyr/libzephyr.a(log_core.c.obj)
 .text.z_log_vprintk
                0x00000000600142d8       0x1c zephyr/libzephyr.a(log_core.c.obj)
                0x00000000600142d8                z_log_vprintk
 .text.z_log_notify_drop
                0x00000000600142f4        0x6 zephyr/libzephyr.a(log_core.c.obj)
 .text.z_log_get_tag
                0x00000000600142fa        0x4 zephyr/libzephyr.a(log_core.c.obj)
                0x00000000600142fa                z_log_get_tag
 .text.z_cbprintf_cpy
                0x00000000600142fe       0x2c zephyr/libzephyr.a(log_msg.c.obj)
 .text.z_log_msg_finalize
                0x000000006001432a       0x32 zephyr/libzephyr.a(log_msg.c.obj)
                0x000000006001432a                z_log_msg_finalize
 .text.z_log_msg_simple_create
                0x000000006001435c       0x6e zephyr/libzephyr.a(log_msg.c.obj)
 .text.z_impl_z_log_msg_simple_create_0
                0x00000000600143ca       0x12 zephyr/libzephyr.a(log_msg.c.obj)
                0x00000000600143ca                z_impl_z_log_msg_simple_create_0
 .text.z_impl_z_log_msg_simple_create_1
                0x00000000600143dc       0x14 zephyr/libzephyr.a(log_msg.c.obj)
                0x00000000600143dc                z_impl_z_log_msg_simple_create_1
 .text.z_impl_z_log_msg_simple_create_2
                0x00000000600143f0       0x18 zephyr/libzephyr.a(log_msg.c.obj)
                0x00000000600143f0                z_impl_z_log_msg_simple_create_2
 .text.log_output_write
                0x0000000060014408       0x1c zephyr/libzephyr.a(log_output.c.obj)
 .text.log_output_flush
                0x0000000060014424       0x1a zephyr/libzephyr.a(log_output.c.obj)
 .text.cbvprintf
                0x000000006001443e        0xe zephyr/libzephyr.a(log_output.c.obj)
 .text.out_func
                0x000000006001444c       0x36 zephyr/libzephyr.a(log_output.c.obj)
 .text.cr_out_func
                0x0000000060014482       0x1c zephyr/libzephyr.a(log_output.c.obj)
 .text.log_output_msg_process
                0x000000006001449e       0x6c zephyr/libzephyr.a(log_output.c.obj)
                0x000000006001449e                log_output_msg_process
 .text.format_set
                0x000000006001450a        0xc zephyr/libzephyr.a(log_backend_uart.c.obj)
 .text.log_backend_uart_init
                0x0000000060014516        0xc zephyr/libzephyr.a(log_backend_uart.c.obj)
 .text.panic    0x0000000060014522       0x32 zephyr/libzephyr.a(log_backend_uart.c.obj)
 .text.dropped  0x0000000060014554        0xa zephyr/libzephyr.a(log_backend_uart.c.obj)
 .text.process  0x000000006001455e       0x1e zephyr/libzephyr.a(log_backend_uart.c.obj)
 .text.get_ep_bm_from_addr
                0x000000006001457c       0x1e zephyr/libzephyr.a(usb_device.c.obj)
 .text.usb_write
                0x000000006001459a       0x30 zephyr/libzephyr.a(usb_device.c.obj)
                0x000000006001459a                usb_write
 .text.usb_get_dev_data_by_cfg
                0x00000000600145ca       0x16 zephyr/libzephyr.a(usb_descriptor.c.obj)
                0x00000000600145ca                usb_get_dev_data_by_cfg
 .text.usb_get_dev_data_by_iface
                0x00000000600145e0       0x1a zephyr/libzephyr.a(usb_descriptor.c.obj)
                0x00000000600145e0                usb_get_dev_data_by_iface
 .text.usb_get_dev_data_by_ep
                0x00000000600145fa       0x2c zephyr/libzephyr.a(usb_descriptor.c.obj)
                0x00000000600145fa                usb_get_dev_data_by_ep
 .text.usb_transfer_is_busy
                0x0000000060014626       0x16 zephyr/libzephyr.a(usb_transfer.c.obj)
                0x0000000060014626                usb_transfer_is_busy
 .text.cdc_interface_config
                0x000000006001463c       0x14 zephyr/libzephyr.a(cdc_acm.c.obj)
 .text.cdc_acm_irq_callback_work_handler
                0x0000000060014650        0xa zephyr/libzephyr.a(cdc_acm.c.obj)
 .text.cdc_acm_irq_tx_disable
                0x000000006001465a        0xa zephyr/libzephyr.a(cdc_acm.c.obj)
 .text.cdc_acm_irq_tx_ready
                0x0000000060014664       0x1e zephyr/libzephyr.a(cdc_acm.c.obj)
 .text.cdc_acm_irq_rx_disable
                0x0000000060014682        0xa zephyr/libzephyr.a(cdc_acm.c.obj)
 .text.cdc_acm_irq_rx_ready
                0x000000006001468c        0xe zephyr/libzephyr.a(cdc_acm.c.obj)
 .text.cdc_acm_irq_is_pending
                0x000000006001469a       0x1c zephyr/libzephyr.a(cdc_acm.c.obj)
 .text.cdc_acm_irq_callback_set
                0x00000000600146b6        0x8 zephyr/libzephyr.a(cdc_acm.c.obj)
 .text.cdc_acm_line_ctrl_get
                0x00000000600146be       0x32 zephyr/libzephyr.a(cdc_acm.c.obj)
 .text.cdc_acm_configure
                0x00000000600146f0       0x18 zephyr/libzephyr.a(cdc_acm.c.obj)
 .text.cdc_acm_config_get
                0x0000000060014708       0x5c zephyr/libzephyr.a(cdc_acm.c.obj)
 .text.cdc_acm_line_ctrl_set
                0x0000000060014764       0xbe zephyr/libzephyr.a(cdc_acm.c.obj)
 .text.cdc_acm_fifo_read
                0x0000000060014822       0x48 zephyr/libzephyr.a(cdc_acm.c.obj)
 .text.cdc_acm_poll_in
                0x000000006001486a       0x12 zephyr/libzephyr.a(cdc_acm.c.obj)
 .text.cdc_acm_irq_update
                0x000000006001487c       0x2e zephyr/libzephyr.a(cdc_acm.c.obj)
 .text.z_do_kernel_oops
                0x00000000600148aa        0x8 zephyr/arch/arch/arm/core/libarch__arm__core.a(fatal.c.obj)
                0x00000000600148aa                z_do_kernel_oops
 .text.z_arm_nmi
                0x00000000600148b2        0xe zephyr/arch/arch/arm/core/libarch__arm__core.a(nmi.c.obj)
                0x00000000600148b2                z_arm_nmi
 .text.z_log_msg_simple_create_0.constprop.0
                0x00000000600148c0        0x8 zephyr/arch/arch/arm/core/cortex_m/libarch__arm__core__cortex_m.a(fault.c.obj)
 .text.z_irq_spurious
                0x00000000600148c8        0x8 zephyr/arch/arch/arm/core/cortex_m/libarch__arm__core__cortex_m.a(irq_manage.c.obj)
                0x00000000600148c8                z_irq_spurious
 .text.arch_irq_unlock_outlined
                0x00000000600148d0        0xe zephyr/arch/arch/arm/core/cortex_m/libarch__arm__core__cortex_m.a(thread.c.obj)
                0x00000000600148d0                arch_irq_unlock_outlined
 .text.arch_cpu_idle
                0x00000000600148de       0x1a zephyr/arch/arch/arm/core/cortex_m/libarch__arm__core__cortex_m.a(cpu_idle.c.obj)
                0x00000000600148de                arch_cpu_idle
 .text.arch_cache_init
                0x00000000600148f8        0x2 zephyr/arch/arch/arm/core/cortex_m/libarch__arm__core__cortex_m.a(cache.c.obj)
                0x00000000600148f8                arch_cache_init
 .text.size_to_mpu_rasr_size
                0x00000000600148fa       0x20 zephyr/arch/arch/arm/core/mpu/libarch__arm__core__mpu.a(arm_mpu.c.obj)
 .text._stdin_hook_default
                0x000000006001491a        0x4 zephyr/lib/libc/newlib/liblib__libc__newlib.a(libc-hooks.c.obj)
 .text._stdout_hook_default
                0x000000006001491e        0x6 zephyr/lib/libc/newlib/liblib__libc__newlib.a(libc-hooks.c.obj)
 .text.malloc_prepare
                0x0000000060014924        0x4 zephyr/lib/libc/newlib/liblib__libc__newlib.a(libc-hooks.c.obj)
 .text._read    0x0000000060014928        0x8 zephyr/lib/libc/newlib/liblib__libc__newlib.a(libc-hooks.c.obj)
                0x0000000060014928                read
                0x0000000060014928                _read
 .text._write   0x0000000060014930        0x8 zephyr/lib/libc/newlib/liblib__libc__newlib.a(libc-hooks.c.obj)
                0x0000000060014930                write
                0x0000000060014930                _write
 .text._close   0x0000000060014938        0x6 zephyr/lib/libc/newlib/liblib__libc__newlib.a(libc-hooks.c.obj)
                0x0000000060014938                close
                0x0000000060014938                _close
 .text._lseek   0x000000006001493e        0x4 zephyr/lib/libc/newlib/liblib__libc__newlib.a(libc-hooks.c.obj)
                0x000000006001493e                lseek
                0x000000006001493e                _lseek
 .text._isatty  0x0000000060014942        0xa zephyr/lib/libc/newlib/liblib__libc__newlib.a(libc-hooks.c.obj)
                0x0000000060014942                isatty
                0x0000000060014942                _isatty
 .text._fstat   0x000000006001494c        0xa zephyr/lib/libc/newlib/liblib__libc__newlib.a(libc-hooks.c.obj)
                0x000000006001494c                _fstat
                0x000000006001494c                fstat
 .text.__retarget_lock_init_recursive
                0x0000000060014956       0x14 zephyr/lib/libc/newlib/liblib__libc__newlib.a(libc-hooks.c.obj)
                0x0000000060014956                __retarget_lock_init_recursive
 .text.__retarget_lock_close_recursive
                0x000000006001496a        0x4 zephyr/lib/libc/newlib/liblib__libc__newlib.a(libc-hooks.c.obj)
                0x000000006001496a                __retarget_lock_close_recursive
 .text.__retarget_lock_acquire_recursive
                0x000000006001496e        0xc zephyr/lib/libc/newlib/liblib__libc__newlib.a(libc-hooks.c.obj)
                0x000000006001496e                __retarget_lock_acquire_recursive
 .text.__retarget_lock_release_recursive
                0x000000006001497a        0x4 zephyr/lib/libc/newlib/liblib__libc__newlib.a(libc-hooks.c.obj)
                0x000000006001497a                __retarget_lock_release_recursive
 .text.z_log_msg_simple_create_0.constprop.0
                0x000000006001497e        0x8 zephyr/drivers/usb/device/libdrivers__usb__device.a(usb_dc_mcux.c.obj)
 .text.usb_dc_ep_read
                0x0000000060014986       0x1e zephyr/drivers/usb/device/libdrivers__usb__device.a(usb_dc_mcux.c.obj)
                0x0000000060014986                usb_dc_ep_read
 .text.mcux_ccm_on
                0x00000000600149a4        0x4 zephyr/drivers/clock_control/libdrivers__clock_control.a(clock_control_mcux_ccm.c.obj)
 .text.mcux_ccm_set_subsys_rate
                0x00000000600149a8        0x6 zephyr/drivers/clock_control/libdrivers__clock_control.a(clock_control_mcux_ccm.c.obj)
 .text.mcux_ccm_init
                0x00000000600149ae        0x4 zephyr/drivers/clock_control/libdrivers__clock_control.a(clock_control_mcux_ccm.c.obj)
 .text.mcux_ccm_off
                0x00000000600149b2        0x4 zephyr/drivers/clock_control/libdrivers__clock_control.a(clock_control_mcux_ccm.c.obj)
 .text.mcux_igpio_port_get_raw
                0x00000000600149b6        0xc zephyr/drivers/gpio/libdrivers__gpio.a(gpio_mcux_igpio.c.obj)
 .text.mcux_igpio_port_set_masked_raw
                0x00000000600149c2       0x12 zephyr/drivers/gpio/libdrivers__gpio.a(gpio_mcux_igpio.c.obj)
 .text.mcux_igpio_port_set_bits_raw
                0x00000000600149d4        0xc zephyr/drivers/gpio/libdrivers__gpio.a(gpio_mcux_igpio.c.obj)
 .text.mcux_igpio_port_clear_bits_raw
                0x00000000600149e0        0xc zephyr/drivers/gpio/libdrivers__gpio.a(gpio_mcux_igpio.c.obj)
 .text.mcux_igpio_port_toggle_bits
                0x00000000600149ec        0xc zephyr/drivers/gpio/libdrivers__gpio.a(gpio_mcux_igpio.c.obj)
 .text.mcux_igpio_pin_interrupt_configure
                0x00000000600149f8       0xd6 zephyr/drivers/gpio/libdrivers__gpio.a(gpio_mcux_igpio.c.obj)
 .text.mcux_igpio_manage_callback
                0x0000000060014ace       0x52 zephyr/drivers/gpio/libdrivers__gpio.a(gpio_mcux_igpio.c.obj)
 .text.mcux_igpio_5_init
                0x0000000060014b20        0x4 zephyr/drivers/gpio/libdrivers__gpio.a(gpio_mcux_igpio.c.obj)
 .text.mcux_igpio_configure
                0x0000000060014b24       0xdc zephyr/drivers/gpio/libdrivers__gpio.a(gpio_mcux_igpio.c.obj)