Archive member included to satisfy reference by file (symbol)

app/libapp.a(Axis.cpp.obj)    (--whole-archive)
app/libapp.a(main.cpp.obj)    (--whole-archive)
zephyr/libzephyr.a(heap.c.obj)
                              (--whole-archive)
zephyr/libzephyr.a(cbprintf_packaged.c.obj)
                              (--whole-archive)
zephyr/libzephyr.a(printk.c.obj)
                              (--whole-archive)
zephyr/libzephyr.a(sem.c.obj)
                              (--whole-archive)
zephyr/libzephyr.a(thread_entry.c.obj)
                              (--whole-archive)
zephyr/libzephyr.a(cbprintf_complete.c.obj)
                              (--whole-archive)
zephyr/libzephyr.a(cbprintf.c.obj)
                              (--whole-archive)
zephyr/libzephyr.a(assert.c.obj)
                              (--whole-archive)
zephyr/libzephyr.a(mpsc_pbuf.c.obj)
                              (--whole-archive)
zephyr/libzephyr.a(dec.c.obj)
                              (--whole-archive)
zephyr/libzephyr.a(hex.c.obj)
                              (--whole-archive)
zephyr/libzephyr.a(rb.c.obj)  (--whole-archive)
zephyr/libzephyr.a(timeutil.c.obj)
                              (--whole-archive)
zephyr/libzephyr.a(bitarray.c.obj)
                              (--whole-archive)
zephyr/libzephyr.a(ring_buffer.c.obj)
                              (--whole-archive)
zephyr/libzephyr.a(configs.c.obj)
                              (--whole-archive)
zephyr/libzephyr.a(soc.c.obj)
                              (--whole-archive)
zephyr/libzephyr.a(mpu_regions.c.obj)
                              (--whole-archive)
zephyr/libzephyr.a(log_core.c.obj)
                              (--whole-archive)
zephyr/libzephyr.a(log_mgmt.c.obj)
                              (--whole-archive)
zephyr/libzephyr.a(log_cache.c.obj)
                              (--whole-archive)
zephyr/libzephyr.a(log_msg.c.obj)
                              (--whole-archive)
zephyr/libzephyr.a(log_output.c.obj)
                              (--whole-archive)
zephyr/libzephyr.a(log_backend_uart.c.obj)
                              (--whole-archive)
zephyr/libzephyr.a(mem_attr.c.obj)
                              (--whole-archive)
zephyr/libzephyr.a(tracing_none.c.obj)
                              (--whole-archive)
zephyr/libzephyr.a(usb_device.c.obj)
                              (--whole-archive)
zephyr/libzephyr.a(usb_descriptor.c.obj)
                              (--whole-archive)
zephyr/libzephyr.a(usb_transfer.c.obj)
                              (--whole-archive)
zephyr/libzephyr.a(cdc_acm.c.obj)
                              (--whole-archive)
zephyr/libzephyr.a(usb_work_q.c.obj)
                              (--whole-archive)
zephyr/arch/common/libarch__common.a(sw_isr_common.c.obj)
                              (--whole-archive)
zephyr/arch/arch/arm/core/libarch__arm__core.a(fatal.c.obj)
                              (--whole-archive)
zephyr/arch/arch/arm/core/libarch__arm__core.a(nmi.c.obj)
                              (--whole-archive)
zephyr/arch/arch/arm/core/libarch__arm__core.a(nmi_on_reset.S.obj)
                              (--whole-archive)
zephyr/arch/arch/arm/core/cortex_m/libarch__arm__core__cortex_m.a(exc_exit.c.obj)
                              (--whole-archive)
zephyr/arch/arch/arm/core/cortex_m/libarch__arm__core__cortex_m.a(fault.c.obj)
                              (--whole-archive)
zephyr/arch/arch/arm/core/cortex_m/libarch__arm__core__cortex_m.a(fault_s.S.obj)
                              (--whole-archive)
zephyr/arch/arch/arm/core/cortex_m/libarch__arm__core__cortex_m.a(fpu.c.obj)
                              (--whole-archive)
zephyr/arch/arch/arm/core/cortex_m/libarch__arm__core__cortex_m.a(reset.S.obj)
                              (--whole-archive)
zephyr/arch/arch/arm/core/cortex_m/libarch__arm__core__cortex_m.a(scb.c.obj)
                              (--whole-archive)
zephyr/arch/arch/arm/core/cortex_m/libarch__arm__core__cortex_m.a(thread_abort.c.obj)
                              (--whole-archive)
zephyr/arch/arch/arm/core/cortex_m/libarch__arm__core__cortex_m.a(vector_table.S.obj)
                              (--whole-archive)
zephyr/arch/arch/arm/core/cortex_m/libarch__arm__core__cortex_m.a(swap.c.obj)
                              (--whole-archive)
zephyr/arch/arch/arm/core/cortex_m/libarch__arm__core__cortex_m.a(swap_helper.S.obj)
                              (--whole-archive)
zephyr/arch/arch/arm/core/cortex_m/libarch__arm__core__cortex_m.a(irq_manage.c.obj)
                              (--whole-archive)
zephyr/arch/arch/arm/core/cortex_m/libarch__arm__core__cortex_m.a(prep_c.c.obj)
                              (--whole-archive)
zephyr/arch/arch/arm/core/cortex_m/libarch__arm__core__cortex_m.a(thread.c.obj)
                              (--whole-archive)
zephyr/arch/arch/arm/core/cortex_m/libarch__arm__core__cortex_m.a(cpu_idle.c.obj)
                              (--whole-archive)
[...]
Memory Configuration

Name             Origin             Length             Attributes
FLASH            0x0000000060000000 0x0000000000800000 xr
RAM              0x0000000020280000 0x0000000000040000 xw
ITCM             0x0000000000000000 0x0000000000020000
DTCM             0x0000000020000000 0x0000000000020000
OCRAM            0x0000000020280000 0x0000000000040000
OCRAM2           0x0000000020200000 0x0000000000080000
IDT_LIST         0x00000000ffff7fff 0x0000000000008000 xw
*default*        0x0000000000000000 0xffffffffffffffff

Linker script and memory map

LOAD zephyr/CMakeFiles/zephyr_pre0.dir/misc/empty_file.c.obj
LOAD zephyr/CMakeFiles/offsets.dir/./arch/arm/core/offsets/offsets.c.obj
LOAD app/libapp.a
LOAD zephyr/libzephyr.a
LOAD zephyr/arch/common/libarch__common.a
LOAD zephyr/arch/arch/arm/core/libarch__arm__core.a
LOAD zephyr/arch/arch/arm/core/cortex_m/libarch__arm__core__cortex_m.a
LOAD zephyr/arch/arch/arm/core/mpu/libarch__arm__core__mpu.a
LOAD zephyr/lib/libc/newlib/liblib__libc__newlib.a
LOAD zephyr/lib/libc/common/liblib__libc__common.a
LOAD zephyr/boards/pjrc/teensy4/libboards__pjrc__teensy4.a
LOAD zephyr/drivers/usb/device/libdrivers__usb__device.a
LOAD zephyr/drivers/clock_control/libdrivers__clock_control.a
LOAD zephyr/drivers/console/libdrivers__console.a
LOAD zephyr/drivers/gpio/libdrivers__gpio.a
LOAD zephyr/drivers/hwinfo/libdrivers__hwinfo.a
LOAD zephyr/drivers/memc/libdrivers__memc.a
LOAD zephyr/drivers/pinctrl/libdrivers__pinctrl.a
LOAD zephyr/drivers/serial/libdrivers__serial.a
LOAD zephyr/drivers/timer/libdrivers__timer.a
LOAD modules/hal_nxp/hal_nxp/lib..__modules__hal__nxp.a
LOAD zephyr/kernel/libkernel.a
LOAD zephyr/arch/common/libisr_tables.a
LOAD /home/rowan/zephyr-sdk-0.17.0/arm-zephyr-eabi/arm-zephyr-eabi/lib/thumb/v7e-m/nofp/libm.a
LOAD /home/rowan/zephyr-sdk-0.17.0/arm-zephyr-eabi/arm-zephyr-eabi/lib/thumb/v7e-m/nofp/libc.a
LOAD /home/rowan/zephyr-sdk-0.17.0/arm-zephyr-eabi/bin/../lib/gcc/arm-zephyr-eabi/12.2.0/thumb/v7e-m/nofp/libgcc.a
LOAD /home/rowan/zephyr-sdk-0.17.0/arm-zephyr-eabi/arm-zephyr-eabi/lib/thumb/v7e-m/nofp/libc.a
                0x0000000000000020                _region_min_align = 0x20

.rel.plt        0x0000000060000000        0x0
 *(SORT_BY_ALIGNMENT(.rel.plt))
                [!provide]                        PROVIDE (__rel_iplt_start = .)
 *(SORT_BY_ALIGNMENT(.rel.iplt))
 .rel.iplt      0x0000000060000000        0x0 app/libapp.a(Axis.cpp.obj)
                [!provide]                        PROVIDE (__rel_iplt_end = .)

.rela.plt       0x0000000000000000        0x0
 *(SORT_BY_ALIGNMENT(.rela.plt))
                [!provide]                        PROVIDE (__rela_iplt_start = .)
 *(SORT_BY_ALIGNMENT(.rela.iplt))
                [!provide]                        PROVIDE (__rela_iplt_end = .)

.rel.dyn
 *(SORT_BY_ALIGNMENT(.rel.*))

.rela.dyn
 *(SORT_BY_ALIGNMENT(.rela.*))

/DISCARD/
 *(SORT_BY_ALIGNMENT(.plt))

/DISCARD/
 *(SORT_BY_ALIGNMENT(.iplt))
                0x0000000060000000                __rom_region_start = 0x60000000

rom_start       0x0000000060000000     0x22c0
                0x0000000060000000                __rom_start_address = .
 FILL mask 0x00
                0x0000000000000000                . = 0x0
 *(SORT_BY_ALIGNMENT(.boot_hdr.conf))
 .boot_hdr.conf
                0x0000000060000000      0x200 zephyr/boards/pjrc/teensy4/libboards__pjrc__teensy4.a(flexspi_nor_config.c.obj)
                0x0000000060000000                Qspiflash_config
                0x0000000000001000                . = 0x1000
 *fill*         0x0000000060000200      0xe00 00
 *(SORT_BY_ALIGNMENT(.boot_hdr.ivt))
 .boot_hdr.ivt  0x0000000060001000       0x20 zephyr/libzephyr.a(soc.c.obj)
                0x0000000060001000                image_vector_table
 *(SORT_BY_ALIGNMENT(.boot_hdr.data))
 .boot_hdr.data
                0x0000000060001020       0x10 zephyr/libzephyr.a(soc.c.obj)
                0x0000000060001020                boot_data
                0x0000000060002000                . = (. + (0x2000 - (. - __rom_start_address)))
 *fill*         0x0000000060001030      0xfd0 00
                0x0000000060002000                . = ALIGN (0x4)
                0x0000000060002000                . = ALIGN (0x80)
                0x0000000060002000                . = ALIGN (0x400)
                0x0000000060002000                _vector_start = .
 *(SORT_BY_ALIGNMENT(.exc_vector_table))
 *(SORT_BY_ALIGNMENT(.exc_vector_table.*))
 .exc_vector_table._vector_table_section
                0x0000000060002000       0x40 zephyr/arch/arch/arm/core/cortex_m/libarch__arm__core__cortex_m.a(vector_table.S.obj)
                0x0000000060002000                _vector_table
 *(SORT_BY_ALIGNMENT(.vectors))
                0x00000000600022c0                _vector_end = .
                0x0000000060002040                . = ALIGN (0x4)
 *(SORT_BY_ALIGNMENT(.gnu.linkonce.irq_vector_table*))
 .gnu.linkonce.irq_vector_table
                0x0000000060002040      0x280 zephyr/arch/common/libisr_tables.a(isr_tables.c.obj)
                0x0000000060002040                _irq_vector_table
                0x00000000600022c0                _vector_end = .

text            0x00000000600022c0    0x13e3c
                0x00000000600022c0                __text_region_start = .
 *(SORT_BY_ALIGNMENT(.text))
 .text          0x00000000600022c0       0xdc /home/rowan/zephyr-sdk-0.17.0/arm-zephyr-eabi/arm-zephyr-eabi/lib/thumb/v7e-m/nofp/libc.a(lib_a-strlen.o)
                0x00000000600022c0                strlen
 *fill*         0x000000006000239c        0x4 
 .text          0x00000000600023a0       0xa0 /home/rowan/zephyr-sdk-0.17.0/arm-zephyr-eabi/arm-zephyr-eabi/lib/thumb/v7e-m/nofp/libc.a(lib_a-memchr.o)
                0x00000000600023a0                memchr
 .text          0x0000000060002440      0x134 /home/rowan/zephyr-sdk-0.17.0/arm-zephyr-eabi/arm-zephyr-eabi/lib/thumb/v7e-m/nofp/libc.a(lib_a-memcpy.o)
                0x0000000060002440                memcpy
 .text          0x0000000060002574      0x378 /home/rowan/zephyr-sdk-0.17.0/arm-zephyr-eabi/bin/../lib/gcc/arm-zephyr-eabi/12.2.0/thumb/v7e-m/nofp/libgcc.a(_arm_addsubdf3.o)
                0x0000000060002574                __aeabi_drsub
                0x000000006000257c                __aeabi_dsub
                0x000000006000257c                __subdf3
                0x0000000060002580                __adddf3
                0x0000000060002580                __aeabi_dadd
                0x00000000600027f8                __aeabi_ui2d
                0x00000000600027f8                __floatunsidf
                0x0000000060002818                __floatsidf
                0x0000000060002818                __aeabi_i2d
                0x000000006000283c                __extendsfdf2
                0x000000006000283c                __aeabi_f2d
                0x0000000060002880                __aeabi_ul2d
                0x0000000060002880                __floatundidf
                0x0000000060002890                __floatdidf
                0x0000000060002890                __aeabi_l2d
 .text          0x00000000600028ec      0x424 /home/rowan/zephyr-sdk-0.17.0/arm-zephyr-eabi/bin/../lib/gcc/arm-zephyr-eabi/12.2.0/thumb/v7e-m/nofp/libgcc.a(_arm_muldivdf3.o)
                0x00000000600028ec                __aeabi_dmul
                0x00000000600028ec                __muldf3
                0x0000000060002b40                __aeabi_ddiv
                0x0000000060002b40                __divdf3
 .text          0x0000000060002d10      0x110 /home/rowan/zephyr-sdk-0.17.0/arm-zephyr-eabi/bin/../lib/gcc/arm-zephyr-eabi/12.2.0/thumb/v7e-m/nofp/libgcc.a(_arm_cmpdf2.o)
                0x0000000060002d10                __gtdf2
                0x0000000060002d10                __gedf2
                0x0000000060002d18                __ltdf2
                0x0000000060002d18                __ledf2
                0x0000000060002d20                __cmpdf2
                0x0000000060002d20                __eqdf2
                0x0000000060002d20                __nedf2
                0x0000000060002d9c                __aeabi_cdrcmple
                0x0000000060002dac                __aeabi_cdcmple
                0x0000000060002dac                __aeabi_cdcmpeq
                0x0000000060002dbc                __aeabi_dcmpeq
                0x0000000060002dd0                __aeabi_dcmplt
                0x0000000060002de4                __aeabi_dcmple
                0x0000000060002df8                __aeabi_dcmpge
                0x0000000060002e0c                __aeabi_dcmpgt
 .text          0x0000000060002e20       0x2c /home/rowan/zephyr-sdk-0.17.0/arm-zephyr-eabi/bin/../lib/gcc/arm-zephyr-eabi/12.2.0/thumb/v7e-m/nofp/libgcc.a(_arm_unorddf2.o)
                0x0000000060002e20                __aeabi_dcmpun
                0x0000000060002e20                __unorddf2
 .text          0x0000000060002e4c       0x50 /home/rowan/zephyr-sdk-0.17.0/arm-zephyr-eabi/bin/../lib/gcc/arm-zephyr-eabi/12.2.0/thumb/v7e-m/nofp/libgcc.a(_arm_fixdfsi.o)
                0x0000000060002e4c                __fixdfsi
                0x0000000060002e4c                __aeabi_d2iz
 .text          0x0000000060002e9c       0x40 /home/rowan/zephyr-sdk-0.17.0/arm-zephyr-eabi/bin/../lib/gcc/arm-zephyr-eabi/12.2.0/thumb/v7e-m/nofp/libgcc.a(_arm_fixunsdfsi.o)
                0x0000000060002e9c                __fixunsdfsi
                0x0000000060002e9c                __aeabi_d2uiz
 .text          0x0000000060002edc       0xa0 /home/rowan/zephyr-sdk-0.17.0/arm-zephyr-eabi/bin/../lib/gcc/arm-zephyr-eabi/12.2.0/thumb/v7e-m/nofp/libgcc.a(_arm_truncdfsf2.o)
                0x0000000060002edc                __aeabi_d2f
                0x0000000060002edc                __truncdfsf2
 .text          0x0000000060002f7c      0x21c /home/rowan/zephyr-sdk-0.17.0/arm-zephyr-eabi/bin/../lib/gcc/arm-zephyr-eabi/12.2.0/thumb/v7e-m/nofp/libgcc.a(_arm_addsubsf3.o)
                0x0000000060002f7c                __aeabi_frsub
                0x0000000060002f84                __subsf3
                0x0000000060002f84                __aeabi_fsub
                0x0000000060002f88                __aeabi_fadd
                0x0000000060002f88                __addsf3
                0x00000000600030e8                __aeabi_ui2f
                0x00000000600030e8                __floatunsisf
                0x00000000600030f0                __aeabi_i2f
                0x00000000600030f0                __floatsisf
                0x000000006000310c                __floatundisf
                0x000000006000310c                __aeabi_ul2f
                0x000000006000311c                __floatdisf
                0x000000006000311c                __aeabi_l2f
 .text          0x0000000060003198      0x2a0 /home/rowan/zephyr-sdk-0.17.0/arm-zephyr-eabi/bin/../lib/gcc/arm-zephyr-eabi/12.2.0/thumb/v7e-m/nofp/libgcc.a(_arm_muldivsf3.o)
                0x0000000060003198                __mulsf3
                0x0000000060003198                __aeabi_fmul
                0x0000000060003300                __divsf3
                0x0000000060003300                __aeabi_fdiv
 .text          0x0000000060003438       0xec /home/rowan/zephyr-sdk-0.17.0/arm-zephyr-eabi/bin/../lib/gcc/arm-zephyr-eabi/12.2.0/thumb/v7e-m/nofp/libgcc.a(_arm_cmpsf2.o)
                0x0000000060003438                __gtsf2
                0x0000000060003438                __gesf2
                0x0000000060003440                __lesf2
                0x0000000060003440                __ltsf2
                0x0000000060003448                __nesf2
                0x0000000060003448                __eqsf2
                0x0000000060003448                __cmpsf2
                0x00000000600034a8                __aeabi_cfrcmple
                0x00000000600034b0                __aeabi_cfcmple
                0x00000000600034b0                __aeabi_cfcmpeq
                0x00000000600034c0                __aeabi_fcmpeq
                0x00000000600034d4                __aeabi_fcmplt
                0x00000000600034e8                __aeabi_fcmple
                0x00000000600034fc                __aeabi_fcmpge
                0x0000000060003510                __aeabi_fcmpgt
 .text          0x0000000060003524       0x4c /home/rowan/zephyr-sdk-0.17.0/arm-zephyr-eabi/bin/../lib/gcc/arm-zephyr-eabi/12.2.0/thumb/v7e-m/nofp/libgcc.a(_arm_fixsfsi.o)
                0x0000000060003524                __fixsfsi
                0x0000000060003524                __aeabi_f2iz
 .text          0x0000000060003570       0x30 /home/rowan/zephyr-sdk-0.17.0/arm-zephyr-eabi/bin/../lib/gcc/arm-zephyr-eabi/12.2.0/thumb/v7e-m/nofp/libgcc.a(_aeabi_uldivmod.o)
                0x0000000060003570                __aeabi_uldivmod
 .text          0x00000000600035a0       0x3c /home/rowan/zephyr-sdk-0.17.0/arm-zephyr-eabi/bin/../lib/gcc/arm-zephyr-eabi/12.2.0/thumb/v7e-m/nofp/libgcc.a(_fixunsdfdi.o)
                0x00000000600035a0                __aeabi_d2ulz
                0x00000000600035a0                __fixunsdfdi
 .text          0x00000000600035dc        0x4 /home/rowan/zephyr-sdk-0.17.0/arm-zephyr-eabi/bin/../lib/gcc/arm-zephyr-eabi/12.2.0/thumb/v7e-m/nofp/libgcc.a(_dvmd_tls.o)
                0x00000000600035dc                __aeabi_ldiv0
                0x00000000600035dc                __aeabi_idiv0
 .text          0x00000000600035e0       0x2e /home/rowan/zephyr-sdk-0.17.0/arm-zephyr-eabi/bin/../lib/gcc/arm-zephyr-eabi/12.2.0/thumb/v7e-m/nofp/libgcc.a(_fixdfdi.o)
                0x00000000600035e0                __aeabi_d2lz
                0x00000000600035e0                __fixdfdi
 .text          0x000000006000360e      0x2a0 /home/rowan/zephyr-sdk-0.17.0/arm-zephyr-eabi/bin/../lib/gcc/arm-zephyr-eabi/12.2.0/thumb/v7e-m/nofp/libgcc.a(_udivmoddi4.o)
                0x000000006000360e                __udivmoddi4
 *(SORT_BY_ALIGNMENT(.text.*))
 *fill*         0x00000000600038ae        0x2 
 .text._Z22degPerSecToUsecPerStepfi
                0x00000000600038b0       0x6c app/libapp.a(main.cpp.obj)
                0x00000000600038b0                degPerSecToUsecPerStep(float, int)
 *fill*         0x000000006000391c        0x4 
 .text._Z19accelTimer_callbackP7k_timer
                0x0000000060003920      0x21c app/libapp.a(main.cpp.obj)
                0x0000000060003920                accelTimer_callback(k_timer*)
 *fill*         0x0000000060003b3c        0x4 
 .text._strtod_l
                0x0000000060003b40      0xfb0 /home/rowan/zephyr-sdk-0.17.0/arm-zephyr-eabi/arm-zephyr-eabi/lib/thumb/v7e-m/nofp/libc.a(lib_a-strtod.o)
                0x0000000060003b40                _strtod_l
 .text._dtoa_r  0x0000000060004af0      0xe48 /home/rowan/zephyr-sdk-0.17.0/arm-zephyr-eabi/arm-zephyr-eabi/lib/thumb/v7e-m/nofp/libc.a(lib_a-dtoa.o)
                0x0000000060004af0                _dtoa_r
 .text._ZN4Axis6attachEv
                0x0000000060005938       0x9c app/libapp.a(Axis.cpp.obj)
                0x0000000060005938                Axis::attach()
 .text._Z31pingStepPosition_timer_callbackP7k_timer
                0x00000000600059d4       0x60 app/libapp.a(main.cpp.obj)
                0x00000000600059d4                pingStepPosition_timer_callback(k_timer*)
 .text._Z24pingSpeed_timer_callbackP7k_timer
                0x0000000060005a34       0x8c app/libapp.a(main.cpp.obj)
                0x0000000060005a34                pingSpeed_timer_callback(k_timer*)
 .text._Z7sendMsgPKc
                0x0000000060005ac0       0x28 app/libapp.a(main.cpp.obj)
                0x0000000060005ac0                sendMsg(char const*)
 .text._Z10testLimitsv
                0x0000000060005ae8       0x20 app/libapp.a(main.cpp.obj)
                0x0000000060005ae8                testLimits()
 .text._Z30parseAbsoluteTargetVelocityCmdPh
                0x0000000060005b08      0x144 app/libapp.a(main.cpp.obj)
                0x0000000060005b08                parseAbsoluteTargetVelocityCmd(unsigned char*)
 .text._Z12angleToStepsfi
                0x0000000060005c4c       0x40 app/libapp.a(main.cpp.obj)
                0x0000000060005c4c                angleToSteps(float, int)
 .text._Z30parseAbsoluteTargetPositionCmdPh
                0x0000000060005c8c      0x168 app/libapp.a(main.cpp.obj)
                0x0000000060005c8c                parseAbsoluteTargetPositionCmd(unsigned char*)
 .text._Z15parseSettingCmdPh
                0x0000000060005df4      0x21c app/libapp.a(main.cpp.obj)
                0x0000000060005df4                parseSettingCmd(unsigned char*)
 .text._Z12stepsToAngleii
                0x0000000060006010       0x4c app/libapp.a(main.cpp.obj)
                0x0000000060006010                stepsToAngle(int, int)
 .text._Z12updateAnglesv
                0x000000006000605c       0x28 app/libapp.a(main.cpp.obj)
                0x000000006000605c                updateAngles()
 .text._Z32pingAnglePosition_timer_callbackP7k_timer
                0x0000000060006084       0xa8 app/libapp.a(main.cpp.obj)
                0x0000000060006084                pingAnglePosition_timer_callback(k_timer*)
 .text._Z33parseIncrementalTargetPositionCmdPh
                0x000000006000612c      0x124 app/libapp.a(main.cpp.obj)
                0x000000006000612c                parseIncrementalTargetPositionCmd(unsigned char*)
 .text._Z12parseHomeCmdPh
                0x0000000060006250      0x12c app/libapp.a(main.cpp.obj)
                0x0000000060006250                parseHomeCmd(unsigned char*)
 .text._Z8parseCmdPh
                0x000000006000637c       0xa4 app/libapp.a(main.cpp.obj)
                0x000000006000637c                parseCmd(unsigned char*)
 .text._ZL17interrupt_handlerPK6devicePv
                0x0000000060006420      0x104 app/libapp.a(main.cpp.obj)
 .text._Z8set_gpioiii
                0x0000000060006524       0x54 app/libapp.a(main.cpp.obj)
                0x0000000060006524                set_gpio(int, int, int)
 .text._Z8stepAxisi
                0x0000000060006578       0xd8 app/libapp.a(main.cpp.obj)
                0x0000000060006578                stepAxis(int)
 .text._Z22stepper_timer_callbackP7k_timer
                0x0000000060006650       0xd0 app/libapp.a(main.cpp.obj)
                0x0000000060006650                stepper_timer_callback(k_timer*)
 .text._Z8get_gpioii
                0x0000000060006720       0x5c app/libapp.a(main.cpp.obj)
                0x0000000060006720                get_gpio(int, int)
 .text._Z19comm_timer_callbackP7k_timer
                0x000000006000677c       0x68 app/libapp.a(main.cpp.obj)
                0x000000006000677c                comm_timer_callback(k_timer*)
 .text._Z19home_timer_callbackP7k_timer
                0x00000000600067e4      0x168 app/libapp.a(main.cpp.obj)
                0x00000000600067e4                home_timer_callback(k_timer*)
 .text.main     0x000000006000694c      0x6ec app/libapp.a(main.cpp.obj)
                0x000000006000694c                main
 .text._GLOBAL__sub_I_log_const_cdc_acm_echo
                0x0000000060007038       0x50 app/libapp.a(main.cpp.obj)
 .text.cbvprintf_package
                0x0000000060007088      0x3a4 zephyr/libzephyr.a(cbprintf_packaged.c.obj)
                0x0000000060007088                cbvprintf_package
 .text.cbprintf_package_convert
                0x000000006000742c      0x3cc zephyr/libzephyr.a(cbprintf_packaged.c.obj)
                0x000000006000742c                cbprintf_package_convert
 .text.__printk_hook_install
                0x00000000600077f8        0xc zephyr/libzephyr.a(printk.c.obj)
                0x00000000600077f8                __printk_hook_install
 .text.vsnprintk
                0x0000000060007804       0x2c zephyr/libzephyr.a(printk.c.obj)
                0x0000000060007804                vsnprintk
 .text.extract_decimal
                0x0000000060007830       0x2c zephyr/libzephyr.a(cbprintf_complete.c.obj)
 .text.encode_uint
                0x000000006000785c       0x9c zephyr/libzephyr.a(cbprintf_complete.c.obj)
 .text.z_cbvprintf_impl
                0x00000000600078f8      0x76c zephyr/libzephyr.a(cbprintf_complete.c.obj)
                0x00000000600078f8                z_cbvprintf_impl
 .text.soc_early_init_hook
                0x0000000060008064       0xe8 zephyr/libzephyr.a(soc.c.obj)
                0x0000000060008064                soc_early_init_hook
 .text.soc_reset_hook
                0x000000006000814c       0x20 zephyr/libzephyr.a(soc.c.obj)
                0x000000006000814c                soc_reset_hook
 .text.activate_foreach_backend
                0x000000006000816c       0x64 zephyr/libzephyr.a(log_core.c.obj)
 .text.enable_logger
                0x00000000600081d0       0x5c zephyr/libzephyr.a(log_core.c.obj)
 .text.log_process_thread_timer_expiry_fn
                0x000000006000822c        0xc zephyr/libzephyr.a(log_core.c.obj)
 .text.z_log_init
                0x0000000060008238       0x8c zephyr/libzephyr.a(log_core.c.obj)
 .text.log_format_func_t_get
                0x00000000600082c4        0xc zephyr/libzephyr.a(log_core.c.obj)
                0x00000000600082c4                log_format_func_t_get
 .text.log_set_timestamp_func
                0x00000000600082d0       0x20 zephyr/libzephyr.a(log_core.c.obj)
                0x00000000600082d0                log_set_timestamp_func
 .text.z_log_notify_backend_enabled
                0x00000000600082f0       0x1c zephyr/libzephyr.a(log_core.c.obj)
                0x00000000600082f0                z_log_notify_backend_enabled
 .text.z_log_dropped
                0x000000006000830c       0x44 zephyr/libzephyr.a(log_core.c.obj)
                0x000000006000830c                z_log_dropped
 .text.z_log_dropped_read_and_clear
                0x0000000060008350       0x20 zephyr/libzephyr.a(log_core.c.obj)
                0x0000000060008350                z_log_dropped_read_and_clear
 .text.dropped_notify
                0x0000000060008370       0x30 zephyr/libzephyr.a(log_core.c.obj)
                0x0000000060008370                dropped_notify
 .text.z_log_msg_init
                0x00000000600083a0       0x20 zephyr/libzephyr.a(log_core.c.obj)
                0x00000000600083a0                z_log_msg_init
 .text.log_core_init
                0x00000000600083c0       0x34 zephyr/libzephyr.a(log_core.c.obj)
                0x00000000600083c0                log_core_init
 .text.z_log_msg_alloc
                0x00000000600083f4       0x10 zephyr/libzephyr.a(log_core.c.obj)
                0x00000000600083f4                z_log_msg_alloc
 .text.z_log_msg_local_claim
                0x0000000060008404        0xc zephyr/libzephyr.a(log_core.c.obj)
                0x0000000060008404                z_log_msg_local_claim
 .text.z_log_msg_free
                0x0000000060008410       0x10 zephyr/libzephyr.a(log_core.c.obj)
                0x0000000060008410                z_log_msg_free
 .text.z_log_msg_pending
                0x0000000060008420        0xc zephyr/libzephyr.a(log_core.c.obj)
                0x0000000060008420                z_log_msg_pending
 .text.z_impl_log_process
                0x000000006000842c       0xb0 zephyr/libzephyr.a(log_core.c.obj)
                0x000000006000842c                z_impl_log_process
 .text.z_impl_log_panic
                0x00000000600084dc       0x44 zephyr/libzephyr.a(log_core.c.obj)
                0x00000000600084dc                z_impl_log_panic
 .text.log_process_thread_func
                0x0000000060008520       0x9c zephyr/libzephyr.a(log_core.c.obj)
 .text.z_log_msg_post_finalize
                0x00000000600085bc       0x78 zephyr/libzephyr.a(log_core.c.obj)
 .text.z_log_msg_commit
                0x0000000060008634       0x24 zephyr/libzephyr.a(log_core.c.obj)
                0x0000000060008634                z_log_msg_commit
 .text.log_source_name_get
                0x0000000060008658       0x1c zephyr/libzephyr.a(log_mgmt.c.obj)
                0x0000000060008658                log_source_name_get
 .text.log_backend_enable
                0x0000000060008674       0x28 zephyr/libzephyr.a(log_mgmt.c.obj)
                0x0000000060008674                log_backend_enable
 .text.z_impl_z_log_msg_static_create
                0x000000006000869c      0x108 zephyr/libzephyr.a(log_msg.c.obj)
                0x000000006000869c                z_impl_z_log_msg_static_create
 .text.z_log_msg_runtime_vcreate
                0x00000000600087a4       0xa0 zephyr/libzephyr.a(log_msg.c.obj)
                0x00000000600087a4                z_log_msg_runtime_vcreate
 .text.log_msg_get_source_id
                0x0000000060008844       0x18 zephyr/libzephyr.a(log_msg.c.obj)
                0x0000000060008844                log_msg_get_source_id
 .text.print_formatted
                0x000000006000885c       0x24 zephyr/libzephyr.a(log_output.c.obj)
 .text.newline_print
                0x0000000060008880       0x1c zephyr/libzephyr.a(log_output.c.obj)
 .text.log_output_process
                0x000000006000889c      0x2dc zephyr/libzephyr.a(log_output.c.obj)
                0x000000006000889c                log_output_process
 .text.log_output_dropped_process
                0x0000000060008b78       0x58 zephyr/libzephyr.a(log_output.c.obj)
                0x0000000060008b78                log_output_dropped_process
 .text.log_output_timestamp_freq_set
                0x0000000060008bd0       0x2c zephyr/libzephyr.a(log_output.c.obj)
                0x0000000060008bd0                log_output_timestamp_freq_set
 .text.char_out
                0x0000000060008bfc       0x24 zephyr/libzephyr.a(log_backend_uart.c.obj)
 .text.mem_attr_get_regions
                0x0000000060008c20        0xc zephyr/libzephyr.a(mem_attr.c.obj)
                0x0000000060008c20                mem_attr_get_regions
 .text.class_handler
                0x0000000060008c2c       0x40 zephyr/libzephyr.a(usb_device.c.obj)
 .text.custom_handler
                0x0000000060008c6c       0x60 zephyr/libzephyr.a(usb_device.c.obj)
 .text.vendor_handler
                0x0000000060008ccc       0x3c zephyr/libzephyr.a(usb_device.c.obj)
 .text.usb_reset_alt_setting
                0x0000000060008d08       0x10 zephyr/libzephyr.a(usb_device.c.obj)
 .text.is_ep_valid.part.0
                0x0000000060008d18       0x38 zephyr/libzephyr.a(usb_device.c.obj)
 .text.usb_handle_request.constprop.0
                0x0000000060008d50       0x2c zephyr/libzephyr.a(usb_device.c.obj)
 .text.usb_halt_endpoint_req.isra.0
                0x0000000060008d7c       0x50 zephyr/libzephyr.a(usb_device.c.obj)
 .text.get_ep_bm_from_addr.part.0
                0x0000000060008dcc       0x1c zephyr/libzephyr.a(usb_device.c.obj)
 .text.forward_status_cb
                0x0000000060008de8       0xb0 zephyr/libzephyr.a(usb_device.c.obj)
 .text.disable_endpoint
                0x0000000060008e98       0x48 zephyr/libzephyr.a(usb_device.c.obj)
 .text.set_endpoint
                0x0000000060008ee0       0xa4 zephyr/libzephyr.a(usb_device.c.obj)
 .text.usb_handle_standard_request
                0x0000000060008f84      0x29c zephyr/libzephyr.a(usb_device.c.obj)
 .text.usb_data_to_host
                0x0000000060009220       0x60 zephyr/libzephyr.a(usb_device.c.obj)
 .text.usb_handle_control_transfer
                0x0000000060009280       0xf4 zephyr/libzephyr.a(usb_device.c.obj)
 .text.usb_set_config
                0x0000000060009374       0x2c zephyr/libzephyr.a(usb_device.c.obj)
                0x0000000060009374                usb_set_config
 .text.usb_enable
                0x00000000600093a0      0x158 zephyr/libzephyr.a(usb_device.c.obj)
                0x00000000600093a0                usb_enable
 .text.usb_update_sn_string_descriptor
                0x00000000600094f8       0x8c zephyr/libzephyr.a(usb_descriptor.c.obj)
                0x00000000600094f8                usb_update_sn_string_descriptor
 .text.usb_get_device_descriptor
                0x0000000060009584      0x23c zephyr/libzephyr.a(usb_descriptor.c.obj)
                0x0000000060009584                usb_get_device_descriptor
 .text.usb_ep_get_transfer
                0x00000000600097c0       0x28 zephyr/libzephyr.a(usb_transfer.c.obj)
 .text.usb_transfer_work
                0x00000000600097e8      0x118 zephyr/libzephyr.a(usb_transfer.c.obj)
 .text.usb_transfer_ep_callback
                0x0000000060009900       0x6c zephyr/libzephyr.a(usb_transfer.c.obj)
                0x0000000060009900                usb_transfer_ep_callback
 .text.usb_transfer
                0x000000006000996c      0x118 zephyr/libzephyr.a(usb_transfer.c.obj)
                0x000000006000996c                usb_transfer
 .text.usb_cancel_transfer
                0x0000000060009a84       0x3c zephyr/libzephyr.a(usb_transfer.c.obj)
                0x0000000060009a84                usb_cancel_transfer
 .text.usb_cancel_transfers
                0x0000000060009ac0       0x44 zephyr/libzephyr.a(usb_transfer.c.obj)
                0x0000000060009ac0                usb_cancel_transfers
 .text.usb_transfer_init
                0x0000000060009b04       0x30 zephyr/libzephyr.a(usb_transfer.c.obj)
                0x0000000060009b04                usb_transfer_init
 .text.cdc_acm_class_handle_req
                0x0000000060009b34       0x78 zephyr/libzephyr.a(cdc_acm.c.obj)
                0x0000000060009b34                cdc_acm_class_handle_req
 .text.cdc_acm_irq_rx_enable
                0x0000000060009bac       0x20 zephyr/libzephyr.a(cdc_acm.c.obj)
 .text.cdc_acm_irq_tx_enable
                0x0000000060009bcc       0x20 zephyr/libzephyr.a(cdc_acm.c.obj)
 .text.cdc_acm_write_cb
                0x0000000060009bec       0x54 zephyr/libzephyr.a(cdc_acm.c.obj)
 .text.cdc_acm_fifo_fill
                0x0000000060009c40       0x3c zephyr/libzephyr.a(cdc_acm.c.obj)
 .text.cdc_acm_reset_port
                0x0000000060009c7c       0x3c zephyr/libzephyr.a(cdc_acm.c.obj)
 .text.tx_work_handler
                0x0000000060009cb8       0x68 zephyr/libzephyr.a(cdc_acm.c.obj)
 .text.cdc_acm_dev_status_cb.part.0
                0x0000000060009d20       0x2c zephyr/libzephyr.a(cdc_acm.c.obj)
 .text.cdc_acm_init
                0x0000000060009d4c       0x48 zephyr/libzephyr.a(cdc_acm.c.obj)
 .text.cdc_acm_send_notification.isra.0
                0x0000000060009d94       0x44 zephyr/libzephyr.a(cdc_acm.c.obj)
 .text.cdc_acm_poll_out
                0x0000000060009dd8       0x84 zephyr/libzephyr.a(cdc_acm.c.obj)
 .text.cdc_acm_int_in.part.0
                0x0000000060009e5c       0x14 zephyr/libzephyr.a(cdc_acm.c.obj)
 .text.cdc_acm_int_in
                0x0000000060009e70       0x24 zephyr/libzephyr.a(cdc_acm.c.obj)
 .text.cdc_acm_read_cb
                0x0000000060009e94       0x90 zephyr/libzephyr.a(cdc_acm.c.obj)
 .text.cdc_acm_dev_status_cb
                0x0000000060009f24       0xd8 zephyr/libzephyr.a(cdc_acm.c.obj)
 .text.z_usb_work_q_init
                0x0000000060009ffc       0x34 zephyr/libzephyr.a(usb_work_q.c.obj)
 .text.z_arm_fatal_error
                0x000000006000a030       0xb8 zephyr/arch/arch/arm/core/libarch__arm__core.a(fatal.c.obj)
                0x000000006000a030                z_arm_fatal_error
 .text.z_SysNmiOnReset
                0x000000006000a0e8        0x8 zephyr/arch/arch/arm/core/libarch__arm__core.a(nmi_on_reset.S.obj)
                0x000000006000a0e8                z_SysNmiOnReset
 .text._HandlerModeExit
                0x000000006000a0f0       0x28 zephyr/arch/arch/arm/core/cortex_m/libarch__arm__core__cortex_m.a(exc_exit.c.obj)
                0x000000006000a0f0                z_arm_exc_exit
                0x000000006000a0f0                z_arm_int_exit
 .text.bus_fault.constprop.0
                0x000000006000a118       0xd0 zephyr/arch/arch/arm/core/cortex_m/libarch__arm__core__cortex_m.a(fault.c.obj)
 .text.usage_fault.constprop.0
                0x000000006000a1e8       0xa8 zephyr/arch/arch/arm/core/cortex_m/libarch__arm__core__cortex_m.a(fault.c.obj)
 .text.mem_manage_fault
                0x000000006000a290      0x104 zephyr/arch/arch/arm/core/cortex_m/libarch__arm__core__cortex_m.a(fault.c.obj)
 .text.z_arm_fault
                0x000000006000a394      0x1d4 zephyr/arch/arch/arm/core/cortex_m/libarch__arm__core__cortex_m.a(fault.c.obj)
                0x000000006000a394                z_arm_fault
 .text.z_arm_fault_init
                0x000000006000a568       0x18 zephyr/arch/arch/arm/core/cortex_m/libarch__arm__core__cortex_m.a(fault.c.obj)
                0x000000006000a568                z_arm_fault_init
 .text.__fault  0x000000006000a580       0x14 zephyr/arch/arch/arm/core/cortex_m/libarch__arm__core__cortex_m.a(fault_s.S.obj)
                0x000000006000a580                z_arm_bus_fault
                0x000000006000a580                z_arm_usage_fault
                0x000000006000a580                z_arm_mpu_fault
                0x000000006000a580                z_arm_exc_spurious
                0x000000006000a580                z_arm_debug_monitor
                0x000000006000a580                z_arm_hard_fault
 .text._reset_section
                0x000000006000a594       0x30 zephyr/arch/arch/arm/core/cortex_m/libarch__arm__core__cortex_m.a(reset.S.obj)
                0x000000006000a594                z_arm_reset
                0x000000006000a594                __start
 .text.z_impl_k_thread_abort
                0x000000006000a5c4       0x2c zephyr/arch/arch/arm/core/cortex_m/libarch__arm__core__cortex_m.a(thread_abort.c.obj)
                0x000000006000a5c4                z_impl_k_thread_abort
 .text.arch_swap
                0x000000006000a5f0       0x30 zephyr/arch/arch/arm/core/cortex_m/libarch__arm__core__cortex_m.a(swap.c.obj)
                0x000000006000a5f0                arch_swap
 .text.z_arm_pendsv
                0x000000006000a620       0x54 zephyr/arch/arch/arm/core/cortex_m/libarch__arm__core__cortex_m.a(swap_helper.S.obj)
                0x000000006000a620                z_arm_pendsv
 .text.z_arm_svc
                0x000000006000a674       0x24 zephyr/arch/arch/arm/core/cortex_m/libarch__arm__core__cortex_m.a(swap_helper.S.obj)
                0x000000006000a674                z_arm_svc
 .text.arch_irq_enable
                0x000000006000a698       0x1c zephyr/arch/arch/arm/core/cortex_m/libarch__arm__core__cortex_m.a(irq_manage.c.obj)
                0x000000006000a698                arch_irq_enable
 .text.z_arm_irq_priority_set
                0x000000006000a6b4       0x2c zephyr/arch/arch/arm/core/cortex_m/libarch__arm__core__cortex_m.a(irq_manage.c.obj)
                0x000000006000a6b4                z_arm_irq_priority_set
 .text.z_prep_c
                0x000000006000a6e0       0x4c zephyr/arch/arch/arm/core/cortex_m/libarch__arm__core__cortex_m.a(prep_c.c.obj)
                0x000000006000a6e0                z_prep_c
 .text.arch_new_thread
                0x000000006000a72c       0x2c zephyr/arch/arch/arm/core/cortex_m/libarch__arm__core__cortex_m.a(thread.c.obj)
                0x000000006000a72c                arch_new_thread
 .text.z_check_thread_stack_fail
                0x000000006000a758       0x2c zephyr/arch/arch/arm/core/cortex_m/libarch__arm__core__cortex_m.a(thread.c.obj)
                0x000000006000a758                z_check_thread_stack_fail
 .text.arch_switch_to_main_thread
                0x000000006000a784       0x3c zephyr/arch/arch/arm/core/cortex_m/libarch__arm__core__cortex_m.a(thread.c.obj)
                0x000000006000a784                arch_switch_to_main_thread
 .text.z_arm_cpu_idle_init
                0x000000006000a7c0        0xc zephyr/arch/arch/arm/core/cortex_m/libarch__arm__core__cortex_m.a(cpu_idle.c.obj)
                0x000000006000a7c0                z_arm_cpu_idle_init
 .text.z_arm_interrupt_init
                0x000000006000a7cc       0x18 zephyr/arch/arch/arm/core/cortex_m/libarch__arm__core__cortex_m.a(irq_init.c.obj)
                0x000000006000a7cc                z_arm_interrupt_init
 .text._isr_wrapper
                0x000000006000a7e4       0x24 zephyr/arch/arch/arm/core/cortex_m/libarch__arm__core__cortex_m.a(isr_wrapper.c.obj)
                0x000000006000a7e4                _isr_wrapper
 .text.arch_dcache_enable
                0x000000006000a808       0x5c zephyr/arch/arch/arm/core/cortex_m/libarch__arm__core__cortex_m.a(cache.c.obj)
                0x000000006000a808                arch_dcache_enable
 .text.arch_icache_enable
                0x000000006000a864       0x34 zephyr/arch/arch/arm/core/cortex_m/libarch__arm__core__cortex_m.a(cache.c.obj)
                0x000000006000a864                arch_icache_enable
 .text.z_arm_configure_static_mpu_regions
                0x000000006000a898       0x18 zephyr/arch/arch/arm/core/mpu/libarch__arm__core__mpu.a(arm_core_mpu.c.obj)
                0x000000006000a898                z_arm_configure_static_mpu_regions
 .text.z_arm_configure_dynamic_mpu_regions
                0x000000006000a8b0       0x20 zephyr/arch/arch/arm/core/mpu/libarch__arm__core__mpu.a(arm_core_mpu.c.obj)
                0x000000006000a8b0                z_arm_configure_dynamic_mpu_regions
 .text.region_allocate_and_init
                0x000000006000a8d0       0x54 zephyr/arch/arch/arm/core/mpu/libarch__arm__core__mpu.a(arm_mpu.c.obj)
 .text.mpu_configure_regions
                0x000000006000a924       0x68 zephyr/arch/arch/arm/core/mpu/libarch__arm__core__mpu.a(arm_mpu.c.obj)
 .text.arm_core_mpu_enable
                0x000000006000a98c       0x18 zephyr/arch/arch/arm/core/mpu/libarch__arm__core__mpu.a(arm_mpu.c.obj)
                0x000000006000a98c                arm_core_mpu_enable
 .text.arm_core_mpu_disable
                0x000000006000a9a4       0x14 zephyr/arch/arch/arm/core/mpu/libarch__arm__core__mpu.a(arm_mpu.c.obj)
                0x000000006000a9a4                arm_core_mpu_disable
 .text.arm_core_mpu_configure_static_mpu_regions
                0x000000006000a9b8       0x14 zephyr/arch/arch/arm/core/mpu/libarch__arm__core__mpu.a(arm_mpu.c.obj)
                0x000000006000a9b8                arm_core_mpu_configure_static_mpu_regions
 .text.arm_core_mpu_configure_dynamic_mpu_regions
                0x000000006000a9cc       0x38 zephyr/arch/arch/arm/core/mpu/libarch__arm__core__mpu.a(arm_mpu.c.obj)
                0x000000006000a9cc                arm_core_mpu_configure_dynamic_mpu_regions
 .text.z_arm_mpu_init
                0x000000006000aa04      0x1c4 zephyr/arch/arch/arm/core/mpu/libarch__arm__core__mpu.a(arm_mpu.c.obj)
                0x000000006000aa04                z_arm_mpu_init
 .text.__stdout_hook_install
                0x000000006000abc8        0xc zephyr/lib/libc/newlib/liblib__libc__newlib.a(libc-hooks.c.obj)
                0x000000006000abc8                __stdout_hook_install
 .text.z_impl_zephyr_read_stdin
                0x000000006000abd4       0x28 zephyr/lib/libc/newlib/liblib__libc__newlib.a(libc-hooks.c.obj)
                0x000000006000abd4                z_impl_zephyr_read_stdin
 .text.z_impl_zephyr_write_stdout
                0x000000006000abfc       0x30 zephyr/lib/libc/newlib/liblib__libc__newlib.a(libc-hooks.c.obj)
                0x000000006000abfc                z_impl_zephyr_write_stdout
 .text._sbrk    0x000000006000ac2c       0x28 zephyr/lib/libc/newlib/liblib__libc__newlib.a(libc-hooks.c.obj)
                0x000000006000ac2c                _sbrk
                0x000000006000ac2c                sbrk
 .text.abort    0x000000006000ac54       0x1c zephyr/lib/libc/common/liblib__libc__common.a(abort.c.obj)
                0x000000006000ac54                abort
 .text.usb_isr_handler
                0x000000006000ac70        0xc zephyr/drivers/usb/device/libdrivers__usb__device.a(usb_dc_mcux.c.obj)
 .text.usb_mcux_init
                0x000000006000ac7c       0x68 zephyr/drivers/usb/device/libdrivers__usb__device.a(usb_dc_mcux.c.obj)
 .text.usb_mcux_thread_main
                0x000000006000ace4      0x200 zephyr/drivers/usb/device/libdrivers__usb__device.a(usb_dc_mcux.c.obj)
 .text.usb_dc_attach
                0x000000006000aee4       0x5c zephyr/drivers/usb/device/libdrivers__usb__device.a(usb_dc_mcux.c.obj)
                0x000000006000aee4                usb_dc_attach
 .text.usb_dc_set_address
                0x000000006000af40       0x34 zephyr/drivers/usb/device/libdrivers__usb__device.a(usb_dc_mcux.c.obj)
                0x000000006000af40                usb_dc_set_address
 .text.usb_dc_ep_check_cap
                0x000000006000af74       0x3c zephyr/drivers/usb/device/libdrivers__usb__device.a(usb_dc_mcux.c.obj)
                0x000000006000af74                usb_dc_ep_check_cap
 .text.usb_dc_ep_configure
                0x000000006000afb0      0x10c zephyr/drivers/usb/device/libdrivers__usb__device.a(usb_dc_mcux.c.obj)
                0x000000006000afb0                usb_dc_ep_configure
 .text.usb_dc_ep_set_stall
                0x000000006000b0bc       0x58 zephyr/drivers/usb/device/libdrivers__usb__device.a(usb_dc_mcux.c.obj)
                0x000000006000b0bc                usb_dc_ep_set_stall
 .text.usb_dc_ep_clear_stall
                0x000000006000b114       0xa4 zephyr/drivers/usb/device/libdrivers__usb__device.a(usb_dc_mcux.c.obj)
                0x000000006000b114                usb_dc_ep_clear_stall
 .text.usb_dc_ep_is_stalled
                0x000000006000b1b8       0x68 zephyr/drivers/usb/device/libdrivers__usb__device.a(usb_dc_mcux.c.obj)
                0x000000006000b1b8                usb_dc_ep_is_stalled
 .text.usb_dc_ep_enable
                0x000000006000b220       0x94 zephyr/drivers/usb/device/libdrivers__usb__device.a(usb_dc_mcux.c.obj)
                0x000000006000b220                usb_dc_ep_enable
 .text.usb_dc_ep_disable
                0x000000006000b2b4       0x7c zephyr/drivers/usb/device/libdrivers__usb__device.a(usb_dc_mcux.c.obj)
                0x000000006000b2b4                usb_dc_ep_disable
 .text.usb_dc_ep_write
                0x000000006000b330       0x98 zephyr/drivers/usb/device/libdrivers__usb__device.a(usb_dc_mcux.c.obj)
                0x000000006000b330                usb_dc_ep_write
 .text.usb_dc_ep_read_wait
                0x000000006000b3c8       0xe8 zephyr/drivers/usb/device/libdrivers__usb__device.a(usb_dc_mcux.c.obj)
                0x000000006000b3c8                usb_dc_ep_read_wait
 .text.usb_dc_ep_read_continue
                0x000000006000b4b0       0x94 zephyr/drivers/usb/device/libdrivers__usb__device.a(usb_dc_mcux.c.obj)
                0x000000006000b4b0                usb_dc_ep_read_continue
 .text.usb_dc_ep_set_callback
                0x000000006000b544       0x48 zephyr/drivers/usb/device/libdrivers__usb__device.a(usb_dc_mcux.c.obj)
                0x000000006000b544                usb_dc_ep_set_callback
 .text.usb_dc_set_status_callback
                0x000000006000b58c        0xc zephyr/drivers/usb/device/libdrivers__usb__device.a(usb_dc_mcux.c.obj)
                0x000000006000b58c                usb_dc_set_status_callback
 .text.usb_dc_ep_mps
                0x000000006000b598       0x3c zephyr/drivers/usb/device/libdrivers__usb__device.a(usb_dc_mcux.c.obj)
                0x000000006000b598                usb_dc_ep_mps
 .text.USB_DeviceNotificationTrigger
                0x000000006000b5d4       0x14 zephyr/drivers/usb/device/libdrivers__usb__device.a(usb_dc_mcux.c.obj)
                0x000000006000b5d4                USB_DeviceNotificationTrigger
 .text.mcux_ccm_get_subsys_rate
                0x000000006000b5e8       0x78 zephyr/drivers/clock_control/libdrivers__clock_control.a(clock_control_mcux_ccm.c.obj)
 .text.uart_console_init
                0x000000006000b660       0x28 zephyr/drivers/console/libdrivers__console.a(uart_console.c.obj)
 .text.console_out
                0x000000006000b688       0x28 zephyr/drivers/console/libdrivers__console.a(uart_console.c.obj)
 .text.z_impl_hwinfo_get_device_id
                0x000000006000b6b0       0x70 zephyr/drivers/hwinfo/libdrivers__hwinfo.a(hwinfo_imxrt.c.obj)
                0x000000006000b6b0                z_impl_hwinfo_get_device_id
 .text.imx_pinctrl_init
                0x000000006000b720       0x50 zephyr/drivers/pinctrl/libdrivers__pinctrl.a(pinctrl_imx.c.obj)
 .text.elapsed  0x000000006000b770       0x4c zephyr/drivers/timer/libdrivers__timer.a(cortex_m_systick.c.obj)
 .text.sys_clock_driver_init
                0x000000006000b7bc       0x38 zephyr/drivers/timer/libdrivers__timer.a(cortex_m_systick.c.obj)
 .text.sys_clock_isr
                0x000000006000b7f4       0x60 zephyr/drivers/timer/libdrivers__timer.a(cortex_m_systick.c.obj)
                0x000000006000b7f4                sys_clock_isr
 .text.sys_clock_set_timeout
                0x000000006000b854       0xfc zephyr/drivers/timer/libdrivers__timer.a(cortex_m_systick.c.obj)
                0x000000006000b854                sys_clock_set_timeout
 .text.sys_clock_elapsed
                0x000000006000b950       0x3c zephyr/drivers/timer/libdrivers__timer.a(cortex_m_systick.c.obj)
                0x000000006000b950                sys_clock_elapsed
 .text.sys_clock_cycle_get_32
                0x000000006000b98c       0x28 zephyr/drivers/timer/libdrivers__timer.a(cortex_m_systick.c.obj)
                0x000000006000b98c                sys_clock_cycle_get_32
 .text.CLOCK_GetOscFreq
                0x000000006000b9b4       0x20 modules/hal_nxp/hal_nxp/lib..__modules__hal__nxp.a(fsl_clock.c.obj)
 .text.CLOCK_EnableUsbhs0Clock
                0x000000006000b9d4       0x50 modules/hal_nxp/hal_nxp/lib..__modules__hal__nxp.a(fsl_clock.c.obj)
                0x000000006000b9d4                CLOCK_EnableUsbhs0Clock
 .text.CLOCK_InitArmPll
                0x000000006000ba24       0x44 modules/hal_nxp/hal_nxp/lib..__modules__hal__nxp.a(fsl_clock.c.obj)
                0x000000006000ba24                CLOCK_InitArmPll
 .text.CLOCK_InitUsb1Pll
                0x000000006000ba68       0x44 modules/hal_nxp/hal_nxp/lib..__modules__hal__nxp.a(fsl_clock.c.obj)
                0x000000006000ba68                CLOCK_InitUsb1Pll
 .text.CLOCK_EnableUsbhs0PhyPllClock
                0x000000006000baac       0x48 modules/hal_nxp/hal_nxp/lib..__modules__hal__nxp.a(fsl_clock.c.obj)
                0x000000006000baac                CLOCK_EnableUsbhs0PhyPllClock
 .text.CLOCK_GetPllFreq
                0x000000006000baf4      0x1a8 modules/hal_nxp/hal_nxp/lib..__modules__hal__nxp.a(fsl_clock.c.obj)
                0x000000006000baf4                CLOCK_GetPllFreq
 .text.CLOCK_GetPllUsb1SWFreq
                0x000000006000bc9c       0x20 modules/hal_nxp/hal_nxp/lib..__modules__hal__nxp.a(fsl_clock.c.obj)
 .text.CLOCK_GetSysPfdFreq
                0x000000006000bcbc       0x60 modules/hal_nxp/hal_nxp/lib..__modules__hal__nxp.a(fsl_clock.c.obj)
                0x000000006000bcbc                CLOCK_GetSysPfdFreq
 .text.CLOCK_GetPeriphClkFreq
                0x000000006000bd1c       0x90 modules/hal_nxp/hal_nxp/lib..__modules__hal__nxp.a(fsl_clock.c.obj)
 .text.CLOCK_GetAhbFreq
                0x000000006000bdac       0x1c modules/hal_nxp/hal_nxp/lib..__modules__hal__nxp.a(fsl_clock.c.obj)
                0x000000006000bdac                CLOCK_GetAhbFreq
 .text.CLOCK_GetIpgFreq
                0x000000006000bdc8       0x1c modules/hal_nxp/hal_nxp/lib..__modules__hal__nxp.a(fsl_clock.c.obj)
                0x000000006000bdc8                CLOCK_GetIpgFreq
 .text.CLOCK_GetPerClkFreq
                0x000000006000bde4       0x28 modules/hal_nxp/hal_nxp/lib..__modules__hal__nxp.a(fsl_clock.c.obj)
                0x000000006000bde4                CLOCK_GetPerClkFreq
 .text.CLOCK_GetUsb1PfdFreq
                0x000000006000be0c       0x60 modules/hal_nxp/hal_nxp/lib..__modules__hal__nxp.a(fsl_clock.c.obj)
                0x000000006000be0c                CLOCK_GetUsb1PfdFreq
 .text.CLOCK_GetSemcFreq
                0x000000006000be6c       0x38 modules/hal_nxp/hal_nxp/lib..__modules__hal__nxp.a(fsl_clock.c.obj)
                0x000000006000be6c                CLOCK_GetSemcFreq
 .text.CLOCK_GetFreq
                0x000000006000bea4       0xf4 modules/hal_nxp/hal_nxp/lib..__modules__hal__nxp.a(fsl_clock.c.obj)
                0x000000006000bea4                CLOCK_GetFreq
 .text.CLOCK_GetClockRootFreq
                0x000000006000bf98       0x8c modules/hal_nxp/hal_nxp/lib..__modules__hal__nxp.a(fsl_clock.c.obj)
                0x000000006000bf98                CLOCK_GetClockRootFreq
 .text.SystemInit
                0x000000006000c024       0xcc modules/hal_nxp/hal_nxp/lib..__modules__hal__nxp.a(system_MIMXRT1062.c.obj)
                0x000000006000c024                SystemInit
 .text.CLOCK_ControlGate
                0x000000006000c0f0       0x2c modules/hal_nxp/hal_nxp/lib..__modules__hal__nxp.a(fsl_lpuart.c.obj)
 .text.LPUART_GetInstance
                0x000000006000c11c       0x1c modules/hal_nxp/hal_nxp/lib..__modules__hal__nxp.a(fsl_lpuart.c.obj)
                0x000000006000c11c                LPUART_GetInstance
 .text.LPUART_Init
                0x000000006000c138      0x19c modules/hal_nxp/hal_nxp/lib..__modules__hal__nxp.a(fsl_lpuart.c.obj)
                0x000000006000c138                LPUART_Init
 .text.LPUART_Deinit
                0x000000006000c2d4       0x38 modules/hal_nxp/hal_nxp/lib..__modules__hal__nxp.a(fsl_lpuart.c.obj)
                0x000000006000c2d4                LPUART_Deinit
 .text.LPUART_GetEnabledInterrupts
                0x000000006000c30c       0x2c modules/hal_nxp/hal_nxp/lib..__modules__hal__nxp.a(fsl_lpuart.c.obj)
                0x000000006000c30c                LPUART_GetEnabledInterrupts
 .text.LPUART_GetStatusFlags
                0x000000006000c338       0x18 modules/hal_nxp/hal_nxp/lib..__modules__hal__nxp.a(fsl_lpuart.c.obj)
                0x000000006000c338                LPUART_GetStatusFlags
 .text.LPUART_ClearStatusFlags
                0x000000006000c350       0x3c modules/hal_nxp/hal_nxp/lib..__modules__hal__nxp.a(fsl_lpuart.c.obj)
                0x000000006000c350                LPUART_ClearStatusFlags
 .text.USB_EhciPhyGetBase
                0x000000006000c38c       0x40 modules/hal_nxp/hal_nxp/lib..__modules__hal__nxp.a(usb_phy.c.obj)
                0x000000006000c38c                USB_EhciPhyGetBase
 .text.USB_DeviceEhciTransfer
                0x000000006000c3cc      0x210 modules/hal_nxp/hal_nxp/lib..__modules__hal__nxp.a(usb_device_ehci.c.obj)
 .text.USB_DeviceEhciCancelControlPipe
                0x000000006000c5dc      0x110 modules/hal_nxp/hal_nxp/lib..__modules__hal__nxp.a(usb_device_ehci.c.obj)
 .text.USB_DeviceEhciInit
                0x000000006000c6ec       0xac modules/hal_nxp/hal_nxp/lib..__modules__hal__nxp.a(usb_device_ehci.c.obj)
                0x000000006000c6ec                USB_DeviceEhciInit
 .text.USB_DeviceEhciDeinit
                0x000000006000c798       0x44 modules/hal_nxp/hal_nxp/lib..__modules__hal__nxp.a(usb_device_ehci.c.obj)
                0x000000006000c798                USB_DeviceEhciDeinit
 .text.USB_DeviceEhciCancel
                0x000000006000c7dc      0x138 modules/hal_nxp/hal_nxp/lib..__modules__hal__nxp.a(usb_device_ehci.c.obj)
                0x000000006000c7dc                USB_DeviceEhciCancel
 .text.k_sys_fatal_error_handler
                0x000000006000c914       0x20 zephyr/kernel/libkernel.a(fatal.c.obj)
                0x000000006000c914                k_sys_fatal_error_handler
 .text.z_fatal_error
                0x000000006000c934       0xe8 zephyr/kernel/libkernel.a(fatal.c.obj)
                0x000000006000c934                z_fatal_error
 .text.z_sys_init_run_level
                0x000000006000ca1c       0x2c zephyr/kernel/libkernel.a(init.c.obj)
 .text.bg_thread_main
                0x000000006000ca48       0xc4 zephyr/kernel/libkernel.a(init.c.obj)
 .text.z_bss_zero
                0x000000006000cb0c       0x2c zephyr/kernel/libkernel.a(init.c.obj)
                0x000000006000cb0c                z_bss_zero
 .text.z_init_cpu
                0x000000006000cb38       0x70 zephyr/kernel/libkernel.a(init.c.obj)
                0x000000006000cb38                z_init_cpu
 .text.z_cstart
                0x000000006000cba8       0xd8 zephyr/kernel/libkernel.a(init.c.obj)
                0x000000006000cba8                z_cstart
 .text.__do_global_ctors_aux
                0x000000006000cc80       0x1c zephyr/kernel/libkernel.a(init_static.c.obj)
                0x000000006000cc80                __do_global_ctors_aux
 .text.__do_init_array_aux
                0x000000006000cc9c       0x1c zephyr/kernel/libkernel.a(init_static.c.obj)
                0x000000006000cc9c                __do_init_array_aux
 .text.statics_init
                0x000000006000ccb8       0x24 zephyr/kernel/libkernel.a(kheap.c.obj)
 .text.z_impl_k_msgq_put
                0x000000006000ccdc       0xb0 zephyr/kernel/libkernel.a(msg_q.c.obj)
                0x000000006000ccdc                z_impl_k_msgq_put
 .text.z_impl_k_msgq_get
                0x000000006000cd8c       0xc4 zephyr/kernel/libkernel.a(msg_q.c.obj)
                0x000000006000cd8c                z_impl_k_msgq_get
 .text.z_impl_k_mutex_lock
                0x000000006000ce50       0xf0 zephyr/kernel/libkernel.a(mutex.c.obj)
                0x000000006000ce50                z_impl_k_mutex_lock
 .text.z_impl_k_mutex_unlock
                0x000000006000cf40       0xa0 zephyr/kernel/libkernel.a(mutex.c.obj)
                0x000000006000cf40                z_impl_k_mutex_unlock
 .text.z_impl_k_sem_give
                0x000000006000cfe0       0x68 zephyr/kernel/libkernel.a(sem.c.obj)
                0x000000006000cfe0                z_impl_k_sem_give
 .text.z_impl_k_sem_take
                0x000000006000d048       0x4c zephyr/kernel/libkernel.a(sem.c.obj)
                0x000000006000d048                z_impl_k_sem_take
 .text.work_queue_main
                0x000000006000d094      0x144 zephyr/kernel/libkernel.a(work.c.obj)
 .text.submit_to_queue_locked
                0x000000006000d1d8       0xb0 zephyr/kernel/libkernel.a(work.c.obj)
 .text.k_work_queue_start
                0x000000006000d288       0x7c zephyr/kernel/libkernel.a(work.c.obj)
                0x000000006000d288                k_work_queue_start
 .text.k_work_schedule_for_queue
                0x000000006000d304       0x54 zephyr/kernel/libkernel.a(work.c.obj)
                0x000000006000d304                k_work_schedule_for_queue
 .text.z_setup_new_thread
                0x000000006000d358       0x80 zephyr/kernel/libkernel.a(thread.c.obj)
                0x000000006000d358                z_setup_new_thread
 .text.z_impl_k_thread_create
                0x000000006000d3d8       0x58 zephyr/kernel/libkernel.a(thread.c.obj)
                0x000000006000d3d8                z_impl_k_thread_create
 .text.unready_thread
                0x000000006000d430       0x54 zephyr/kernel/libkernel.a(sched.c.obj)
 .text.ready_thread
                0x000000006000d484       0x8c zephyr/kernel/libkernel.a(sched.c.obj)
 .text.z_thread_halt
                0x000000006000d510      0x10c zephyr/kernel/libkernel.a(sched.c.obj)
 .text.move_thread_to_end_of_prio_q
                0x000000006000d61c       0x94 zephyr/kernel/libkernel.a(sched.c.obj)
                0x000000006000d61c                move_thread_to_end_of_prio_q
 .text.z_pend_curr
                0x000000006000d6b0       0x58 zephyr/kernel/libkernel.a(sched.c.obj)
                0x000000006000d6b0                z_pend_curr
 .text.z_thread_prio_set
                0x000000006000d708       0x9c zephyr/kernel/libkernel.a(sched.c.obj)
                0x000000006000d708                z_thread_prio_set
 .text.z_reschedule
                0x000000006000d7a4       0x24 zephyr/kernel/libkernel.a(sched.c.obj)
                0x000000006000d7a4                z_reschedule
 .text.z_sched_start
                0x000000006000d7c8       0x3c zephyr/kernel/libkernel.a(sched.c.obj)
                0x000000006000d7c8                z_sched_start
 .text.z_reschedule_irqlock
                0x000000006000d804       0x28 zephyr/kernel/libkernel.a(sched.c.obj)
                0x000000006000d804                z_reschedule_irqlock
 .text.k_sched_lock
                0x000000006000d82c       0x28 zephyr/kernel/libkernel.a(sched.c.obj)
                0x000000006000d82c                k_sched_lock
 .text.k_sched_unlock
                0x000000006000d854       0x68 zephyr/kernel/libkernel.a(sched.c.obj)
                0x000000006000d854                k_sched_unlock
 .text.z_sched_init
                0x000000006000d8bc       0x10 zephyr/kernel/libkernel.a(sched.c.obj)
                0x000000006000d8bc                z_sched_init
 .text.z_impl_k_yield
                0x000000006000d8cc       0x8c zephyr/kernel/libkernel.a(sched.c.obj)
                0x000000006000d8cc                z_impl_k_yield
 .text.z_tick_sleep
                0x000000006000d958       0x88 zephyr/kernel/libkernel.a(sched.c.obj)
 .text.z_impl_k_sleep
                0x000000006000d9e0       0x38 zephyr/kernel/libkernel.a(sched.c.obj)
                0x000000006000d9e0                z_impl_k_sleep
 .text.z_impl_k_sched_current_thread_query
                0x000000006000da18        0xc zephyr/kernel/libkernel.a(sched.c.obj)
                0x000000006000da18                z_impl_k_sched_current_thread_query
 .text.z_sched_wait
                0x000000006000da24       0x24 zephyr/kernel/libkernel.a(sched.c.obj)
                0x000000006000da24                z_sched_wait
 .text.slice_timeout
                0x000000006000da48       0x20 zephyr/kernel/libkernel.a(timeslicing.c.obj)
 .text.thread_is_sliceable
                0x000000006000da68       0x3c zephyr/kernel/libkernel.a(timeslicing.c.obj)
                0x000000006000da68                thread_is_sliceable
 .text.z_reset_time_slice
                0x000000006000daa4       0x50 zephyr/kernel/libkernel.a(timeslicing.c.obj)
                0x000000006000daa4                z_reset_time_slice
 .text.z_time_slice
                0x000000006000daf4       0x60 zephyr/kernel/libkernel.a(timeslicing.c.obj)
                0x000000006000daf4                z_time_slice
 .text.z_data_copy
                0x000000006000db54       0x64 zephyr/kernel/libkernel.a(xip.c.obj)
                0x000000006000db54                z_data_copy
 .text.elapsed  0x000000006000dbb8       0x14 zephyr/kernel/libkernel.a(timeout.c.obj)
 .text.remove_timeout
                0x000000006000dbcc       0x38 zephyr/kernel/libkernel.a(timeout.c.obj)
 .text.next_timeout
                0x000000006000dc04       0x40 zephyr/kernel/libkernel.a(timeout.c.obj)
 .text.z_add_timeout
                0x000000006000dc44       0xf4 zephyr/kernel/libkernel.a(timeout.c.obj)
                0x000000006000dc44                z_add_timeout
 .text.sys_clock_announce
                0x000000006000dd38       0xd4 zephyr/kernel/libkernel.a(timeout.c.obj)
                0x000000006000dd38                sys_clock_announce
 .text.sys_clock_tick_get
                0x000000006000de0c       0x30 zephyr/kernel/libkernel.a(timeout.c.obj)
                0x000000006000de0c                sys_clock_tick_get
 .text.z_timer_expiration_handler
                0x000000006000de3c       0xe0 zephyr/kernel/libkernel.a(timer.c.obj)
                0x000000006000de3c                z_timer_expiration_handler
 .text.z_impl_k_timer_start
                0x000000006000df1c       0x74 zephyr/kernel/libkernel.a(timer.c.obj)
                0x000000006000df1c                z_impl_k_timer_start
 .text.boot_banner
                0x000000006000df90        0xc zephyr/kernel/libkernel.a(banner.c.obj)
                0x000000006000df90                boot_banner
 .text.k_sys_work_q_init
                0x000000006000df9c       0x34 zephyr/kernel/libkernel.a(system_work_q.c.obj)
 .text.atof     0x000000006000dfd0        0x8 /home/rowan/zephyr-sdk-0.17.0/arm-zephyr-eabi/arm-zephyr-eabi/lib/thumb/v7e-m/nofp/libc.a(lib_a-atof.o)
                0x000000006000dfd0                atof
 .text.malloc   0x000000006000dfd8       0x10 /home/rowan/zephyr-sdk-0.17.0/arm-zephyr-eabi/arm-zephyr-eabi/lib/thumb/v7e-m/nofp/libc.a(lib_a-malloc.o)
                0x000000006000dfd8                malloc
 .text.free     0x000000006000dfe8       0x10 /home/rowan/zephyr-sdk-0.17.0/arm-zephyr-eabi/arm-zephyr-eabi/lib/thumb/v7e-m/nofp/libc.a(lib_a-malloc.o)
                0x000000006000dfe8                free
 .text._malloc_r
                0x000000006000dff8      0x578 /home/rowan/zephyr-sdk-0.17.0/arm-zephyr-eabi/arm-zephyr-eabi/lib/thumb/v7e-m/nofp/libc.a(lib_a-mallocr.o)
                0x000000006000dff8                _malloc_r
 .text.memset   0x000000006000e570       0xa4 /home/rowan/zephyr-sdk-0.17.0/arm-zephyr-eabi/arm-zephyr-eabi/lib/thumb/v7e-m/nofp/libc.a(lib_a-memset.o)
                0x000000006000e570                memset
 .text.__malloc_lock
                0x000000006000e614        0xc /home/rowan/zephyr-sdk-0.17.0/arm-zephyr-eabi/arm-zephyr-eabi/lib/thumb/v7e-m/nofp/libc.a(lib_a-mlock.o)
                0x000000006000e614                __malloc_lock
 .text.__malloc_unlock
                0x000000006000e620        0xc /home/rowan/zephyr-sdk-0.17.0/arm-zephyr-eabi/arm-zephyr-eabi/lib/thumb/v7e-m/nofp/libc.a(lib_a-mlock.o)
                0x000000006000e620                __malloc_unlock
 .text._sbrk_r  0x000000006000e62c       0x24 /home/rowan/zephyr-sdk-0.17.0/arm-zephyr-eabi/arm-zephyr-eabi/lib/thumb/v7e-m/nofp/libc.a(lib_a-sbrkr.o)
                0x000000006000e62c                _sbrk_r
 .text.sprintf  0x000000006000e650       0x40 /home/rowan/zephyr-sdk-0.17.0/arm-zephyr-eabi/arm-zephyr-eabi/lib/thumb/v7e-m/nofp/libc.a(lib_a-sprintf.o)
                0x000000006000e650                sprintf
 .text.strchr   0x000000006000e690       0xd0 /home/rowan/zephyr-sdk-0.17.0/arm-zephyr-eabi/arm-zephyr-eabi/lib/thumb/v7e-m/nofp/libc.a(lib_a-strchr.o)
                0x000000006000e690                strchr
 .text.strcpy   0x000000006000e760       0xbc /home/rowan/zephyr-sdk-0.17.0/arm-zephyr-eabi/arm-zephyr-eabi/lib/thumb/v7e-m/nofp/libc.a(lib_a-strcpy.o)
                0x000000006000e760                strcpy
 .text.strncpy  0x000000006000e81c       0x68 /home/rowan/zephyr-sdk-0.17.0/arm-zephyr-eabi/arm-zephyr-eabi/lib/thumb/v7e-m/nofp/libc.a(lib_a-strncpy.o)
                0x000000006000e81c                strncpy
 .text.strnlen  0x000000006000e884       0x24 /home/rowan/zephyr-sdk-0.17.0/arm-zephyr-eabi/arm-zephyr-eabi/lib/thumb/v7e-m/nofp/libc.a(lib_a-strnlen.o)
                0x000000006000e884                strnlen
 .text.strtod   0x000000006000e8a8       0x1c /home/rowan/zephyr-sdk-0.17.0/arm-zephyr-eabi/arm-zephyr-eabi/lib/thumb/v7e-m/nofp/libc.a(lib_a-strtod.o)
                0x000000006000e8a8                strtod
 .text._svfprintf_r
                0x000000006000e8c4     0x1a14 /home/rowan/zephyr-sdk-0.17.0/arm-zephyr-eabi/arm-zephyr-eabi/lib/thumb/v7e-m/nofp/libc.a(lib_a-svfprintf.o)
                0x000000006000e8c4                _svfprintf_r
 .text.quorem   0x00000000600102d8      0x12c /home/rowan/zephyr-sdk-0.17.0/arm-zephyr-eabi/arm-zephyr-eabi/lib/thumb/v7e-m/nofp/libc.a(lib_a-dtoa.o)
 .text._malloc_trim_r
                0x0000000060010404       0x9c /home/rowan/zephyr-sdk-0.17.0/arm-zephyr-eabi/arm-zephyr-eabi/lib/thumb/v7e-m/nofp/libc.a(lib_a-freer.o)
                0x0000000060010404                _malloc_trim_r
 .text._free_r  0x00000000600104a0      0x1fc /home/rowan/zephyr-sdk-0.17.0/arm-zephyr-eabi/arm-zephyr-eabi/lib/thumb/v7e-m/nofp/libc.a(lib_a-freer.o)
                0x00000000600104a0                _free_r
 .text.rshift   0x000000006001069c       0xa4 /home/rowan/zephyr-sdk-0.17.0/arm-zephyr-eabi/arm-zephyr-eabi/lib/thumb/v7e-m/nofp/libc.a(lib_a-gdtoa-gethex.o)
 .text.__gethex
                0x0000000060010740      0x5e0 /home/rowan/zephyr-sdk-0.17.0/arm-zephyr-eabi/arm-zephyr-eabi/lib/thumb/v7e-m/nofp/libc.a(lib_a-gdtoa-gethex.o)
                0x0000000060010740                __gethex
 .text.__match  0x0000000060010d20       0x34 /home/rowan/zephyr-sdk-0.17.0/arm-zephyr-eabi/arm-zephyr-eabi/lib/thumb/v7e-m/nofp/libc.a(lib_a-gdtoa-hexnan.o)
                0x0000000060010d20                __match
 .text.__hexnan
                0x0000000060010d54      0x1cc /home/rowan/zephyr-sdk-0.17.0/arm-zephyr-eabi/arm-zephyr-eabi/lib/thumb/v7e-m/nofp/libc.a(lib_a-gdtoa-hexnan.o)
                0x0000000060010d54                __hexnan
 .text._localeconv_r
                0x0000000060010f20        0x8 /home/rowan/zephyr-sdk-0.17.0/arm-zephyr-eabi/arm-zephyr-eabi/lib/thumb/v7e-m/nofp/libc.a(lib_a-localeconv.o)
                0x0000000060010f20                _localeconv_r
 .text.__ascii_mbtowc
                0x0000000060010f28       0x2c /home/rowan/zephyr-sdk-0.17.0/arm-zephyr-eabi/arm-zephyr-eabi/lib/thumb/v7e-m/nofp/libc.a(lib_a-mbtowc_r.o)
                0x0000000060010f28                __ascii_mbtowc
 .text._Balloc  0x0000000060010f54       0x4c /home/rowan/zephyr-sdk-0.17.0/arm-zephyr-eabi/arm-zephyr-eabi/lib/thumb/v7e-m/nofp/libc.a(lib_a-mprec.o)
                0x0000000060010f54                _Balloc
 .text._Bfree   0x0000000060010fa0       0x14 /home/rowan/zephyr-sdk-0.17.0/arm-zephyr-eabi/arm-zephyr-eabi/lib/thumb/v7e-m/nofp/libc.a(lib_a-mprec.o)
                0x0000000060010fa0                _Bfree
 .text.__multadd
                0x0000000060010fb4       0xa0 /home/rowan/zephyr-sdk-0.17.0/arm-zephyr-eabi/arm-zephyr-eabi/lib/thumb/v7e-m/nofp/libc.a(lib_a-mprec.o)
                0x0000000060010fb4                __multadd
 .text.__s2b    0x0000000060011054       0xb0 /home/rowan/zephyr-sdk-0.17.0/arm-zephyr-eabi/arm-zephyr-eabi/lib/thumb/v7e-m/nofp/libc.a(lib_a-mprec.o)
                0x0000000060011054                __s2b
 .text.__hi0bits
                0x0000000060011104       0x44 /home/rowan/zephyr-sdk-0.17.0/arm-zephyr-eabi/arm-zephyr-eabi/lib/thumb/v7e-m/nofp/libc.a(lib_a-mprec.o)
                0x0000000060011104                __hi0bits
 .text.__lo0bits
                0x0000000060011148       0x60 /home/rowan/zephyr-sdk-0.17.0/arm-zephyr-eabi/arm-zephyr-eabi/lib/thumb/v7e-m/nofp/libc.a(lib_a-mprec.o)
                0x0000000060011148                __lo0bits
 .text.__i2b    0x00000000600111a8       0x5c /home/rowan/zephyr-sdk-0.17.0/arm-zephyr-eabi/arm-zephyr-eabi/lib/thumb/v7e-m/nofp/libc.a(lib_a-mprec.o)
                0x00000000600111a8                __i2b
 .text.__multiply
                0x0000000060011204      0x16c /home/rowan/zephyr-sdk-0.17.0/arm-zephyr-eabi/arm-zephyr-eabi/lib/thumb/v7e-m/nofp/libc.a(lib_a-mprec.o)
                0x0000000060011204                __multiply
 .text.__pow5mult
                0x0000000060011370       0xb4 /home/rowan/zephyr-sdk-0.17.0/arm-zephyr-eabi/arm-zephyr-eabi/lib/thumb/v7e-m/nofp/libc.a(lib_a-mprec.o)
                0x0000000060011370                __pow5mult
 .text.__lshift
                0x0000000060011424       0xf0 /home/rowan/zephyr-sdk-0.17.0/arm-zephyr-eabi/arm-zephyr-eabi/lib/thumb/v7e-m/nofp/libc.a(lib_a-mprec.o)
                0x0000000060011424                __lshift
 .text.__mcmp   0x0000000060011514       0x40 /home/rowan/zephyr-sdk-0.17.0/arm-zephyr-eabi/arm-zephyr-eabi/lib/thumb/v7e-m/nofp/libc.a(lib_a-mprec.o)
                0x0000000060011514                __mcmp
 .text.__mdiff  0x0000000060011554      0x164 /home/rowan/zephyr-sdk-0.17.0/arm-zephyr-eabi/arm-zephyr-eabi/lib/thumb/v7e-m/nofp/libc.a(lib_a-mprec.o)
                0x0000000060011554                __mdiff
 .text.__ulp    0x00000000600116b8       0x4c /home/rowan/zephyr-sdk-0.17.0/arm-zephyr-eabi/arm-zephyr-eabi/lib/thumb/v7e-m/nofp/libc.a(lib_a-mprec.o)
                0x00000000600116b8                __ulp
 .text.__b2d    0x0000000060011704       0xc0 /home/rowan/zephyr-sdk-0.17.0/arm-zephyr-eabi/arm-zephyr-eabi/lib/thumb/v7e-m/nofp/libc.a(lib_a-mprec.o)
                0x0000000060011704                __b2d
 .text.__d2b    0x00000000600117c4       0xbc /home/rowan/zephyr-sdk-0.17.0/arm-zephyr-eabi/arm-zephyr-eabi/lib/thumb/v7e-m/nofp/libc.a(lib_a-mprec.o)
                0x00000000600117c4                __d2b
 .text.__ratio  0x0000000060011880       0x54 /home/rowan/zephyr-sdk-0.17.0/arm-zephyr-eabi/arm-zephyr-eabi/lib/thumb/v7e-m/nofp/libc.a(lib_a-mprec.o)
                0x0000000060011880                __ratio
 .text.__copybits
                0x00000000600118d4       0x5c /home/rowan/zephyr-sdk-0.17.0/arm-zephyr-eabi/arm-zephyr-eabi/lib/thumb/v7e-m/nofp/libc.a(lib_a-mprec.o)
                0x00000000600118d4                __copybits
 .text.__any_on
                0x0000000060011930       0x58 /home/rowan/zephyr-sdk-0.17.0/arm-zephyr-eabi/arm-zephyr-eabi/lib/thumb/v7e-m/nofp/libc.a(lib_a-mprec.o)
                0x0000000060011930                __any_on
 .text.frexp    0x0000000060011988       0x70 /home/rowan/zephyr-sdk-0.17.0/arm-zephyr-eabi/arm-zephyr-eabi/lib/thumb/v7e-m/nofp/libc.a(lib_a-s_frexp.o)
                0x0000000060011988                frexp
 .text.nan      0x00000000600119f8        0xc /home/rowan/zephyr-sdk-0.17.0/arm-zephyr-eabi/arm-zephyr-eabi/lib/thumb/v7e-m/nofp/libc.a(lib_a-s_nan.o)
                0x00000000600119f8                nan
 .text.strncmp  0x0000000060011a04       0x84 /home/rowan/zephyr-sdk-0.17.0/arm-zephyr-eabi/arm-zephyr-eabi/lib/thumb/v7e-m/nofp/libc.a(lib_a-strncmp.o)
                0x0000000060011a04                strncmp
 .text.__ssprint_r
                0x0000000060011a88      0x108 /home/rowan/zephyr-sdk-0.17.0/arm-zephyr-eabi/arm-zephyr-eabi/lib/thumb/v7e-m/nofp/libc.a(lib_a-svfiprintf.o)
                0x0000000060011a88                __ssprint_r
 .text.__ascii_wctomb
                0x0000000060011b90       0x1c /home/rowan/zephyr-sdk-0.17.0/arm-zephyr-eabi/arm-zephyr-eabi/lib/thumb/v7e-m/nofp/libc.a(lib_a-wctomb_r.o)
                0x0000000060011b90                __ascii_wctomb
 .text.__assert_func
                0x0000000060011bac       0x40 /home/rowan/zephyr-sdk-0.17.0/arm-zephyr-eabi/arm-zephyr-eabi/lib/thumb/v7e-m/nofp/libc.a(lib_a-assert.o)
                0x0000000060011bac                __assert_func
 .text._calloc_r
                0x0000000060011bec       0x60 /home/rowan/zephyr-sdk-0.17.0/arm-zephyr-eabi/arm-zephyr-eabi/lib/thumb/v7e-m/nofp/libc.a(lib_a-callocr.o)
                0x0000000060011bec                _calloc_r
 .text.fiprintf
                0x0000000060011c4c       0x28 /home/rowan/zephyr-sdk-0.17.0/arm-zephyr-eabi/arm-zephyr-eabi/lib/thumb/v7e-m/nofp/libc.a(lib_a-fiprintf.o)
                0x0000000060011c4c                fiprintf
 .text.memmove  0x0000000060011c74      0x100 /home/rowan/zephyr-sdk-0.17.0/arm-zephyr-eabi/arm-zephyr-eabi/lib/thumb/v7e-m/nofp/libc.a(lib_a-memmove.o)
                0x0000000060011c74                memmove
 .text._realloc_r
                0x0000000060011d74      0x344 /home/rowan/zephyr-sdk-0.17.0/arm-zephyr-eabi/arm-zephyr-eabi/lib/thumb/v7e-m/nofp/libc.a(lib_a-reallocr.o)
                0x0000000060011d74                _realloc_r
 .text._vfiprintf_r
                0x00000000600120b8      0xd98 /home/rowan/zephyr-sdk-0.17.0/arm-zephyr-eabi/arm-zephyr-eabi/lib/thumb/v7e-m/nofp/libc.a(lib_a-vfiprintf.o)
                0x00000000600120b8                _vfiprintf_r
 .text.__sbprintf
                0x0000000060012e50       0x80 /home/rowan/zephyr-sdk-0.17.0/arm-zephyr-eabi/arm-zephyr-eabi/lib/thumb/v7e-m/nofp/libc.a(lib_a-vfiprintf.o)
 .text.__swsetup_r
                0x0000000060012ed0       0xc4 /home/rowan/zephyr-sdk-0.17.0/arm-zephyr-eabi/arm-zephyr-eabi/lib/thumb/v7e-m/nofp/libc.a(lib_a-wsetup.o)
                0x0000000060012ed0                __swsetup_r
 .text.__sflush_r
                0x0000000060012f94      0x110 /home/rowan/zephyr-sdk-0.17.0/arm-zephyr-eabi/arm-zephyr-eabi/lib/thumb/v7e-m/nofp/libc.a(lib_a-fflush.o)
                0x0000000060012f94                __sflush_r
 .text._fflush_r
                0x00000000600130a4       0x5c /home/rowan/zephyr-sdk-0.17.0/arm-zephyr-eabi/arm-zephyr-eabi/lib/thumb/v7e-m/nofp/libc.a(lib_a-fflush.o)
                0x00000000600130a4                _fflush_r
 .text._cleanup_r
                0x0000000060013100        0xc /home/rowan/zephyr-sdk-0.17.0/arm-zephyr-eabi/arm-zephyr-eabi/lib/thumb/v7e-m/nofp/libc.a(lib_a-findfp.o)
                0x0000000060013100                _cleanup_r
 .text.__sinit  0x000000006001310c      0x10c /home/rowan/zephyr-sdk-0.17.0/arm-zephyr-eabi/arm-zephyr-eabi/lib/thumb/v7e-m/nofp/libc.a(lib_a-findfp.o)
                0x000000006001310c                __sinit
 .text.__sfvwrite_r
                0x0000000060013218      0x2f8 /home/rowan/zephyr-sdk-0.17.0/arm-zephyr-eabi/arm-zephyr-eabi/lib/thumb/v7e-m/nofp/libc.a(lib_a-fvwrite.o)
                0x0000000060013218                __sfvwrite_r
 .text._fwalk_reent
                0x0000000060013510       0x48 /home/rowan/zephyr-sdk-0.17.0/arm-zephyr-eabi/arm-zephyr-eabi/lib/thumb/v7e-m/nofp/libc.a(lib_a-fwalk.o)
                0x0000000060013510                _fwalk_reent
 .text.__smakebuf_r
                0x0000000060013558       0xc4 /home/rowan/zephyr-sdk-0.17.0/arm-zephyr-eabi/arm-zephyr-eabi/lib/thumb/v7e-m/nofp/libc.a(lib_a-makebuf.o)
                0x0000000060013558                __smakebuf_r
 .text.__sread  0x000000006001361c       0x24 /home/rowan/zephyr-sdk-0.17.0/arm-zephyr-eabi/arm-zephyr-eabi/lib/thumb/v7e-m/nofp/libc.a(lib_a-stdio.o)
                0x000000006001361c                __sread
 .text.__swrite
                0x0000000060013640       0x40 /home/rowan/zephyr-sdk-0.17.0/arm-zephyr-eabi/arm-zephyr-eabi/lib/thumb/v7e-m/nofp/libc.a(lib_a-stdio.o)
                0x0000000060013640                __swrite
 .text.__sseek  0x0000000060013680       0x24 /home/rowan/zephyr-sdk-0.17.0/arm-zephyr-eabi/arm-zephyr-eabi/lib/thumb/v7e-m/nofp/libc.a(lib_a-stdio.o)
                0x0000000060013680                __sseek
 .text.__sclose
                0x00000000600136a4        0x8 /home/rowan/zephyr-sdk-0.17.0/arm-zephyr-eabi/arm-zephyr-eabi/lib/thumb/v7e-m/nofp/libc.a(lib_a-stdio.o)
                0x00000000600136a4                __sclose
 .text._write_r
                0x00000000600136ac       0x2c /home/rowan/zephyr-sdk-0.17.0/arm-zephyr-eabi/arm-zephyr-eabi/lib/thumb/v7e-m/nofp/libc.a(lib_a-writer.o)
                0x00000000600136ac                _write_r
 .text._close_r
                0x00000000600136d8       0x24 /home/rowan/zephyr-sdk-0.17.0/arm-zephyr-eabi/arm-zephyr-eabi/lib/thumb/v7e-m/nofp/libc.a(lib_a-closer.o)
                0x00000000600136d8                _close_r
 .text._fstat_r
                0x00000000600136fc       0x2c /home/rowan/zephyr-sdk-0.17.0/arm-zephyr-eabi/arm-zephyr-eabi/lib/thumb/v7e-m/nofp/libc.a(lib_a-fstatr.o)
                0x00000000600136fc                _fstat_r
 .text._isatty_r
                0x0000000060013728       0x24 /home/rowan/zephyr-sdk-0.17.0/arm-zephyr-eabi/arm-zephyr-eabi/lib/thumb/v7e-m/nofp/libc.a(lib_a-isattyr.o)
                0x0000000060013728                _isatty_r
 .text._lseek_r
                0x000000006001374c       0x2c /home/rowan/zephyr-sdk-0.17.0/arm-zephyr-eabi/arm-zephyr-eabi/lib/thumb/v7e-m/nofp/libc.a(lib_a-lseekr.o)
                0x000000006001374c                _lseek_r
 .text._read_r  0x0000000060013778       0x2c /home/rowan/zephyr-sdk-0.17.0/arm-zephyr-eabi/arm-zephyr-eabi/lib/thumb/v7e-m/nofp/libc.a(lib_a-readr.o)
                0x0000000060013778                _read_r
 .text._OffsetAbsSyms
                0x00000000600137a4        0x2 zephyr/CMakeFiles/offsets.dir/./arch/arm/core/offsets/offsets.c.obj
                0x00000000600137a4                _OffsetAbsSyms
 .text.gpio_pin_configure
                0x00000000600137a6       0x18 app/libapp.a(Axis.cpp.obj)
 .text.uart_irq_tx_enable
                0x00000000600137be        0xa app/libapp.a(main.cpp.obj)
 .text.k_timer_start
                0x00000000600137c8       0x10 app/libapp.a(main.cpp.obj)
 .text.uart_line_ctrl_get.isra.0
                0x00000000600137d8        0xa app/libapp.a(main.cpp.obj)
 .text.k_sleep.isra.0
                0x00000000600137e2        0x4 app/libapp.a(main.cpp.obj)
 .text._Z21pos_or_negative_floatf
                0x00000000600137e6       0x22 app/libapp.a(main.cpp.obj)
                0x00000000600137e6                pos_or_negative_float(float)
 .text._Z22stepAll_timer_callbackP7k_timer
                0x0000000060013808       0x12 app/libapp.a(main.cpp.obj)
                0x0000000060013808                stepAll_timer_callback(k_timer*)
 .text.chunk_size
                0x000000006001381a        0xa zephyr/libzephyr.a(heap.c.obj)
 .text.free_list_add
                0x0000000060013824       0x4e zephyr/libzephyr.a(heap.c.obj)
 .text.free_list_remove_bidx
                0x0000000060013872       0x3a zephyr/libzephyr.a(heap.c.obj)
 .text.free_list_remove
                0x00000000600138ac       0x1a zephyr/libzephyr.a(heap.c.obj)
 .text.alloc_chunk
                0x00000000600138c6       0x6e zephyr/libzephyr.a(heap.c.obj)
 .text.merge_chunks
                0x0000000060013934       0x2c zephyr/libzephyr.a(heap.c.obj)
 .text.split_chunks
                0x0000000060013960       0x34 zephyr/libzephyr.a(heap.c.obj)
 .text.free_chunk
                0x0000000060013994       0x62 zephyr/libzephyr.a(heap.c.obj)
 .text.sys_heap_free
                0x00000000600139f6       0x1e zephyr/libzephyr.a(heap.c.obj)
                0x00000000600139f6                sys_heap_free
 .text.sys_heap_alloc
                0x0000000060013a14       0x52 zephyr/libzephyr.a(heap.c.obj)
                0x0000000060013a14                sys_heap_alloc
 .text.sys_heap_aligned_alloc
                0x0000000060013a66       0xd2 zephyr/libzephyr.a(heap.c.obj)
                0x0000000060013a66                sys_heap_aligned_alloc
 .text.sys_heap_init
                0x0000000060013b38       0x7a zephyr/libzephyr.a(heap.c.obj)
                0x0000000060013b38                sys_heap_init
 .text.cbpprintf_external
                0x0000000060013bb2       0x62 zephyr/libzephyr.a(cbprintf_packaged.c.obj)
                0x0000000060013bb2                cbpprintf_external
 .text.is_ptr   0x0000000060013c14       0x4a zephyr/libzephyr.a(cbprintf_packaged.c.obj)
                0x0000000060013c14                is_ptr
 .text.arch_printk_char_out
                0x0000000060013c5e        0x4 zephyr/libzephyr.a(printk.c.obj)
                0x0000000060013c5e                arch_printk_char_out
 .text.str_out  0x0000000060013c62       0x24 zephyr/libzephyr.a(printk.c.obj)
 .text.printk   0x0000000060013c86       0x1a zephyr/libzephyr.a(printk.c.obj)
                0x0000000060013c86                printk
 .text.snprintk
                0x0000000060013ca0       0x1a zephyr/libzephyr.a(printk.c.obj)
                0x0000000060013ca0                snprintk
 .text.z_thread_entry
                0x0000000060013cba       0x14 zephyr/libzephyr.a(thread_entry.c.obj)
                0x0000000060013cba                z_thread_entry
 .text.outs     0x0000000060013cce       0x2e zephyr/libzephyr.a(cbprintf_complete.c.obj)
 .text.free_space
                0x0000000060013cfc       0x26 zephyr/libzephyr.a(mpsc_pbuf.c.obj)
 .text.get_usage
                0x0000000060013d22       0x22 zephyr/libzephyr.a(mpsc_pbuf.c.obj)
 .text.idx_inc  0x0000000060013d44       0x1c zephyr/libzephyr.a(mpsc_pbuf.c.obj)
 .text.rd_idx_inc
                0x0000000060013d60       0x18 zephyr/libzephyr.a(mpsc_pbuf.c.obj)
 .text.add_skip_item
                0x0000000060013d78       0x3a zephyr/libzephyr.a(mpsc_pbuf.c.obj)
 .text.drop_item_locked
                0x0000000060013db2       0xee zephyr/libzephyr.a(mpsc_pbuf.c.obj)
 .text.post_drop_action
                0x0000000060013ea0       0x36 zephyr/libzephyr.a(mpsc_pbuf.c.obj)
 .text.max_utilization_update
                0x0000000060013ed6       0x1a zephyr/libzephyr.a(mpsc_pbuf.c.obj)
 .text.mpsc_pbuf_init
                0x0000000060013ef0       0x42 zephyr/libzephyr.a(mpsc_pbuf.c.obj)
                0x0000000060013ef0                mpsc_pbuf_init
 .text.mpsc_pbuf_alloc
                0x0000000060013f32       0xf8 zephyr/libzephyr.a(mpsc_pbuf.c.obj)
                0x0000000060013f32                mpsc_pbuf_alloc
 .text.mpsc_pbuf_commit
                0x000000006001402a       0x3e zephyr/libzephyr.a(mpsc_pbuf.c.obj)
                0x000000006001402a                mpsc_pbuf_commit
 .text.mpsc_pbuf_claim
                0x0000000060014068       0xa8 zephyr/libzephyr.a(mpsc_pbuf.c.obj)
                0x0000000060014068                mpsc_pbuf_claim
 .text.mpsc_pbuf_free
                0x0000000060014110       0x76 zephyr/libzephyr.a(mpsc_pbuf.c.obj)
                0x0000000060014110                mpsc_pbuf_free
 .text.mpsc_pbuf_is_pending
                0x0000000060014186       0x32 zephyr/libzephyr.a(mpsc_pbuf.c.obj)
                0x0000000060014186                mpsc_pbuf_is_pending
 .text.ring_buf_put_claim
                0x00000000600141b8       0x40 zephyr/libzephyr.a(ring_buffer.c.obj)
                0x00000000600141b8                ring_buf_put_claim
 .text.ring_buf_put_finish
                0x00000000600141f8       0x2a zephyr/libzephyr.a(ring_buffer.c.obj)
                0x00000000600141f8                ring_buf_put_finish
 .text.ring_buf_put
                0x0000000060014222       0x3e zephyr/libzephyr.a(ring_buffer.c.obj)
                0x0000000060014222                ring_buf_put
 .text.ring_buf_get_claim
                0x0000000060014260       0x3e zephyr/libzephyr.a(ring_buffer.c.obj)
                0x0000000060014260                ring_buf_get_claim
 .text.ring_buf_get_finish
                0x000000006001429e       0x2a zephyr/libzephyr.a(ring_buffer.c.obj)
                0x000000006001429e                ring_buf_get_finish
 .text.ring_buf_get
                0x00000000600142c8       0x40 zephyr/libzephyr.a(ring_buffer.c.obj)
                0x00000000600142c8                ring_buf_get
 .text._ConfigAbsSyms
                0x0000000060014308        0x2 zephyr/libzephyr.a(configs.c.obj)
                0x0000000060014308                _ConfigAbsSyms
 .text.log_msg_generic_get_wlen
                0x000000006001430a       0x20 zephyr/libzephyr.a(log_core.c.obj)
 .text.dummy_timestamp
                0x000000006001432a        0x4 zephyr/libzephyr.a(log_core.c.obj)
 .text.atomic_inc
                0x000000006001432e       0x1a zephyr/libzephyr.a(log_core.c.obj)
 .text.default_lf_get_timestamp
                0x0000000060014348       0x10 zephyr/libzephyr.a(log_core.c.obj)
 .text.z_log_vprintk
                0x0000000060014358       0x1c zephyr/libzephyr.a(log_core.c.obj)
                0x0000000060014358                z_log_vprintk
 .text.z_log_notify_drop
                0x0000000060014374        0x6 zephyr/libzephyr.a(log_core.c.obj)
 .text.z_log_get_tag
                0x000000006001437a        0x4 zephyr/libzephyr.a(log_core.c.obj)
                0x000000006001437a                z_log_get_tag
 .text.z_cbprintf_cpy
                0x000000006001437e       0x2c zephyr/libzephyr.a(log_msg.c.obj)
 .text.z_log_msg_finalize
                0x00000000600143aa       0x32 zephyr/libzephyr.a(log_msg.c.obj)
                0x00000000600143aa                z_log_msg_finalize
 .text.z_log_msg_simple_create
                0x00000000600143dc       0x6e zephyr/libzephyr.a(log_msg.c.obj)
 .text.z_impl_z_log_msg_simple_create_0
                0x000000006001444a       0x12 zephyr/libzephyr.a(log_msg.c.obj)
                0x000000006001444a                z_impl_z_log_msg_simple_create_0
 .text.z_impl_z_log_msg_simple_create_1
                0x000000006001445c       0x14 zephyr/libzephyr.a(log_msg.c.obj)
                0x000000006001445c                z_impl_z_log_msg_simple_create_1
 .text.z_impl_z_log_msg_simple_create_2
                0x0000000060014470       0x18 zephyr/libzephyr.a(log_msg.c.obj)
                0x0000000060014470                z_impl_z_log_msg_simple_create_2
 .text.log_output_write
                0x0000000060014488       0x1c zephyr/libzephyr.a(log_output.c.obj)
 .text.log_output_flush
                0x00000000600144a4       0x1a zephyr/libzephyr.a(log_output.c.obj)
 .text.cbvprintf
                0x00000000600144be        0xe zephyr/libzephyr.a(log_output.c.obj)
 .text.out_func
                0x00000000600144cc       0x36 zephyr/libzephyr.a(log_output.c.obj)
 .text.cr_out_func
                0x0000000060014502       0x1c zephyr/libzephyr.a(log_output.c.obj)
 .text.log_output_msg_process
                0x000000006001451e       0x6c zephyr/libzephyr.a(log_output.c.obj)
                0x000000006001451e                log_output_msg_process
 .text.format_set
                0x000000006001458a        0xc zephyr/libzephyr.a(log_backend_uart.c.obj)
 .text.log_backend_uart_init
                0x0000000060014596        0xc zephyr/libzephyr.a(log_backend_uart.c.obj)
 .text.panic    0x00000000600145a2       0x32 zephyr/libzephyr.a(log_backend_uart.c.obj)
 .text.dropped  0x00000000600145d4        0xa zephyr/libzephyr.a(log_backend_uart.c.obj)
 .text.process  0x00000000600145de       0x1e zephyr/libzephyr.a(log_backend_uart.c.obj)
 .text.get_ep_bm_from_addr
                0x00000000600145fc       0x1e zephyr/libzephyr.a(usb_device.c.obj)
 .text.usb_write
                0x000000006001461a       0x30 zephyr/libzephyr.a(usb_device.c.obj)
                0x000000006001461a                usb_write
 .text.usb_get_dev_data_by_cfg
                0x000000006001464a       0x16 zephyr/libzephyr.a(usb_descriptor.c.obj)
                0x000000006001464a                usb_get_dev_data_by_cfg
 .text.usb_get_dev_data_by_iface
                0x0000000060014660       0x1a zephyr/libzephyr.a(usb_descriptor.c.obj)
                0x0000000060014660                usb_get_dev_data_by_iface
 .text.usb_get_dev_data_by_ep
                0x000000006001467a       0x2c zephyr/libzephyr.a(usb_descriptor.c.obj)
                0x000000006001467a                usb_get_dev_data_by_ep
 .text.usb_transfer_is_busy
                0x00000000600146a6       0x16 zephyr/libzephyr.a(usb_transfer.c.obj)
                0x00000000600146a6                usb_transfer_is_busy
 .text.cdc_interface_config
                0x00000000600146bc       0x14 zephyr/libzephyr.a(cdc_acm.c.obj)
 .text.cdc_acm_irq_callback_work_handler
                0x00000000600146d0        0xa zephyr/libzephyr.a(cdc_acm.c.obj)
 .text.cdc_acm_irq_tx_disable
                0x00000000600146da        0xa zephyr/libzephyr.a(cdc_acm.c.obj)
 .text.cdc_acm_irq_tx_ready
                0x00000000600146e4       0x1e zephyr/libzephyr.a(cdc_acm.c.obj)
 .text.cdc_acm_irq_rx_disable
                0x0000000060014702        0xa zephyr/libzephyr.a(cdc_acm.c.obj)
 .text.cdc_acm_irq_rx_ready
                0x000000006001470c        0xe zephyr/libzephyr.a(cdc_acm.c.obj)
 .text.cdc_acm_irq_is_pending
                0x000000006001471a       0x1c zephyr/libzephyr.a(cdc_acm.c.obj)
 .text.cdc_acm_irq_callback_set
                0x0000000060014736        0x8 zephyr/libzephyr.a(cdc_acm.c.obj)
 .text.cdc_acm_line_ctrl_get
                0x000000006001473e       0x32 zephyr/libzephyr.a(cdc_acm.c.obj)
 .text.cdc_acm_configure
                0x0000000060014770       0x18 zephyr/libzephyr.a(cdc_acm.c.obj)
 .text.cdc_acm_config_get
                0x0000000060014788       0x5c zephyr/libzephyr.a(cdc_acm.c.obj)
 .text.cdc_acm_line_ctrl_set
                0x00000000600147e4       0xbe zephyr/libzephyr.a(cdc_acm.c.obj)
 .text.cdc_acm_fifo_read
                0x00000000600148a2       0x48 zephyr/libzephyr.a(cdc_acm.c.obj)
 .text.cdc_acm_poll_in
                0x00000000600148ea       0x12 zephyr/libzephyr.a(cdc_acm.c.obj)
 .text.cdc_acm_irq_update
                0x00000000600148fc       0x2e zephyr/libzephyr.a(cdc_acm.c.obj)
 .text.z_do_kernel_oops
                0x000000006001492a        0x8 zephyr/arch/arch/arm/core/libarch__arm__core.a(fatal.c.obj)
                0x000000006001492a                z_do_kernel_oops
 .text.z_arm_nmi
                0x0000000060014932        0xe zephyr/arch/arch/arm/core/libarch__arm__core.a(nmi.c.obj)
                0x0000000060014932                z_arm_nmi
 .text.z_log_msg_simple_create_0.constprop.0
                0x0000000060014940        0x8 zephyr/arch/arch/arm/core/cortex_m/libarch__arm__core__cortex_m.a(fault.c.obj)
 .text.z_irq_spurious
                0x0000000060014948        0x8 zephyr/arch/arch/arm/core/cortex_m/libarch__arm__core__cortex_m.a(irq_manage.c.obj)
                0x0000000060014948                z_irq_spurious
 .text.arch_irq_unlock_outlined
                0x0000000060014950        0xe zephyr/arch/arch/arm/core/cortex_m/libarch__arm__core__cortex_m.a(thread.c.obj)
                0x0000000060014950                arch_irq_unlock_outlined
 .text.arch_cpu_idle
                0x000000006001495e       0x1a zephyr/arch/arch/arm/core/cortex_m/libarch__arm__core__cortex_m.a(cpu_idle.c.obj)
                0x000000006001495e                arch_cpu_idle
 .text.arch_cache_init
                0x0000000060014978        0x2 zephyr/arch/arch/arm/core/cortex_m/libarch__arm__core__cortex_m.a(cache.c.obj)
                0x0000000060014978                arch_cache_init
 .text.size_to_mpu_rasr_size
                0x000000006001497a       0x20 zephyr/arch/arch/arm/core/mpu/libarch__arm__core__mpu.a(arm_mpu.c.obj)
 .text._stdin_hook_default
                0x000000006001499a        0x4 zephyr/lib/libc/newlib/liblib__libc__newlib.a(libc-hooks.c.obj)
 .text._stdout_hook_default
                0x000000006001499e        0x6 zephyr/lib/libc/newlib/liblib__libc__newlib.a(libc-hooks.c.obj)
 .text.malloc_prepare
                0x00000000600149a4        0x4 zephyr/lib/libc/newlib/liblib__libc__newlib.a(libc-hooks.c.obj)
 .text._read    0x00000000600149a8        0x8 zephyr/lib/libc/newlib/liblib__libc__newlib.a(libc-hooks.c.obj)
                0x00000000600149a8                read
                0x00000000600149a8                _read
 .text._write   0x00000000600149b0        0x8 zephyr/lib/libc/newlib/liblib__libc__newlib.a(libc-hooks.c.obj)
                0x00000000600149b0                write
                0x00000000600149b0                _write
 .text._close   0x00000000600149b8        0x6 zephyr/lib/libc/newlib/liblib__libc__newlib.a(libc-hooks.c.obj)
                0x00000000600149b8                close
                0x00000000600149b8                _close
 .text._lseek   0x00000000600149be        0x4 zephyr/lib/libc/newlib/liblib__libc__newlib.a(libc-hooks.c.obj)
                0x00000000600149be                lseek
                0x00000000600149be                _lseek
 .text._isatty  0x00000000600149c2        0xa zephyr/lib/libc/newlib/liblib__libc__newlib.a(libc-hooks.c.obj)
                0x00000000600149c2                isatty
                0x00000000600149c2                _isatty
 .text._fstat   0x00000000600149cc        0xa zephyr/lib/libc/newlib/liblib__libc__newlib.a(libc-hooks.c.obj)
                0x00000000600149cc                _fstat
                0x00000000600149cc                fstat
 .text.__retarget_lock_init_recursive
                0x00000000600149d6       0x14 zephyr/lib/libc/newlib/liblib__libc__newlib.a(libc-hooks.c.obj)
                0x00000000600149d6                __retarget_lock_init_recursive
 .text.__retarget_lock_close_recursive
                0x00000000600149ea        0x4 zephyr/lib/libc/newlib/liblib__libc__newlib.a(libc-hooks.c.obj)
                0x00000000600149ea                __retarget_lock_close_recursive
 .text.__retarget_lock_acquire_recursive
                0x00000000600149ee        0xc zephyr/lib/libc/newlib/liblib__libc__newlib.a(libc-hooks.c.obj)
                0x00000000600149ee                __retarget_lock_acquire_recursive
 .text.__retarget_lock_release_recursive
                0x00000000600149fa        0x4 zephyr/lib/libc/newlib/liblib__libc__newlib.a(libc-hooks.c.obj)
                0x00000000600149fa                __retarget_lock_release_recursive
 .text.z_log_msg_simple_create_0.constprop.0
                0x00000000600149fe        0x8 zephyr/drivers/usb/device/libdrivers__usb__device.a(usb_dc_mcux.c.obj)
 .text.usb_dc_ep_read
                0x0000000060014a06       0x1e zephyr/drivers/usb/device/libdrivers__usb__device.a(usb_dc_mcux.c.obj)
                0x0000000060014a06                usb_dc_ep_read
 .text.mcux_ccm_on
                0x0000000060014a24        0x4 zephyr/drivers/clock_control/libdrivers__clock_control.a(clock_control_mcux_ccm.c.obj)
 .text.mcux_ccm_set_subsys_rate
                0x0000000060014a28        0x6 zephyr/drivers/clock_control/libdrivers__clock_control.a(clock_control_mcux_ccm.c.obj)
 .text.mcux_ccm_init
                0x0000000060014a2e        0x4 zephyr/drivers/clock_control/libdrivers__clock_control.a(clock_control_mcux_ccm.c.obj)
 .text.mcux_ccm_off
                0x0000000060014a32        0x4 zephyr/drivers/clock_control/libdrivers__clock_control.a(clock_control_mcux_ccm.c.obj)
 .text.mcux_igpio_port_get_raw
                0x0000000060014a36        0xc zephyr/drivers/gpio/libdrivers__gpio.a(gpio_mcux_igpio.c.obj)
 .text.mcux_igpio_port_set_masked_raw
                0x0000000060014a42       0x12 zephyr/drivers/gpio/libdrivers__gpio.a(gpio_mcux_igpio.c.obj)
 .text.mcux_igpio_port_set_bits_raw
                0x0000000060014a54        0xc zephyr/drivers/gpio/libdrivers__gpio.a(gpio_mcux_igpio.c.obj)
 .text.mcux_igpio_port_clear_bits_raw
                0x0000000060014a60        0xc zephyr/drivers/gpio/libdrivers__gpio.a(gpio_mcux_igpio.c.obj)
 .text.mcux_igpio_port_toggle_bits
                0x0000000060014a6c        0xc zephyr/drivers/gpio/libdrivers__gpio.a(gpio_mcux_igpio.c.obj)
 .text.mcux_igpio_pin_interrupt_configure
                0x0000000060014a78       0xd6 zephyr/drivers/gpio/libdrivers__gpio.a(gpio_mcux_igpio.c.obj)
 .text.mcux_igpio_manage_callback
                0x0000000060014b4e       0x52 zephyr/drivers/gpio/libdrivers__gpio.a(gpio_mcux_igpio.c.obj)
 .text.mcux_igpio_5_init
                0x0000000060014ba0        0x4 zephyr/drivers/gpio/libdrivers__gpio.a(gpio_mcux_igpio.c.obj)
 .text.mcux_igpio_configure
                0x0000000060014ba4       0xdc zephyr/drivers/gpio/libdrivers__gpio.a(gpio_mcux_igpio.c.obj)
 .text.mcux_igpio_0_init